<!doctype html public "-//w3c//dtd html 4.0 transitional//en">
<html><head>
<title>Static Call Graph - [.\Objects\ncontroller.axf]</title></head>
<body><HR>
<H1>Static Call Graph for image .\Objects\ncontroller.axf</H1><HR>
<BR><P>#&#060CALLGRAPH&#062# ARM Linker, 6190004: Last Updated: Wed May 21 17:17:58 2025
<BR><P>
<H3>Maximum Stack Usage =        368 bytes + Unknown(Cycles, Untraceable Function Pointers)</H3><H3>
Call chain for Maximum Stack Depth:</H3>
__rt_entry_main &rArr; main &rArr; Oled_Show &rArr; OLED_ShowFloatNum &rArr; OLED_ShowNum &rArr; OLED_ShowChar &rArr; OLED_ShowImage &rArr; OLED_ClearArea
<P>
<H3>
Mutually Recursive functions
</H3> <LI><a href="#[1]">NMI_Handler</a>&nbsp;&nbsp;&nbsp;&rArr;&nbsp;&nbsp;&nbsp;<a href="#[1]">NMI_Handler</a><BR>
 <LI><a href="#[2]">HardFault_Handler</a>&nbsp;&nbsp;&nbsp;&rArr;&nbsp;&nbsp;&nbsp;<a href="#[2]">HardFault_Handler</a><BR>
 <LI><a href="#[3]">SVC_Handler</a>&nbsp;&nbsp;&nbsp;&rArr;&nbsp;&nbsp;&nbsp;<a href="#[3]">SVC_Handler</a><BR>
 <LI><a href="#[4]">PendSV_Handler</a>&nbsp;&nbsp;&nbsp;&rArr;&nbsp;&nbsp;&nbsp;<a href="#[4]">PendSV_Handler</a><BR>
 <LI><a href="#[5]">SysTick_Handler</a>&nbsp;&nbsp;&nbsp;&rArr;&nbsp;&nbsp;&nbsp;<a href="#[5]">SysTick_Handler</a><BR>
</UL>
<P>
<H3>
Function Pointers
</H3><UL>
 <LI><a href="#[a]">ADC0_IRQHandler</a> from startup_mspm0g350x_uvision.o(.text) referenced from startup_mspm0g350x_uvision.o(RESET)
 <LI><a href="#[b]">ADC1_IRQHandler</a> from startup_mspm0g350x_uvision.o(.text) referenced from startup_mspm0g350x_uvision.o(RESET)
 <LI><a href="#[1b]">AES_IRQHandler</a> from startup_mspm0g350x_uvision.o(.text) referenced from startup_mspm0g350x_uvision.o(RESET)
 <LI><a href="#[c]">CANFD0_IRQHandler</a> from startup_mspm0g350x_uvision.o(.text) referenced from startup_mspm0g350x_uvision.o(RESET)
 <LI><a href="#[d]">DAC0_IRQHandler</a> from startup_mspm0g350x_uvision.o(.text) referenced from startup_mspm0g350x_uvision.o(RESET)
 <LI><a href="#[1d]">DMA_IRQHandler</a> from startup_mspm0g350x_uvision.o(.text) referenced from startup_mspm0g350x_uvision.o(RESET)
 <LI><a href="#[6]">GROUP0_IRQHandler</a> from startup_mspm0g350x_uvision.o(.text) referenced from startup_mspm0g350x_uvision.o(RESET)
 <LI><a href="#[7]">GROUP1_IRQHandler</a> from encoder.o(.text.GROUP1_IRQHandler) referenced from startup_mspm0g350x_uvision.o(RESET)
 <LI><a href="#[2]">HardFault_Handler</a> from startup_mspm0g350x_uvision.o(.text) referenced from startup_mspm0g350x_uvision.o(RESET)
 <LI><a href="#[19]">I2C0_IRQHandler</a> from startup_mspm0g350x_uvision.o(.text) referenced from startup_mspm0g350x_uvision.o(RESET)
 <LI><a href="#[1a]">I2C1_IRQHandler</a> from startup_mspm0g350x_uvision.o(.text) referenced from startup_mspm0g350x_uvision.o(RESET)
 <LI><a href="#[1]">NMI_Handler</a> from startup_mspm0g350x_uvision.o(.text) referenced from startup_mspm0g350x_uvision.o(RESET)
 <LI><a href="#[4]">PendSV_Handler</a> from startup_mspm0g350x_uvision.o(.text) referenced from startup_mspm0g350x_uvision.o(RESET)
 <LI><a href="#[1c]">RTC_IRQHandler</a> from startup_mspm0g350x_uvision.o(.text) referenced from startup_mspm0g350x_uvision.o(RESET)
 <LI><a href="#[0]">Reset_Handler</a> from startup_mspm0g350x_uvision.o(.text) referenced from startup_mspm0g350x_uvision.o(RESET)
 <LI><a href="#[e]">SPI0_IRQHandler</a> from startup_mspm0g350x_uvision.o(.text) referenced from startup_mspm0g350x_uvision.o(RESET)
 <LI><a href="#[f]">SPI1_IRQHandler</a> from startup_mspm0g350x_uvision.o(.text) referenced from startup_mspm0g350x_uvision.o(RESET)
 <LI><a href="#[3]">SVC_Handler</a> from startup_mspm0g350x_uvision.o(.text) referenced from startup_mspm0g350x_uvision.o(RESET)
 <LI><a href="#[5]">SysTick_Handler</a> from startup_mspm0g350x_uvision.o(.text) referenced from startup_mspm0g350x_uvision.o(RESET)
 <LI><a href="#[15]">TIMA0_IRQHandler</a> from startup_mspm0g350x_uvision.o(.text) referenced from startup_mspm0g350x_uvision.o(RESET)
 <LI><a href="#[16]">TIMA1_IRQHandler</a> from timer.o(.text.TIMA1_IRQHandler) referenced from startup_mspm0g350x_uvision.o(RESET)
 <LI><a href="#[13]">TIMG0_IRQHandler</a> from startup_mspm0g350x_uvision.o(.text) referenced from startup_mspm0g350x_uvision.o(RESET)
 <LI><a href="#[18]">TIMG12_IRQHandler</a> from startup_mspm0g350x_uvision.o(.text) referenced from startup_mspm0g350x_uvision.o(RESET)
 <LI><a href="#[14]">TIMG6_IRQHandler</a> from startup_mspm0g350x_uvision.o(.text) referenced from startup_mspm0g350x_uvision.o(RESET)
 <LI><a href="#[17]">TIMG7_IRQHandler</a> from startup_mspm0g350x_uvision.o(.text) referenced from startup_mspm0g350x_uvision.o(RESET)
 <LI><a href="#[8]">TIMG8_IRQHandler</a> from startup_mspm0g350x_uvision.o(.text) referenced from startup_mspm0g350x_uvision.o(RESET)
 <LI><a href="#[12]">UART0_IRQHandler</a> from startup_mspm0g350x_uvision.o(.text) referenced from startup_mspm0g350x_uvision.o(RESET)
 <LI><a href="#[10]">UART1_IRQHandler</a> from startup_mspm0g350x_uvision.o(.text) referenced from startup_mspm0g350x_uvision.o(RESET)
 <LI><a href="#[11]">UART2_IRQHandler</a> from startup_mspm0g350x_uvision.o(.text) referenced from startup_mspm0g350x_uvision.o(RESET)
 <LI><a href="#[9]">UART3_IRQHandler</a> from startup_mspm0g350x_uvision.o(.text) referenced from startup_mspm0g350x_uvision.o(RESET)
 <LI><a href="#[1e]">__main</a> from __main.o(!!!main) referenced from startup_mspm0g350x_uvision.o(.text)
</UL>
<P>
<H3>
Global Symbols
</H3>
<P><STRONG><a name="[1e]"></a>__main</STRONG> (Thumb, 8 bytes, Stack size 0 bytes, __main.o(!!!main))
<BR><BR>[Calls]<UL><LI><a href="#[20]">&gt;&gt;</a>&nbsp;&nbsp;&nbsp;__rt_entry
<LI><a href="#[1f]">&gt;&gt;</a>&nbsp;&nbsp;&nbsp;__scatterload
</UL>
<BR>[Address Reference Count : 1]<UL><LI> startup_mspm0g350x_uvision.o(.text)
</UL>
<P><STRONG><a name="[1f]"></a>__scatterload</STRONG> (Thumb, 0 bytes, Stack size unknown bytes, __scatter.o(!!!scatter))
<BR><BR>[Called By]<UL><LI><a href="#[1e]">&gt;&gt;</a>&nbsp;&nbsp;&nbsp;__main
</UL>

<P><STRONG><a name="[21]"></a>__scatterload_rt2</STRONG> (Thumb, 52 bytes, Stack size unknown bytes, __scatter.o(!!!scatter), UNUSED)
<BR><BR>[Calls]<UL><LI><a href="#[20]">&gt;&gt;</a>&nbsp;&nbsp;&nbsp;__rt_entry
</UL>

<P><STRONG><a name="[117]"></a>__scatterload_rt2_thumb_only</STRONG> (Thumb, 0 bytes, Stack size unknown bytes, __scatter.o(!!!scatter), UNUSED)

<P><STRONG><a name="[118]"></a>__scatterload_null</STRONG> (Thumb, 0 bytes, Stack size unknown bytes, __scatter.o(!!!scatter), UNUSED)

<P><STRONG><a name="[22]"></a>__scatterload_copy</STRONG> (Thumb, 26 bytes, Stack size unknown bytes, __scatter_copy.o(!!handler_copy), UNUSED)
<BR><BR>[Calls]<UL><LI><a href="#[22]">&gt;&gt;</a>&nbsp;&nbsp;&nbsp;__scatterload_copy
</UL>
<BR>[Called By]<UL><LI><a href="#[22]">&gt;&gt;</a>&nbsp;&nbsp;&nbsp;__scatterload_copy
</UL>

<P><STRONG><a name="[119]"></a>__scatterload_zeroinit</STRONG> (Thumb, 28 bytes, Stack size unknown bytes, __scatter_zi.o(!!handler_zi), UNUSED)

<P><STRONG><a name="[26]"></a>__rt_lib_init</STRONG> (Thumb, 0 bytes, Stack size unknown bytes, libinit.o(.ARM.Collect$$libinit$$00000000))
<BR><BR>[Called By]<UL><LI><a href="#[25]">&gt;&gt;</a>&nbsp;&nbsp;&nbsp;__rt_entry_li
</UL>

<P><STRONG><a name="[11a]"></a>__rt_lib_init_alloca_1</STRONG> (Thumb, 0 bytes, Stack size unknown bytes, libinit2.o(.ARM.Collect$$libinit$$00000030))

<P><STRONG><a name="[11b]"></a>__rt_lib_init_argv_1</STRONG> (Thumb, 0 bytes, Stack size unknown bytes, libinit2.o(.ARM.Collect$$libinit$$0000002E))

<P><STRONG><a name="[11c]"></a>__rt_lib_init_atexit_1</STRONG> (Thumb, 0 bytes, Stack size unknown bytes, libinit2.o(.ARM.Collect$$libinit$$0000001D))

<P><STRONG><a name="[11d]"></a>__rt_lib_init_clock_1</STRONG> (Thumb, 0 bytes, Stack size unknown bytes, libinit2.o(.ARM.Collect$$libinit$$00000023))

<P><STRONG><a name="[11e]"></a>__rt_lib_init_cpp_1</STRONG> (Thumb, 0 bytes, Stack size unknown bytes, libinit2.o(.ARM.Collect$$libinit$$00000034))

<P><STRONG><a name="[11f]"></a>__rt_lib_init_exceptions_1</STRONG> (Thumb, 0 bytes, Stack size unknown bytes, libinit2.o(.ARM.Collect$$libinit$$00000032))

<P><STRONG><a name="[120]"></a>__rt_lib_init_fp_1</STRONG> (Thumb, 0 bytes, Stack size unknown bytes, libinit2.o(.ARM.Collect$$libinit$$00000002))

<P><STRONG><a name="[121]"></a>__rt_lib_init_fp_trap_1</STRONG> (Thumb, 0 bytes, Stack size unknown bytes, libinit2.o(.ARM.Collect$$libinit$$00000021))

<P><STRONG><a name="[122]"></a>__rt_lib_init_getenv_1</STRONG> (Thumb, 0 bytes, Stack size unknown bytes, libinit2.o(.ARM.Collect$$libinit$$00000025))

<P><STRONG><a name="[123]"></a>__rt_lib_init_heap_1</STRONG> (Thumb, 0 bytes, Stack size unknown bytes, libinit2.o(.ARM.Collect$$libinit$$0000000C))

<P><STRONG><a name="[124]"></a>__rt_lib_init_lc_collate_1</STRONG> (Thumb, 0 bytes, Stack size unknown bytes, libinit2.o(.ARM.Collect$$libinit$$00000013))

<P><STRONG><a name="[125]"></a>__rt_lib_init_lc_ctype_1</STRONG> (Thumb, 0 bytes, Stack size unknown bytes, libinit2.o(.ARM.Collect$$libinit$$00000015))

<P><STRONG><a name="[126]"></a>__rt_lib_init_lc_monetary_1</STRONG> (Thumb, 0 bytes, Stack size unknown bytes, libinit2.o(.ARM.Collect$$libinit$$00000017))

<P><STRONG><a name="[127]"></a>__rt_lib_init_lc_numeric_1</STRONG> (Thumb, 0 bytes, Stack size unknown bytes, libinit2.o(.ARM.Collect$$libinit$$00000019))

<P><STRONG><a name="[128]"></a>__rt_lib_init_lc_time_1</STRONG> (Thumb, 0 bytes, Stack size unknown bytes, libinit2.o(.ARM.Collect$$libinit$$0000001B))

<P><STRONG><a name="[129]"></a>__rt_lib_init_preinit_1</STRONG> (Thumb, 0 bytes, Stack size unknown bytes, libinit2.o(.ARM.Collect$$libinit$$00000006))

<P><STRONG><a name="[12a]"></a>__rt_lib_init_rand_1</STRONG> (Thumb, 0 bytes, Stack size unknown bytes, libinit2.o(.ARM.Collect$$libinit$$00000010))

<P><STRONG><a name="[12b]"></a>__rt_lib_init_relocate_pie_1</STRONG> (Thumb, 0 bytes, Stack size unknown bytes, libinit2.o(.ARM.Collect$$libinit$$00000004))

<P><STRONG><a name="[12c]"></a>__rt_lib_init_return</STRONG> (Thumb, 0 bytes, Stack size unknown bytes, libinit2.o(.ARM.Collect$$libinit$$00000035))

<P><STRONG><a name="[12d]"></a>__rt_lib_init_signal_1</STRONG> (Thumb, 0 bytes, Stack size unknown bytes, libinit2.o(.ARM.Collect$$libinit$$0000001F))

<P><STRONG><a name="[12e]"></a>__rt_lib_init_stdio_1</STRONG> (Thumb, 0 bytes, Stack size unknown bytes, libinit2.o(.ARM.Collect$$libinit$$00000027))

<P><STRONG><a name="[12f]"></a>__rt_lib_init_user_alloc_1</STRONG> (Thumb, 0 bytes, Stack size unknown bytes, libinit2.o(.ARM.Collect$$libinit$$0000000E))

<P><STRONG><a name="[2b]"></a>__rt_lib_shutdown</STRONG> (Thumb, 0 bytes, Stack size unknown bytes, libshutdown.o(.ARM.Collect$$libshutdown$$00000000))
<BR><BR>[Called By]<UL><LI><a href="#[2a]">&gt;&gt;</a>&nbsp;&nbsp;&nbsp;__rt_exit_ls
</UL>

<P><STRONG><a name="[130]"></a>__rt_lib_shutdown_cpp_1</STRONG> (Thumb, 0 bytes, Stack size unknown bytes, libshutdown2.o(.ARM.Collect$$libshutdown$$00000002))

<P><STRONG><a name="[131]"></a>__rt_lib_shutdown_fp_trap_1</STRONG> (Thumb, 0 bytes, Stack size unknown bytes, libshutdown2.o(.ARM.Collect$$libshutdown$$00000007))

<P><STRONG><a name="[132]"></a>__rt_lib_shutdown_heap_1</STRONG> (Thumb, 0 bytes, Stack size unknown bytes, libshutdown2.o(.ARM.Collect$$libshutdown$$0000000F))

<P><STRONG><a name="[133]"></a>__rt_lib_shutdown_return</STRONG> (Thumb, 0 bytes, Stack size unknown bytes, libshutdown2.o(.ARM.Collect$$libshutdown$$00000010))

<P><STRONG><a name="[134]"></a>__rt_lib_shutdown_signal_1</STRONG> (Thumb, 0 bytes, Stack size unknown bytes, libshutdown2.o(.ARM.Collect$$libshutdown$$0000000A))

<P><STRONG><a name="[135]"></a>__rt_lib_shutdown_stdio_1</STRONG> (Thumb, 0 bytes, Stack size unknown bytes, libshutdown2.o(.ARM.Collect$$libshutdown$$00000004))

<P><STRONG><a name="[136]"></a>__rt_lib_shutdown_user_alloc_1</STRONG> (Thumb, 0 bytes, Stack size unknown bytes, libshutdown2.o(.ARM.Collect$$libshutdown$$0000000C))

<P><STRONG><a name="[20]"></a>__rt_entry</STRONG> (Thumb, 0 bytes, Stack size unknown bytes, __rtentry.o(.ARM.Collect$$rtentry$$00000000))
<BR><BR>[Called By]<UL><LI><a href="#[1e]">&gt;&gt;</a>&nbsp;&nbsp;&nbsp;__main
<LI><a href="#[21]">&gt;&gt;</a>&nbsp;&nbsp;&nbsp;__scatterload_rt2
</UL>

<P><STRONG><a name="[137]"></a>__rt_entry_presh_1</STRONG> (Thumb, 0 bytes, Stack size unknown bytes, __rtentry2.o(.ARM.Collect$$rtentry$$00000002))

<P><STRONG><a name="[23]"></a>__rt_entry_sh</STRONG> (Thumb, 0 bytes, Stack size unknown bytes, __rtentry4.o(.ARM.Collect$$rtentry$$00000004))
<BR><BR>[Stack]<UL><LI>Max Depth = 8 + Unknown Stack Size
<LI>Call Chain = __rt_entry_sh &rArr; __user_setup_stackheap
</UL>
<BR>[Calls]<UL><LI><a href="#[24]">&gt;&gt;</a>&nbsp;&nbsp;&nbsp;__user_setup_stackheap
</UL>

<P><STRONG><a name="[25]"></a>__rt_entry_li</STRONG> (Thumb, 0 bytes, Stack size unknown bytes, __rtentry2.o(.ARM.Collect$$rtentry$$0000000A))
<BR><BR>[Calls]<UL><LI><a href="#[26]">&gt;&gt;</a>&nbsp;&nbsp;&nbsp;__rt_lib_init
</UL>

<P><STRONG><a name="[138]"></a>__rt_entry_postsh_1</STRONG> (Thumb, 0 bytes, Stack size unknown bytes, __rtentry2.o(.ARM.Collect$$rtentry$$00000009))

<P><STRONG><a name="[27]"></a>__rt_entry_main</STRONG> (Thumb, 0 bytes, Stack size unknown bytes, __rtentry2.o(.ARM.Collect$$rtentry$$0000000D))
<BR><BR>[Stack]<UL><LI>Max Depth = 368 + Unknown Stack Size
<LI>Call Chain = __rt_entry_main &rArr; main &rArr; Oled_Show &rArr; OLED_ShowFloatNum &rArr; OLED_ShowNum &rArr; OLED_ShowChar &rArr; OLED_ShowImage &rArr; OLED_ClearArea
</UL>
<BR>[Calls]<UL><LI><a href="#[28]">&gt;&gt;</a>&nbsp;&nbsp;&nbsp;main
<LI><a href="#[29]">&gt;&gt;</a>&nbsp;&nbsp;&nbsp;exit
</UL>

<P><STRONG><a name="[139]"></a>__rt_entry_postli_1</STRONG> (Thumb, 0 bytes, Stack size unknown bytes, __rtentry2.o(.ARM.Collect$$rtentry$$0000000C))

<P><STRONG><a name="[44]"></a>__rt_exit</STRONG> (Thumb, 0 bytes, Stack size unknown bytes, rtexit.o(.ARM.Collect$$rtexit$$00000000))
<BR><BR>[Called By]<UL><LI><a href="#[29]">&gt;&gt;</a>&nbsp;&nbsp;&nbsp;exit
</UL>

<P><STRONG><a name="[2a]"></a>__rt_exit_ls</STRONG> (Thumb, 0 bytes, Stack size unknown bytes, rtexit2.o(.ARM.Collect$$rtexit$$00000003))
<BR><BR>[Calls]<UL><LI><a href="#[2b]">&gt;&gt;</a>&nbsp;&nbsp;&nbsp;__rt_lib_shutdown
</UL>

<P><STRONG><a name="[13a]"></a>__rt_exit_prels_1</STRONG> (Thumb, 0 bytes, Stack size unknown bytes, rtexit2.o(.ARM.Collect$$rtexit$$00000002))

<P><STRONG><a name="[2c]"></a>__rt_exit_exit</STRONG> (Thumb, 0 bytes, Stack size unknown bytes, rtexit2.o(.ARM.Collect$$rtexit$$00000004))
<BR><BR>[Stack]<UL><LI>Max Depth = 4 + Unknown Stack Size
<LI>Call Chain = __rt_exit_exit &rArr; _sys_exit
</UL>
<BR>[Calls]<UL><LI><a href="#[2d]">&gt;&gt;</a>&nbsp;&nbsp;&nbsp;_sys_exit
</UL>

<P><STRONG><a name="[0]"></a>Reset_Handler</STRONG> (Thumb, 4 bytes, Stack size 0 bytes, startup_mspm0g350x_uvision.o(.text))
<BR>[Address Reference Count : 1]<UL><LI> startup_mspm0g350x_uvision.o(RESET)
</UL>
<P><STRONG><a name="[1]"></a>NMI_Handler</STRONG> (Thumb, 2 bytes, Stack size 0 bytes, startup_mspm0g350x_uvision.o(.text))
<BR><BR>[Calls]<UL><LI><a href="#[1]">&gt;&gt;</a>&nbsp;&nbsp;&nbsp;NMI_Handler
</UL>
<BR>[Called By]<UL><LI><a href="#[1]">&gt;&gt;</a>&nbsp;&nbsp;&nbsp;NMI_Handler
</UL>
<BR>[Address Reference Count : 1]<UL><LI> startup_mspm0g350x_uvision.o(RESET)
</UL>
<P><STRONG><a name="[2]"></a>HardFault_Handler</STRONG> (Thumb, 2 bytes, Stack size 0 bytes, startup_mspm0g350x_uvision.o(.text))
<BR><BR>[Calls]<UL><LI><a href="#[2]">&gt;&gt;</a>&nbsp;&nbsp;&nbsp;HardFault_Handler
</UL>
<BR>[Called By]<UL><LI><a href="#[2]">&gt;&gt;</a>&nbsp;&nbsp;&nbsp;HardFault_Handler
</UL>
<BR>[Address Reference Count : 1]<UL><LI> startup_mspm0g350x_uvision.o(RESET)
</UL>
<P><STRONG><a name="[3]"></a>SVC_Handler</STRONG> (Thumb, 2 bytes, Stack size 0 bytes, startup_mspm0g350x_uvision.o(.text))
<BR><BR>[Calls]<UL><LI><a href="#[3]">&gt;&gt;</a>&nbsp;&nbsp;&nbsp;SVC_Handler
</UL>
<BR>[Called By]<UL><LI><a href="#[3]">&gt;&gt;</a>&nbsp;&nbsp;&nbsp;SVC_Handler
</UL>
<BR>[Address Reference Count : 1]<UL><LI> startup_mspm0g350x_uvision.o(RESET)
</UL>
<P><STRONG><a name="[4]"></a>PendSV_Handler</STRONG> (Thumb, 2 bytes, Stack size 0 bytes, startup_mspm0g350x_uvision.o(.text))
<BR><BR>[Calls]<UL><LI><a href="#[4]">&gt;&gt;</a>&nbsp;&nbsp;&nbsp;PendSV_Handler
</UL>
<BR>[Called By]<UL><LI><a href="#[4]">&gt;&gt;</a>&nbsp;&nbsp;&nbsp;PendSV_Handler
</UL>
<BR>[Address Reference Count : 1]<UL><LI> startup_mspm0g350x_uvision.o(RESET)
</UL>
<P><STRONG><a name="[5]"></a>SysTick_Handler</STRONG> (Thumb, 2 bytes, Stack size 0 bytes, startup_mspm0g350x_uvision.o(.text))
<BR><BR>[Calls]<UL><LI><a href="#[5]">&gt;&gt;</a>&nbsp;&nbsp;&nbsp;SysTick_Handler
</UL>
<BR>[Called By]<UL><LI><a href="#[5]">&gt;&gt;</a>&nbsp;&nbsp;&nbsp;SysTick_Handler
</UL>
<BR>[Address Reference Count : 1]<UL><LI> startup_mspm0g350x_uvision.o(RESET)
</UL>
<P><STRONG><a name="[a]"></a>ADC0_IRQHandler</STRONG> (Thumb, 0 bytes, Stack size 0 bytes, startup_mspm0g350x_uvision.o(.text))
<BR>[Address Reference Count : 1]<UL><LI> startup_mspm0g350x_uvision.o(RESET)
</UL>
<P><STRONG><a name="[b]"></a>ADC1_IRQHandler</STRONG> (Thumb, 0 bytes, Stack size 0 bytes, startup_mspm0g350x_uvision.o(.text))
<BR>[Address Reference Count : 1]<UL><LI> startup_mspm0g350x_uvision.o(RESET)
</UL>
<P><STRONG><a name="[1b]"></a>AES_IRQHandler</STRONG> (Thumb, 0 bytes, Stack size 0 bytes, startup_mspm0g350x_uvision.o(.text))
<BR>[Address Reference Count : 1]<UL><LI> startup_mspm0g350x_uvision.o(RESET)
</UL>
<P><STRONG><a name="[c]"></a>CANFD0_IRQHandler</STRONG> (Thumb, 0 bytes, Stack size 0 bytes, startup_mspm0g350x_uvision.o(.text))
<BR>[Address Reference Count : 1]<UL><LI> startup_mspm0g350x_uvision.o(RESET)
</UL>
<P><STRONG><a name="[d]"></a>DAC0_IRQHandler</STRONG> (Thumb, 0 bytes, Stack size 0 bytes, startup_mspm0g350x_uvision.o(.text))
<BR>[Address Reference Count : 1]<UL><LI> startup_mspm0g350x_uvision.o(RESET)
</UL>
<P><STRONG><a name="[1d]"></a>DMA_IRQHandler</STRONG> (Thumb, 0 bytes, Stack size 0 bytes, startup_mspm0g350x_uvision.o(.text))
<BR>[Address Reference Count : 1]<UL><LI> startup_mspm0g350x_uvision.o(RESET)
</UL>
<P><STRONG><a name="[2e]"></a>Default_Handler</STRONG> (Thumb, 2 bytes, Stack size 0 bytes, startup_mspm0g350x_uvision.o(.text), UNUSED)
<BR><BR>[Calls]<UL><LI><a href="#[2e]">&gt;&gt;</a>&nbsp;&nbsp;&nbsp;Default_Handler
</UL>
<BR>[Called By]<UL><LI><a href="#[2e]">&gt;&gt;</a>&nbsp;&nbsp;&nbsp;Default_Handler
</UL>

<P><STRONG><a name="[6]"></a>GROUP0_IRQHandler</STRONG> (Thumb, 0 bytes, Stack size 0 bytes, startup_mspm0g350x_uvision.o(.text))
<BR>[Address Reference Count : 1]<UL><LI> startup_mspm0g350x_uvision.o(RESET)
</UL>
<P><STRONG><a name="[19]"></a>I2C0_IRQHandler</STRONG> (Thumb, 0 bytes, Stack size 0 bytes, startup_mspm0g350x_uvision.o(.text))
<BR>[Address Reference Count : 1]<UL><LI> startup_mspm0g350x_uvision.o(RESET)
</UL>
<P><STRONG><a name="[1a]"></a>I2C1_IRQHandler</STRONG> (Thumb, 0 bytes, Stack size 0 bytes, startup_mspm0g350x_uvision.o(.text))
<BR>[Address Reference Count : 1]<UL><LI> startup_mspm0g350x_uvision.o(RESET)
</UL>
<P><STRONG><a name="[1c]"></a>RTC_IRQHandler</STRONG> (Thumb, 0 bytes, Stack size 0 bytes, startup_mspm0g350x_uvision.o(.text))
<BR>[Address Reference Count : 1]<UL><LI> startup_mspm0g350x_uvision.o(RESET)
</UL>
<P><STRONG><a name="[e]"></a>SPI0_IRQHandler</STRONG> (Thumb, 0 bytes, Stack size 0 bytes, startup_mspm0g350x_uvision.o(.text))
<BR>[Address Reference Count : 1]<UL><LI> startup_mspm0g350x_uvision.o(RESET)
</UL>
<P><STRONG><a name="[f]"></a>SPI1_IRQHandler</STRONG> (Thumb, 0 bytes, Stack size 0 bytes, startup_mspm0g350x_uvision.o(.text))
<BR>[Address Reference Count : 1]<UL><LI> startup_mspm0g350x_uvision.o(RESET)
</UL>
<P><STRONG><a name="[15]"></a>TIMA0_IRQHandler</STRONG> (Thumb, 0 bytes, Stack size 0 bytes, startup_mspm0g350x_uvision.o(.text))
<BR>[Address Reference Count : 1]<UL><LI> startup_mspm0g350x_uvision.o(RESET)
</UL>
<P><STRONG><a name="[13]"></a>TIMG0_IRQHandler</STRONG> (Thumb, 0 bytes, Stack size 0 bytes, startup_mspm0g350x_uvision.o(.text))
<BR>[Address Reference Count : 1]<UL><LI> startup_mspm0g350x_uvision.o(RESET)
</UL>
<P><STRONG><a name="[18]"></a>TIMG12_IRQHandler</STRONG> (Thumb, 0 bytes, Stack size 0 bytes, startup_mspm0g350x_uvision.o(.text))
<BR>[Address Reference Count : 1]<UL><LI> startup_mspm0g350x_uvision.o(RESET)
</UL>
<P><STRONG><a name="[14]"></a>TIMG6_IRQHandler</STRONG> (Thumb, 0 bytes, Stack size 0 bytes, startup_mspm0g350x_uvision.o(.text))
<BR>[Address Reference Count : 1]<UL><LI> startup_mspm0g350x_uvision.o(RESET)
</UL>
<P><STRONG><a name="[17]"></a>TIMG7_IRQHandler</STRONG> (Thumb, 0 bytes, Stack size 0 bytes, startup_mspm0g350x_uvision.o(.text))
<BR>[Address Reference Count : 1]<UL><LI> startup_mspm0g350x_uvision.o(RESET)
</UL>
<P><STRONG><a name="[8]"></a>TIMG8_IRQHandler</STRONG> (Thumb, 0 bytes, Stack size 0 bytes, startup_mspm0g350x_uvision.o(.text))
<BR>[Address Reference Count : 1]<UL><LI> startup_mspm0g350x_uvision.o(RESET)
</UL>
<P><STRONG><a name="[12]"></a>UART0_IRQHandler</STRONG> (Thumb, 0 bytes, Stack size 0 bytes, startup_mspm0g350x_uvision.o(.text))
<BR>[Address Reference Count : 1]<UL><LI> startup_mspm0g350x_uvision.o(RESET)
</UL>
<P><STRONG><a name="[10]"></a>UART1_IRQHandler</STRONG> (Thumb, 0 bytes, Stack size 0 bytes, startup_mspm0g350x_uvision.o(.text))
<BR>[Address Reference Count : 1]<UL><LI> startup_mspm0g350x_uvision.o(RESET)
</UL>
<P><STRONG><a name="[11]"></a>UART2_IRQHandler</STRONG> (Thumb, 0 bytes, Stack size 0 bytes, startup_mspm0g350x_uvision.o(.text))
<BR>[Address Reference Count : 1]<UL><LI> startup_mspm0g350x_uvision.o(RESET)
</UL>
<P><STRONG><a name="[9]"></a>UART3_IRQHandler</STRONG> (Thumb, 0 bytes, Stack size 0 bytes, startup_mspm0g350x_uvision.o(.text))
<BR>[Address Reference Count : 1]<UL><LI> startup_mspm0g350x_uvision.o(RESET)
</UL>
<P><STRONG><a name="[42]"></a>__user_initial_stackheap</STRONG> (Thumb, 10 bytes, Stack size 0 bytes, startup_mspm0g350x_uvision.o(.text))
<BR><BR>[Called By]<UL><LI><a href="#[24]">&gt;&gt;</a>&nbsp;&nbsp;&nbsp;__user_setup_stackheap
</UL>

<P><STRONG><a name="[13b]"></a>__use_no_semihosting</STRONG> (Thumb, 2 bytes, Stack size 0 bytes, use_no_semi_2.o(.text), UNUSED)

<P><STRONG><a name="[a5]"></a>__aeabi_uidiv</STRONG> (Thumb, 0 bytes, Stack size 0 bytes, aeabi_sdiv.o(.text))
<BR><BR>[Called By]<UL><LI><a href="#[a6]">&gt;&gt;</a>&nbsp;&nbsp;&nbsp;OLED_ShowSignedNum
<LI><a href="#[9f]">&gt;&gt;</a>&nbsp;&nbsp;&nbsp;OLED_ShowNum
</UL>

<P><STRONG><a name="[a3]"></a>__aeabi_uidivmod</STRONG> (Thumb, 20 bytes, Stack size 0 bytes, aeabi_sdiv.o(.text))
<BR><BR>[Called By]<UL><LI><a href="#[9c]">&gt;&gt;</a>&nbsp;&nbsp;&nbsp;OLED_ShowFloatNum
<LI><a href="#[a6]">&gt;&gt;</a>&nbsp;&nbsp;&nbsp;OLED_ShowSignedNum
<LI><a href="#[9f]">&gt;&gt;</a>&nbsp;&nbsp;&nbsp;OLED_ShowNum
<LI><a href="#[ab]">&gt;&gt;</a>&nbsp;&nbsp;&nbsp;key_scan
</UL>

<P><STRONG><a name="[fc]"></a>__aeabi_idiv</STRONG> (Thumb, 0 bytes, Stack size 8 bytes, aeabi_sdiv.o(.text))
<BR><BR>[Stack]<UL><LI>Max Depth = 8<LI>Call Chain = __aeabi_idiv
</UL>
<BR>[Called By]<UL><LI><a href="#[fb]">&gt;&gt;</a>&nbsp;&nbsp;&nbsp;function
</UL>

<P><STRONG><a name="[13c]"></a>__aeabi_idivmod</STRONG> (Thumb, 338 bytes, Stack size 8 bytes, aeabi_sdiv.o(.text), UNUSED)

<P><STRONG><a name="[13d]"></a>__use_two_region_memory</STRONG> (Thumb, 2 bytes, Stack size 0 bytes, heapauxi.o(.text), UNUSED)

<P><STRONG><a name="[13e]"></a>__rt_heap_escrow$2region</STRONG> (Thumb, 2 bytes, Stack size 0 bytes, heapauxi.o(.text), UNUSED)

<P><STRONG><a name="[13f]"></a>__rt_heap_expand$2region</STRONG> (Thumb, 2 bytes, Stack size 0 bytes, heapauxi.o(.text), UNUSED)

<P><STRONG><a name="[101]"></a>__aeabi_d2f</STRONG> (Thumb, 0 bytes, Stack size 12 bytes, d2f.o(.text))
<BR><BR>[Stack]<UL><LI>Max Depth = 12<LI>Call Chain = __aeabi_d2f
</UL>
<BR>[Called By]<UL><LI><a href="#[ff]">&gt;&gt;</a>&nbsp;&nbsp;&nbsp;get_angle
</UL>

<P><STRONG><a name="[140]"></a>_d2f</STRONG> (Thumb, 120 bytes, Stack size 12 bytes, d2f.o(.text), UNUSED)

<P><STRONG><a name="[141]"></a>__aeabi_dadd</STRONG> (Thumb, 0 bytes, Stack size 8 bytes, daddsub.o(.text), UNUSED)

<P><STRONG><a name="[2f]"></a>_dadd</STRONG> (Thumb, 26 bytes, Stack size 8 bytes, daddsub.o(.text), UNUSED)
<BR><BR>[Calls]<UL><LI><a href="#[30]">&gt;&gt;</a>&nbsp;&nbsp;&nbsp;_dsub1
<LI><a href="#[31]">&gt;&gt;</a>&nbsp;&nbsp;&nbsp;_dadd1
</UL>

<P><STRONG><a name="[a0]"></a>__aeabi_dsub</STRONG> (Thumb, 0 bytes, Stack size 8 bytes, daddsub.o(.text))
<BR><BR>[Stack]<UL><LI>Max Depth = 8<LI>Call Chain = __aeabi_dsub
</UL>
<BR>[Called By]<UL><LI><a href="#[9c]">&gt;&gt;</a>&nbsp;&nbsp;&nbsp;OLED_ShowFloatNum
</UL>

<P><STRONG><a name="[32]"></a>_dsub</STRONG> (Thumb, 22 bytes, Stack size 8 bytes, daddsub.o(.text), UNUSED)
<BR><BR>[Calls]<UL><LI><a href="#[30]">&gt;&gt;</a>&nbsp;&nbsp;&nbsp;_dsub1
<LI><a href="#[31]">&gt;&gt;</a>&nbsp;&nbsp;&nbsp;_dadd1
</UL>

<P><STRONG><a name="[142]"></a>__aeabi_drsub</STRONG> (Thumb, 0 bytes, Stack size 16 bytes, daddsub.o(.text), UNUSED)

<P><STRONG><a name="[33]"></a>_drsb</STRONG> (Thumb, 28 bytes, Stack size 16 bytes, daddsub.o(.text), UNUSED)
<BR><BR>[Calls]<UL><LI><a href="#[30]">&gt;&gt;</a>&nbsp;&nbsp;&nbsp;_dsub1
<LI><a href="#[31]">&gt;&gt;</a>&nbsp;&nbsp;&nbsp;_dadd1
</UL>

<P><STRONG><a name="[80]"></a>__aeabi_ddiv</STRONG> (Thumb, 0 bytes, Stack size 64 bytes, ddiv.o(.text))
<BR><BR>[Stack]<UL><LI>Max Depth = 64<LI>Call Chain = __aeabi_ddiv
</UL>
<BR>[Called By]<UL><LI><a href="#[79]">&gt;&gt;</a>&nbsp;&nbsp;&nbsp;HC_Length
<LI><a href="#[ff]">&gt;&gt;</a>&nbsp;&nbsp;&nbsp;get_angle
</UL>

<P><STRONG><a name="[35]"></a>_ddiv</STRONG> (Thumb, 1072 bytes, Stack size 64 bytes, ddiv.o(.text), UNUSED)
<BR><BR>[Called By]<UL><LI><a href="#[34]">&gt;&gt;</a>&nbsp;&nbsp;&nbsp;_drdiv
</UL>

<P><STRONG><a name="[34]"></a>_drdiv</STRONG> (Thumb, 20 bytes, Stack size 16 bytes, ddiv.o(.text), UNUSED)
<BR><BR>[Calls]<UL><LI><a href="#[35]">&gt;&gt;</a>&nbsp;&nbsp;&nbsp;_ddiv
</UL>

<P><STRONG><a name="[fa]"></a>__aeabi_d2iz</STRONG> (Thumb, 0 bytes, Stack size 12 bytes, dfixi.o(.text))
<BR><BR>[Stack]<UL><LI>Max Depth = 12<LI>Call Chain = __aeabi_d2iz
</UL>
<BR>[Called By]<UL><LI><a href="#[f9]">&gt;&gt;</a>&nbsp;&nbsp;&nbsp;avoid_thing
</UL>

<P><STRONG><a name="[143]"></a>_dfix</STRONG> (Thumb, 98 bytes, Stack size 12 bytes, dfixi.o(.text), UNUSED)

<P><STRONG><a name="[9e]"></a>__aeabi_d2uiz</STRONG> (Thumb, 0 bytes, Stack size 8 bytes, dfixui.o(.text))
<BR><BR>[Stack]<UL><LI>Max Depth = 8<LI>Call Chain = __aeabi_d2uiz
</UL>
<BR>[Called By]<UL><LI><a href="#[9c]">&gt;&gt;</a>&nbsp;&nbsp;&nbsp;OLED_ShowFloatNum
</UL>

<P><STRONG><a name="[144]"></a>_dfixu</STRONG> (Thumb, 68 bytes, Stack size 8 bytes, dfixui.o(.text), UNUSED)

<P><STRONG><a name="[37]"></a>__aeabi_i2d_normalise</STRONG> (Thumb, 66 bytes, Stack size 0 bytes, dflti.o(.text))
<BR><BR>[Called By]<UL><LI><a href="#[38]">&gt;&gt;</a>&nbsp;&nbsp;&nbsp;__aeabi_ui2d
<LI><a href="#[36]">&gt;&gt;</a>&nbsp;&nbsp;&nbsp;__aeabi_i2d
</UL>

<P><STRONG><a name="[36]"></a>__aeabi_i2d</STRONG> (Thumb, 16 bytes, Stack size 0 bytes, dflti.o(.text))
<BR><BR>[Calls]<UL><LI><a href="#[37]">&gt;&gt;</a>&nbsp;&nbsp;&nbsp;__aeabi_i2d_normalise
</UL>
<BR>[Called By]<UL><LI><a href="#[79]">&gt;&gt;</a>&nbsp;&nbsp;&nbsp;HC_Length
<LI><a href="#[ff]">&gt;&gt;</a>&nbsp;&nbsp;&nbsp;get_angle
</UL>

<P><STRONG><a name="[145]"></a>_dflt</STRONG> (Thumb, 0 bytes, Stack size 0 bytes, dflti.o(.text), UNUSED)

<P><STRONG><a name="[38]"></a>__aeabi_ui2d</STRONG> (Thumb, 6 bytes, Stack size 0 bytes, dflti.o(.text))
<BR><BR>[Calls]<UL><LI><a href="#[37]">&gt;&gt;</a>&nbsp;&nbsp;&nbsp;__aeabi_i2d_normalise
</UL>
<BR>[Called By]<UL><LI><a href="#[9c]">&gt;&gt;</a>&nbsp;&nbsp;&nbsp;OLED_ShowFloatNum
</UL>

<P><STRONG><a name="[146]"></a>_dfltu</STRONG> (Thumb, 0 bytes, Stack size 0 bytes, dflti.o(.text), UNUSED)

<P><STRONG><a name="[a2]"></a>__aeabi_dmul</STRONG> (Thumb, 0 bytes, Stack size 56 bytes, dmul.o(.text))
<BR><BR>[Stack]<UL><LI>Max Depth = 56<LI>Call Chain = __aeabi_dmul
</UL>
<BR>[Called By]<UL><LI><a href="#[ff]">&gt;&gt;</a>&nbsp;&nbsp;&nbsp;get_angle
<LI><a href="#[9c]">&gt;&gt;</a>&nbsp;&nbsp;&nbsp;OLED_ShowFloatNum
</UL>

<P><STRONG><a name="[147]"></a>_dmul</STRONG> (Thumb, 558 bytes, Stack size 56 bytes, dmul.o(.text), UNUSED)

<P><STRONG><a name="[48]"></a>__aeabi_f2d</STRONG> (Thumb, 0 bytes, Stack size 0 bytes, f2d.o(.text))
<BR><BR>[Called By]<UL><LI><a href="#[46]">&gt;&gt;</a>&nbsp;&nbsp;&nbsp;Angle_PID
<LI><a href="#[aa]">&gt;&gt;</a>&nbsp;&nbsp;&nbsp;Oled_Show
</UL>

<P><STRONG><a name="[148]"></a>_f2d</STRONG> (Thumb, 80 bytes, Stack size 0 bytes, f2d.o(.text), UNUSED)

<P><STRONG><a name="[fd]"></a>__aeabi_f2iz</STRONG> (Thumb, 0 bytes, Stack size 8 bytes, ffixi.o(.text))
<BR><BR>[Stack]<UL><LI>Max Depth = 8<LI>Call Chain = __aeabi_f2iz
</UL>
<BR>[Called By]<UL><LI><a href="#[fb]">&gt;&gt;</a>&nbsp;&nbsp;&nbsp;function
<LI><a href="#[ff]">&gt;&gt;</a>&nbsp;&nbsp;&nbsp;get_angle
<LI><a href="#[fe]">&gt;&gt;</a>&nbsp;&nbsp;&nbsp;zhixing
</UL>

<P><STRONG><a name="[149]"></a>_ffix</STRONG> (Thumb, 76 bytes, Stack size 8 bytes, ffixi.o(.text), UNUSED)

<P><STRONG><a name="[3a]"></a>__aeabi_i2f_normalise</STRONG> (Thumb, 72 bytes, Stack size 0 bytes, fflti.o(.text))
<BR><BR>[Called By]<UL><LI><a href="#[3b]">&gt;&gt;</a>&nbsp;&nbsp;&nbsp;__aeabi_ui2f
<LI><a href="#[39]">&gt;&gt;</a>&nbsp;&nbsp;&nbsp;__aeabi_i2f
</UL>

<P><STRONG><a name="[39]"></a>__aeabi_i2f</STRONG> (Thumb, 16 bytes, Stack size 0 bytes, fflti.o(.text), UNUSED)
<BR><BR>[Calls]<UL><LI><a href="#[3a]">&gt;&gt;</a>&nbsp;&nbsp;&nbsp;__aeabi_i2f_normalise
</UL>

<P><STRONG><a name="[14a]"></a>_fflt</STRONG> (Thumb, 0 bytes, Stack size 0 bytes, fflti.o(.text), UNUSED)

<P><STRONG><a name="[3b]"></a>__aeabi_ui2f</STRONG> (Thumb, 6 bytes, Stack size 0 bytes, fflti.o(.text))
<BR><BR>[Calls]<UL><LI><a href="#[3a]">&gt;&gt;</a>&nbsp;&nbsp;&nbsp;__aeabi_i2f_normalise
</UL>
<BR>[Called By]<UL><LI><a href="#[28]">&gt;&gt;</a>&nbsp;&nbsp;&nbsp;main
</UL>

<P><STRONG><a name="[14b]"></a>_ffltu</STRONG> (Thumb, 0 bytes, Stack size 0 bytes, fflti.o(.text), UNUSED)

<P><STRONG><a name="[14c]"></a>__semihosting$guard</STRONG> (Thumb, 0 bytes, Stack size 0 bytes, use_no_semi.o(.text), UNUSED)

<P><STRONG><a name="[14d]"></a>__use_no_semihosting_swi</STRONG> (Thumb, 2 bytes, Stack size 0 bytes, use_no_semi.o(.text), UNUSED)

<P><STRONG><a name="[3c]"></a>__fpl_dcmp_InfNaN</STRONG> (Thumb, 154 bytes, Stack size 24 bytes, dcmpin.o(.text), UNUSED)
<BR><BR>[Calls]<UL><LI><a href="#[3e]">&gt;&gt;</a>&nbsp;&nbsp;&nbsp;__fpl_dcheck_NaN2
<LI><a href="#[3d]">&gt;&gt;</a>&nbsp;&nbsp;&nbsp;__fpl_cmpreturn
</UL>
<BR>[Called By]<UL><LI><a href="#[10d]">&gt;&gt;</a>&nbsp;&nbsp;&nbsp;_dcmple
<LI><a href="#[10a]">&gt;&gt;</a>&nbsp;&nbsp;&nbsp;_dcmpge
</UL>

<P><STRONG><a name="[3f]"></a>__fpl_fcmp_InfNaN</STRONG> (Thumb, 96 bytes, Stack size 8 bytes, fcmpin.o(.text), UNUSED)
<BR><BR>[Calls]<UL><LI><a href="#[40]">&gt;&gt;</a>&nbsp;&nbsp;&nbsp;__fpl_fcheck_NaN2
<LI><a href="#[3d]">&gt;&gt;</a>&nbsp;&nbsp;&nbsp;__fpl_cmpreturn
</UL>
<BR>[Called By]<UL><LI><a href="#[112]">&gt;&gt;</a>&nbsp;&nbsp;&nbsp;_fcmple
<LI><a href="#[110]">&gt;&gt;</a>&nbsp;&nbsp;&nbsp;_fcmpge
</UL>

<P><STRONG><a name="[14e]"></a>__user_libspace</STRONG> (Thumb, 8 bytes, Stack size 0 bytes, libspace.o(.text), UNUSED)

<P><STRONG><a name="[41]"></a>__user_perproc_libspace</STRONG> (Thumb, 0 bytes, Stack size 0 bytes, libspace.o(.text))
<BR><BR>[Called By]<UL><LI><a href="#[24]">&gt;&gt;</a>&nbsp;&nbsp;&nbsp;__user_setup_stackheap
</UL>

<P><STRONG><a name="[14f]"></a>__user_perthread_libspace</STRONG> (Thumb, 0 bytes, Stack size 0 bytes, libspace.o(.text), UNUSED)

<P><STRONG><a name="[24]"></a>__user_setup_stackheap</STRONG> (Thumb, 62 bytes, Stack size 8 bytes, sys_stackheap_outer.o(.text))
<BR><BR>[Stack]<UL><LI>Max Depth = 8<LI>Call Chain = __user_setup_stackheap
</UL>
<BR>[Calls]<UL><LI><a href="#[42]">&gt;&gt;</a>&nbsp;&nbsp;&nbsp;__user_initial_stackheap
<LI><a href="#[41]">&gt;&gt;</a>&nbsp;&nbsp;&nbsp;__user_perproc_libspace
</UL>
<BR>[Called By]<UL><LI><a href="#[23]">&gt;&gt;</a>&nbsp;&nbsp;&nbsp;__rt_entry_sh
</UL>

<P><STRONG><a name="[29]"></a>exit</STRONG> (Thumb, 16 bytes, Stack size 8 bytes, exit.o(.text))
<BR><BR>[Stack]<UL><LI>Max Depth = 8 + Unknown Stack Size
<LI>Call Chain = exit
</UL>
<BR>[Calls]<UL><LI><a href="#[44]">&gt;&gt;</a>&nbsp;&nbsp;&nbsp;__rt_exit
<LI><a href="#[43]">&gt;&gt;</a>&nbsp;&nbsp;&nbsp;_call_atexit_fns (Weak Reference)
</UL>
<BR>[Called By]<UL><LI><a href="#[27]">&gt;&gt;</a>&nbsp;&nbsp;&nbsp;__rt_entry_main
</UL>

<P><STRONG><a name="[3d]"></a>__fpl_cmpreturn</STRONG> (Thumb, 46 bytes, Stack size 0 bytes, cmpret.o(.text), UNUSED)
<BR><BR>[Called By]<UL><LI><a href="#[45]">&gt;&gt;</a>&nbsp;&nbsp;&nbsp;__fpl_return_NaN
<LI><a href="#[3f]">&gt;&gt;</a>&nbsp;&nbsp;&nbsp;__fpl_fcmp_InfNaN
<LI><a href="#[3c]">&gt;&gt;</a>&nbsp;&nbsp;&nbsp;__fpl_dcmp_InfNaN
</UL>

<P><STRONG><a name="[3e]"></a>__fpl_dcheck_NaN2</STRONG> (Thumb, 14 bytes, Stack size 8 bytes, dnan2.o(.text), UNUSED)
<BR><BR>[Calls]<UL><LI><a href="#[45]">&gt;&gt;</a>&nbsp;&nbsp;&nbsp;__fpl_return_NaN
</UL>
<BR>[Called By]<UL><LI><a href="#[3c]">&gt;&gt;</a>&nbsp;&nbsp;&nbsp;__fpl_dcmp_InfNaN
</UL>

<P><STRONG><a name="[40]"></a>__fpl_fcheck_NaN2</STRONG> (Thumb, 10 bytes, Stack size 8 bytes, fnan2.o(.text), UNUSED)
<BR><BR>[Calls]<UL><LI><a href="#[45]">&gt;&gt;</a>&nbsp;&nbsp;&nbsp;__fpl_return_NaN
</UL>
<BR>[Called By]<UL><LI><a href="#[3f]">&gt;&gt;</a>&nbsp;&nbsp;&nbsp;__fpl_fcmp_InfNaN
</UL>

<P><STRONG><a name="[45]"></a>__fpl_return_NaN</STRONG> (Thumb, 94 bytes, Stack size 8 bytes, retnan.o(.text), UNUSED)
<BR><BR>[Calls]<UL><LI><a href="#[3d]">&gt;&gt;</a>&nbsp;&nbsp;&nbsp;__fpl_cmpreturn
</UL>
<BR>[Called By]<UL><LI><a href="#[40]">&gt;&gt;</a>&nbsp;&nbsp;&nbsp;__fpl_fcheck_NaN2
<LI><a href="#[3e]">&gt;&gt;</a>&nbsp;&nbsp;&nbsp;__fpl_dcheck_NaN2
</UL>

<P><STRONG><a name="[46]"></a>Angle_PID</STRONG> (Thumb, 252 bytes, Stack size 56 bytes, angle_pid.o(.text.Angle_PID))
<BR><BR>[Stack]<UL><LI>Max Depth = 72<LI>Call Chain = Angle_PID &rArr; __aeabi_fmul
</UL>
<BR>[Calls]<UL><LI><a href="#[4c]">&gt;&gt;</a>&nbsp;&nbsp;&nbsp;__aeabi_fmul
<LI><a href="#[4a]">&gt;&gt;</a>&nbsp;&nbsp;&nbsp;__aeabi_fcmple
<LI><a href="#[47]">&gt;&gt;</a>&nbsp;&nbsp;&nbsp;__aeabi_fsub
<LI><a href="#[4b]">&gt;&gt;</a>&nbsp;&nbsp;&nbsp;__aeabi_fadd
<LI><a href="#[48]">&gt;&gt;</a>&nbsp;&nbsp;&nbsp;__aeabi_f2d
<LI><a href="#[49]">&gt;&gt;</a>&nbsp;&nbsp;&nbsp;__aeabi_dcmple
</UL>
<BR>[Called By]<UL><LI><a href="#[fb]">&gt;&gt;</a>&nbsp;&nbsp;&nbsp;function
<LI><a href="#[fe]">&gt;&gt;</a>&nbsp;&nbsp;&nbsp;zhixing
</UL>

<P><STRONG><a name="[4d]"></a>Black_Control</STRONG> (Thumb, 240 bytes, Stack size 16 bytes, timer.o(.text.Black_Control))
<BR><BR>[Stack]<UL><LI>Max Depth = 80<LI>Call Chain = Black_Control &rArr; PWM_SET &rArr; DL_Timer_setCaptureCompareValue
</UL>
<BR>[Calls]<UL><LI><a href="#[4e]">&gt;&gt;</a>&nbsp;&nbsp;&nbsp;DL_GPIO_readPins
<LI><a href="#[4f]">&gt;&gt;</a>&nbsp;&nbsp;&nbsp;PWM_SET
</UL>
<BR>[Called By]<UL><LI><a href="#[fb]">&gt;&gt;</a>&nbsp;&nbsp;&nbsp;function
</UL>

<P><STRONG><a name="[50]"></a>Black_Control_Left</STRONG> (Thumb, 236 bytes, Stack size 16 bytes, timer.o(.text.Black_Control_Left))
<BR><BR>[Stack]<UL><LI>Max Depth = 80<LI>Call Chain = Black_Control_Left &rArr; PWM_SET &rArr; DL_Timer_setCaptureCompareValue
</UL>
<BR>[Calls]<UL><LI><a href="#[4e]">&gt;&gt;</a>&nbsp;&nbsp;&nbsp;DL_GPIO_readPins
<LI><a href="#[4f]">&gt;&gt;</a>&nbsp;&nbsp;&nbsp;PWM_SET
</UL>
<BR>[Called By]<UL><LI><a href="#[fb]">&gt;&gt;</a>&nbsp;&nbsp;&nbsp;function
</UL>

<P><STRONG><a name="[53]"></a>DL_ADC12_setClockConfig</STRONG> (Thumb, 64 bytes, Stack size 16 bytes, dl_adc12.o(.text.DL_ADC12_setClockConfig))
<BR><BR>[Stack]<UL><LI>Max Depth = 32<LI>Call Chain = DL_ADC12_setClockConfig &rArr; DL_Common_updateReg
</UL>
<BR>[Calls]<UL><LI><a href="#[54]">&gt;&gt;</a>&nbsp;&nbsp;&nbsp;DL_Common_updateReg
</UL>
<BR>[Called By]<UL><LI><a href="#[b0]">&gt;&gt;</a>&nbsp;&nbsp;&nbsp;SYSCFG_DL_ADC12_0_init
</UL>

<P><STRONG><a name="[df]"></a>DL_Common_delayCycles</STRONG> (Thumb, 20 bytes, Stack size 8 bytes, dl_common.o(.text.DL_Common_delayCycles))
<BR><BR>[Stack]<UL><LI>Max Depth = 8<LI>Call Chain = DL_Common_delayCycles
</UL>
<BR>[Called By]<UL><LI><a href="#[86]">&gt;&gt;</a>&nbsp;&nbsp;&nbsp;delay_us
<LI><a href="#[7b]">&gt;&gt;</a>&nbsp;&nbsp;&nbsp;delay_ms
<LI><a href="#[dd]">&gt;&gt;</a>&nbsp;&nbsp;&nbsp;SYSCFG_DL_VREF_init
<LI><a href="#[e1]">&gt;&gt;</a>&nbsp;&nbsp;&nbsp;SYSCFG_DL_initPower
</UL>

<P><STRONG><a name="[5a]"></a>DL_I2C_setClockConfig</STRONG> (Thumb, 48 bytes, Stack size 16 bytes, dl_i2c.o(.text.DL_I2C_setClockConfig))
<BR><BR>[Stack]<UL><LI>Max Depth = 32<LI>Call Chain = DL_I2C_setClockConfig &rArr; DL_Common_updateReg
</UL>
<BR>[Calls]<UL><LI><a href="#[5b]">&gt;&gt;</a>&nbsp;&nbsp;&nbsp;DL_Common_updateReg
</UL>
<BR>[Called By]<UL><LI><a href="#[c6]">&gt;&gt;</a>&nbsp;&nbsp;&nbsp;SYSCFG_DL_I2C_1_init
</UL>

<P><STRONG><a name="[60]"></a>DL_TimerA_initPWMMode</STRONG> (Thumb, 234 bytes, Stack size 56 bytes, dl_timer.o(.text.DL_TimerA_initPWMMode))
<BR><BR>[Stack]<UL><LI>Max Depth = 152<LI>Call Chain = DL_TimerA_initPWMMode &rArr; DL_Timer_initPWMMode &rArr; DL_Timer_setCaptureCompareInput &rArr; DL_Common_updateReg
</UL>
<BR>[Calls]<UL><LI><a href="#[63]">&gt;&gt;</a>&nbsp;&nbsp;&nbsp;DL_Timer_setCaptureCompareOutCtl
<LI><a href="#[65]">&gt;&gt;</a>&nbsp;&nbsp;&nbsp;DL_Timer_initPWMMode
<LI><a href="#[61]">&gt;&gt;</a>&nbsp;&nbsp;&nbsp;DL_Timer_setCaptureCompareAction
<LI><a href="#[64]">&gt;&gt;</a>&nbsp;&nbsp;&nbsp;DL_Timer_setCaptureCompareInput
<LI><a href="#[62]">&gt;&gt;</a>&nbsp;&nbsp;&nbsp;DL_Timer_setCaptureCompareCtl
</UL>
<BR>[Called By]<UL><LI><a href="#[cc]">&gt;&gt;</a>&nbsp;&nbsp;&nbsp;SYSCFG_DL_Motor_init
</UL>

<P><STRONG><a name="[65]"></a>DL_Timer_initPWMMode</STRONG> (Thumb, 260 bytes, Stack size 48 bytes, dl_timer.o(.text.DL_Timer_initPWMMode))
<BR><BR>[Stack]<UL><LI>Max Depth = 96<LI>Call Chain = DL_Timer_initPWMMode &rArr; DL_Timer_setCaptureCompareInput &rArr; DL_Common_updateReg
</UL>
<BR>[Calls]<UL><LI><a href="#[63]">&gt;&gt;</a>&nbsp;&nbsp;&nbsp;DL_Timer_setCaptureCompareOutCtl
<LI><a href="#[61]">&gt;&gt;</a>&nbsp;&nbsp;&nbsp;DL_Timer_setCaptureCompareAction
<LI><a href="#[64]">&gt;&gt;</a>&nbsp;&nbsp;&nbsp;DL_Timer_setCaptureCompareInput
<LI><a href="#[62]">&gt;&gt;</a>&nbsp;&nbsp;&nbsp;DL_Timer_setCaptureCompareCtl
<LI><a href="#[68]">&gt;&gt;</a>&nbsp;&nbsp;&nbsp;DL_Common_updateReg
<LI><a href="#[67]">&gt;&gt;</a>&nbsp;&nbsp;&nbsp;DL_Timer_setCounterValueAfterEnable
<LI><a href="#[66]">&gt;&gt;</a>&nbsp;&nbsp;&nbsp;DL_Timer_setLoadValue
</UL>
<BR>[Called By]<UL><LI><a href="#[60]">&gt;&gt;</a>&nbsp;&nbsp;&nbsp;DL_TimerA_initPWMMode
<LI><a href="#[d5]">&gt;&gt;</a>&nbsp;&nbsp;&nbsp;SYSCFG_DL_Sever_init
</UL>

<P><STRONG><a name="[69]"></a>DL_Timer_initTimerMode</STRONG> (Thumb, 252 bytes, Stack size 24 bytes, dl_timer.o(.text.DL_Timer_initTimerMode))
<BR><BR>[Stack]<UL><LI>Max Depth = 72<LI>Call Chain = DL_Timer_initTimerMode &rArr; DL_Timer_setCaptureCompareCtl &rArr; DL_Common_updateReg
</UL>
<BR>[Calls]<UL><LI><a href="#[6a]">&gt;&gt;</a>&nbsp;&nbsp;&nbsp;DL_Timer_setCaptureCompareValue
<LI><a href="#[62]">&gt;&gt;</a>&nbsp;&nbsp;&nbsp;DL_Timer_setCaptureCompareCtl
<LI><a href="#[67]">&gt;&gt;</a>&nbsp;&nbsp;&nbsp;DL_Timer_setCounterValueAfterEnable
<LI><a href="#[66]">&gt;&gt;</a>&nbsp;&nbsp;&nbsp;DL_Timer_setLoadValue
</UL>
<BR>[Called By]<UL><LI><a href="#[d6]">&gt;&gt;</a>&nbsp;&nbsp;&nbsp;SYSCFG_DL_TIMER_0_init
</UL>

<P><STRONG><a name="[6b]"></a>DL_Timer_setCaptCompUpdateMethod</STRONG> (Thumb, 48 bytes, Stack size 24 bytes, dl_timer.o(.text.DL_Timer_setCaptCompUpdateMethod))
<BR><BR>[Stack]<UL><LI>Max Depth = 40<LI>Call Chain = DL_Timer_setCaptCompUpdateMethod &rArr; DL_Common_updateReg
</UL>
<BR>[Calls]<UL><LI><a href="#[68]">&gt;&gt;</a>&nbsp;&nbsp;&nbsp;DL_Common_updateReg
</UL>
<BR>[Called By]<UL><LI><a href="#[cc]">&gt;&gt;</a>&nbsp;&nbsp;&nbsp;SYSCFG_DL_Motor_init
<LI><a href="#[d5]">&gt;&gt;</a>&nbsp;&nbsp;&nbsp;SYSCFG_DL_Sever_init
</UL>

<P><STRONG><a name="[61]"></a>DL_Timer_setCaptureCompareAction</STRONG> (Thumb, 44 bytes, Stack size 24 bytes, dl_timer.o(.text.DL_Timer_setCaptureCompareAction))
<BR><BR>[Stack]<UL><LI>Max Depth = 40<LI>Call Chain = DL_Timer_setCaptureCompareAction &rArr; DL_Common_updateReg
</UL>
<BR>[Calls]<UL><LI><a href="#[68]">&gt;&gt;</a>&nbsp;&nbsp;&nbsp;DL_Common_updateReg
</UL>
<BR>[Called By]<UL><LI><a href="#[60]">&gt;&gt;</a>&nbsp;&nbsp;&nbsp;DL_TimerA_initPWMMode
<LI><a href="#[65]">&gt;&gt;</a>&nbsp;&nbsp;&nbsp;DL_Timer_initPWMMode
</UL>

<P><STRONG><a name="[62]"></a>DL_Timer_setCaptureCompareCtl</STRONG> (Thumb, 52 bytes, Stack size 32 bytes, dl_timer.o(.text.DL_Timer_setCaptureCompareCtl))
<BR><BR>[Stack]<UL><LI>Max Depth = 48<LI>Call Chain = DL_Timer_setCaptureCompareCtl &rArr; DL_Common_updateReg
</UL>
<BR>[Calls]<UL><LI><a href="#[68]">&gt;&gt;</a>&nbsp;&nbsp;&nbsp;DL_Common_updateReg
</UL>
<BR>[Called By]<UL><LI><a href="#[69]">&gt;&gt;</a>&nbsp;&nbsp;&nbsp;DL_Timer_initTimerMode
<LI><a href="#[60]">&gt;&gt;</a>&nbsp;&nbsp;&nbsp;DL_TimerA_initPWMMode
<LI><a href="#[65]">&gt;&gt;</a>&nbsp;&nbsp;&nbsp;DL_Timer_initPWMMode
</UL>

<P><STRONG><a name="[64]"></a>DL_Timer_setCaptureCompareInput</STRONG> (Thumb, 52 bytes, Stack size 32 bytes, dl_timer.o(.text.DL_Timer_setCaptureCompareInput))
<BR><BR>[Stack]<UL><LI>Max Depth = 48<LI>Call Chain = DL_Timer_setCaptureCompareInput &rArr; DL_Common_updateReg
</UL>
<BR>[Calls]<UL><LI><a href="#[68]">&gt;&gt;</a>&nbsp;&nbsp;&nbsp;DL_Common_updateReg
</UL>
<BR>[Called By]<UL><LI><a href="#[60]">&gt;&gt;</a>&nbsp;&nbsp;&nbsp;DL_TimerA_initPWMMode
<LI><a href="#[65]">&gt;&gt;</a>&nbsp;&nbsp;&nbsp;DL_Timer_initPWMMode
</UL>

<P><STRONG><a name="[63]"></a>DL_Timer_setCaptureCompareOutCtl</STRONG> (Thumb, 60 bytes, Stack size 36 bytes, dl_timer.o(.text.DL_Timer_setCaptureCompareOutCtl))
<BR><BR>[Stack]<UL><LI>Max Depth = 36<LI>Call Chain = DL_Timer_setCaptureCompareOutCtl
</UL>
<BR>[Called By]<UL><LI><a href="#[60]">&gt;&gt;</a>&nbsp;&nbsp;&nbsp;DL_TimerA_initPWMMode
<LI><a href="#[65]">&gt;&gt;</a>&nbsp;&nbsp;&nbsp;DL_Timer_initPWMMode
<LI><a href="#[cc]">&gt;&gt;</a>&nbsp;&nbsp;&nbsp;SYSCFG_DL_Motor_init
<LI><a href="#[d5]">&gt;&gt;</a>&nbsp;&nbsp;&nbsp;SYSCFG_DL_Sever_init
</UL>

<P><STRONG><a name="[6a]"></a>DL_Timer_setCaptureCompareValue</STRONG> (Thumb, 40 bytes, Stack size 16 bytes, dl_timer.o(.text.DL_Timer_setCaptureCompareValue))
<BR><BR>[Stack]<UL><LI>Max Depth = 16<LI>Call Chain = DL_Timer_setCaptureCompareValue
</UL>
<BR>[Called By]<UL><LI><a href="#[69]">&gt;&gt;</a>&nbsp;&nbsp;&nbsp;DL_Timer_initTimerMode
<LI><a href="#[cc]">&gt;&gt;</a>&nbsp;&nbsp;&nbsp;SYSCFG_DL_Motor_init
<LI><a href="#[d5]">&gt;&gt;</a>&nbsp;&nbsp;&nbsp;SYSCFG_DL_Sever_init
<LI><a href="#[4f]">&gt;&gt;</a>&nbsp;&nbsp;&nbsp;PWM_SET
</UL>

<P><STRONG><a name="[cd]"></a>DL_Timer_setClockConfig</STRONG> (Thumb, 44 bytes, Stack size 8 bytes, dl_timer.o(.text.DL_Timer_setClockConfig))
<BR><BR>[Stack]<UL><LI>Max Depth = 8<LI>Call Chain = DL_Timer_setClockConfig
</UL>
<BR>[Called By]<UL><LI><a href="#[d6]">&gt;&gt;</a>&nbsp;&nbsp;&nbsp;SYSCFG_DL_TIMER_0_init
<LI><a href="#[cc]">&gt;&gt;</a>&nbsp;&nbsp;&nbsp;SYSCFG_DL_Motor_init
<LI><a href="#[d5]">&gt;&gt;</a>&nbsp;&nbsp;&nbsp;SYSCFG_DL_Sever_init
</UL>

<P><STRONG><a name="[6c]"></a>DL_UART_init</STRONG> (Thumb, 68 bytes, Stack size 16 bytes, dl_uart.o(.text.DL_UART_init))
<BR><BR>[Stack]<UL><LI>Max Depth = 32<LI>Call Chain = DL_UART_init &rArr; DL_Common_updateReg
</UL>
<BR>[Calls]<UL><LI><a href="#[6e]">&gt;&gt;</a>&nbsp;&nbsp;&nbsp;DL_Common_updateReg
<LI><a href="#[6d]">&gt;&gt;</a>&nbsp;&nbsp;&nbsp;DL_UART_disable
</UL>
<BR>[Called By]<UL><LI><a href="#[dc]">&gt;&gt;</a>&nbsp;&nbsp;&nbsp;SYSCFG_DL_UART_1_init
<LI><a href="#[d8]">&gt;&gt;</a>&nbsp;&nbsp;&nbsp;SYSCFG_DL_UART_0_init
</UL>

<P><STRONG><a name="[d9]"></a>DL_UART_setClockConfig</STRONG> (Thumb, 32 bytes, Stack size 8 bytes, dl_uart.o(.text.DL_UART_setClockConfig))
<BR><BR>[Stack]<UL><LI>Max Depth = 8<LI>Call Chain = DL_UART_setClockConfig
</UL>
<BR>[Called By]<UL><LI><a href="#[dc]">&gt;&gt;</a>&nbsp;&nbsp;&nbsp;SYSCFG_DL_UART_1_init
<LI><a href="#[d8]">&gt;&gt;</a>&nbsp;&nbsp;&nbsp;SYSCFG_DL_UART_0_init
</UL>

<P><STRONG><a name="[de]"></a>DL_VREF_configReference</STRONG> (Thumb, 48 bytes, Stack size 8 bytes, dl_vref.o(.text.DL_VREF_configReference))
<BR><BR>[Stack]<UL><LI>Max Depth = 8<LI>Call Chain = DL_VREF_configReference
</UL>
<BR>[Called By]<UL><LI><a href="#[dd]">&gt;&gt;</a>&nbsp;&nbsp;&nbsp;SYSCFG_DL_VREF_init
</UL>

<P><STRONG><a name="[78]"></a>Encoder1_Get</STRONG> (Thumb, 20 bytes, Stack size 4 bytes, encoder.o(.text.Encoder1_Get))
<BR><BR>[Stack]<UL><LI>Max Depth = 4<LI>Call Chain = Encoder1_Get
</UL>
<BR>[Called By]<UL><LI><a href="#[7]">&gt;&gt;</a>&nbsp;&nbsp;&nbsp;GROUP1_IRQHandler
</UL>

<P><STRONG><a name="[77]"></a>Encoder_Get</STRONG> (Thumb, 20 bytes, Stack size 4 bytes, encoder.o(.text.Encoder_Get))
<BR><BR>[Stack]<UL><LI>Max Depth = 4<LI>Call Chain = Encoder_Get
</UL>
<BR>[Called By]<UL><LI><a href="#[7]">&gt;&gt;</a>&nbsp;&nbsp;&nbsp;GROUP1_IRQHandler
</UL>

<P><STRONG><a name="[71]"></a>Encoder_Init</STRONG> (Thumb, 10 bytes, Stack size 8 bytes, encoder.o(.text.Encoder_Init))
<BR><BR>[Stack]<UL><LI>Max Depth = 12<LI>Call Chain = Encoder_Init &rArr; __NVIC_EnableIRQ
</UL>
<BR>[Calls]<UL><LI><a href="#[72]">&gt;&gt;</a>&nbsp;&nbsp;&nbsp;__NVIC_EnableIRQ
</UL>
<BR>[Called By]<UL><LI><a href="#[28]">&gt;&gt;</a>&nbsp;&nbsp;&nbsp;main
</UL>

<P><STRONG><a name="[7]"></a>GROUP1_IRQHandler</STRONG> (Thumb, 688 bytes, Stack size 48 bytes, encoder.o(.text.GROUP1_IRQHandler))
<BR><BR>[Stack]<UL><LI>Max Depth = 56<LI>Call Chain = GROUP1_IRQHandler &rArr; DL_GPIO_clearInterruptStatus
</UL>
<BR>[Calls]<UL><LI><a href="#[78]">&gt;&gt;</a>&nbsp;&nbsp;&nbsp;Encoder1_Get
<LI><a href="#[77]">&gt;&gt;</a>&nbsp;&nbsp;&nbsp;Encoder_Get
<LI><a href="#[76]">&gt;&gt;</a>&nbsp;&nbsp;&nbsp;DL_GPIO_clearInterruptStatus
<LI><a href="#[75]">&gt;&gt;</a>&nbsp;&nbsp;&nbsp;DL_GPIO_readPins
<LI><a href="#[74]">&gt;&gt;</a>&nbsp;&nbsp;&nbsp;DL_GPIO_getEnabledInterruptStatus
<LI><a href="#[73]">&gt;&gt;</a>&nbsp;&nbsp;&nbsp;DL_Interrupt_getPendingGroup
</UL>
<BR>[Address Reference Count : 1]<UL><LI> startup_mspm0g350x_uvision.o(RESET)
</UL>
<P><STRONG><a name="[79]"></a>HC_Length</STRONG> (Thumb, 324 bytes, Stack size 56 bytes, hc_sr04.o(.text.HC_Length))
<BR><BR>[Stack]<UL><LI>Max Depth = 120<LI>Call Chain = HC_Length &rArr; __aeabi_ddiv
</UL>
<BR>[Calls]<UL><LI><a href="#[7e]">&gt;&gt;</a>&nbsp;&nbsp;&nbsp;DL_Timer_getTimerCount
<LI><a href="#[7d]">&gt;&gt;</a>&nbsp;&nbsp;&nbsp;DL_GPIO_readPins
<LI><a href="#[7c]">&gt;&gt;</a>&nbsp;&nbsp;&nbsp;DL_GPIO_clearPins
<LI><a href="#[7a]">&gt;&gt;</a>&nbsp;&nbsp;&nbsp;DL_GPIO_setPins
<LI><a href="#[7b]">&gt;&gt;</a>&nbsp;&nbsp;&nbsp;delay_ms
<LI><a href="#[36]">&gt;&gt;</a>&nbsp;&nbsp;&nbsp;__aeabi_i2d
<LI><a href="#[80]">&gt;&gt;</a>&nbsp;&nbsp;&nbsp;__aeabi_ddiv
<LI><a href="#[81]">&gt;&gt;</a>&nbsp;&nbsp;&nbsp;__aeabi_dcmpgt
<LI><a href="#[7f]">&gt;&gt;</a>&nbsp;&nbsp;&nbsp;__aeabi_dcmpge
</UL>
<BR>[Called By]<UL><LI><a href="#[f9]">&gt;&gt;</a>&nbsp;&nbsp;&nbsp;avoid_thing
</UL>

<P><STRONG><a name="[82]"></a>I2C_WaitAck</STRONG> (Thumb, 172 bytes, Stack size 32 bytes, mpu.o(.text.I2C_WaitAck))
<BR><BR>[Stack]<UL><LI>Max Depth = 80<LI>Call Chain = I2C_WaitAck &rArr; IIC_Stop &rArr; delay_us &rArr; DL_Common_delayCycles
</UL>
<BR>[Calls]<UL><LI><a href="#[86]">&gt;&gt;</a>&nbsp;&nbsp;&nbsp;delay_us
<LI><a href="#[87]">&gt;&gt;</a>&nbsp;&nbsp;&nbsp;IIC_Stop
<LI><a href="#[85]">&gt;&gt;</a>&nbsp;&nbsp;&nbsp;DL_GPIO_readPins
<LI><a href="#[83]">&gt;&gt;</a>&nbsp;&nbsp;&nbsp;DL_GPIO_initDigitalInput
<LI><a href="#[84]">&gt;&gt;</a>&nbsp;&nbsp;&nbsp;DL_GPIO_setPins
<LI><a href="#[88]">&gt;&gt;</a>&nbsp;&nbsp;&nbsp;DL_GPIO_clearPins
<LI><a href="#[8a]">&gt;&gt;</a>&nbsp;&nbsp;&nbsp;DL_GPIO_enableOutput
<LI><a href="#[89]">&gt;&gt;</a>&nbsp;&nbsp;&nbsp;DL_GPIO_initDigitalOutput
</UL>
<BR>[Called By]<UL><LI><a href="#[100]">&gt;&gt;</a>&nbsp;&nbsp;&nbsp;readDataJy61p
<LI><a href="#[104]">&gt;&gt;</a>&nbsp;&nbsp;&nbsp;writeDataJy61p
</UL>

<P><STRONG><a name="[8b]"></a>IIC_Send_Ack</STRONG> (Thumb, 120 bytes, Stack size 32 bytes, mpu.o(.text.IIC_Send_Ack))
<BR><BR>[Stack]<UL><LI>Max Depth = 56<LI>Call Chain = IIC_Send_Ack &rArr; delay_us &rArr; DL_Common_delayCycles
</UL>
<BR>[Calls]<UL><LI><a href="#[86]">&gt;&gt;</a>&nbsp;&nbsp;&nbsp;delay_us
<LI><a href="#[84]">&gt;&gt;</a>&nbsp;&nbsp;&nbsp;DL_GPIO_setPins
<LI><a href="#[88]">&gt;&gt;</a>&nbsp;&nbsp;&nbsp;DL_GPIO_clearPins
<LI><a href="#[8a]">&gt;&gt;</a>&nbsp;&nbsp;&nbsp;DL_GPIO_enableOutput
<LI><a href="#[89]">&gt;&gt;</a>&nbsp;&nbsp;&nbsp;DL_GPIO_initDigitalOutput
</UL>
<BR>[Called By]<UL><LI><a href="#[100]">&gt;&gt;</a>&nbsp;&nbsp;&nbsp;readDataJy61p
</UL>

<P><STRONG><a name="[8c]"></a>IIC_Start</STRONG> (Thumb, 88 bytes, Stack size 24 bytes, mpu.o(.text.IIC_Start))
<BR><BR>[Stack]<UL><LI>Max Depth = 48<LI>Call Chain = IIC_Start &rArr; delay_us &rArr; DL_Common_delayCycles
</UL>
<BR>[Calls]<UL><LI><a href="#[86]">&gt;&gt;</a>&nbsp;&nbsp;&nbsp;delay_us
<LI><a href="#[84]">&gt;&gt;</a>&nbsp;&nbsp;&nbsp;DL_GPIO_setPins
<LI><a href="#[88]">&gt;&gt;</a>&nbsp;&nbsp;&nbsp;DL_GPIO_clearPins
<LI><a href="#[8a]">&gt;&gt;</a>&nbsp;&nbsp;&nbsp;DL_GPIO_enableOutput
<LI><a href="#[89]">&gt;&gt;</a>&nbsp;&nbsp;&nbsp;DL_GPIO_initDigitalOutput
</UL>
<BR>[Called By]<UL><LI><a href="#[100]">&gt;&gt;</a>&nbsp;&nbsp;&nbsp;readDataJy61p
<LI><a href="#[104]">&gt;&gt;</a>&nbsp;&nbsp;&nbsp;writeDataJy61p
</UL>

<P><STRONG><a name="[87]"></a>IIC_Stop</STRONG> (Thumb, 76 bytes, Stack size 24 bytes, mpu.o(.text.IIC_Stop))
<BR><BR>[Stack]<UL><LI>Max Depth = 48<LI>Call Chain = IIC_Stop &rArr; delay_us &rArr; DL_Common_delayCycles
</UL>
<BR>[Calls]<UL><LI><a href="#[86]">&gt;&gt;</a>&nbsp;&nbsp;&nbsp;delay_us
<LI><a href="#[84]">&gt;&gt;</a>&nbsp;&nbsp;&nbsp;DL_GPIO_setPins
<LI><a href="#[88]">&gt;&gt;</a>&nbsp;&nbsp;&nbsp;DL_GPIO_clearPins
<LI><a href="#[8a]">&gt;&gt;</a>&nbsp;&nbsp;&nbsp;DL_GPIO_enableOutput
<LI><a href="#[89]">&gt;&gt;</a>&nbsp;&nbsp;&nbsp;DL_GPIO_initDigitalOutput
</UL>
<BR>[Called By]<UL><LI><a href="#[100]">&gt;&gt;</a>&nbsp;&nbsp;&nbsp;readDataJy61p
<LI><a href="#[82]">&gt;&gt;</a>&nbsp;&nbsp;&nbsp;I2C_WaitAck
<LI><a href="#[104]">&gt;&gt;</a>&nbsp;&nbsp;&nbsp;writeDataJy61p
</UL>

<P><STRONG><a name="[8d]"></a>KEY_Init</STRONG> (Thumb, 76 bytes, Stack size 24 bytes, key.o(.text.KEY_Init))
<BR><BR>[Stack]<UL><LI>Max Depth = 48<LI>Call Chain = KEY_Init &rArr; DL_GPIO_initDigitalInputFeatures
</UL>
<BR>[Calls]<UL><LI><a href="#[8e]">&gt;&gt;</a>&nbsp;&nbsp;&nbsp;DL_GPIO_initDigitalInputFeatures
</UL>
<BR>[Called By]<UL><LI><a href="#[28]">&gt;&gt;</a>&nbsp;&nbsp;&nbsp;main
</UL>

<P><STRONG><a name="[8f]"></a>Motor_Init</STRONG> (Thumb, 12 bytes, Stack size 8 bytes, motor.o(.text.Motor_Init))
<BR><BR>[Stack]<UL><LI>Max Depth = 12<LI>Call Chain = Motor_Init &rArr; DL_Timer_startCounter
</UL>
<BR>[Calls]<UL><LI><a href="#[90]">&gt;&gt;</a>&nbsp;&nbsp;&nbsp;DL_Timer_startCounter
</UL>
<BR>[Called By]<UL><LI><a href="#[28]">&gt;&gt;</a>&nbsp;&nbsp;&nbsp;main
</UL>

<P><STRONG><a name="[a4]"></a>OLED_ClearArea</STRONG> (Thumb, 216 bytes, Stack size 32 bytes, oled.o(.text.OLED_ClearArea))
<BR><BR>[Stack]<UL><LI>Max Depth = 32<LI>Call Chain = OLED_ClearArea
</UL>
<BR>[Called By]<UL><LI><a href="#[9b]">&gt;&gt;</a>&nbsp;&nbsp;&nbsp;OLED_ShowImage
</UL>

<P><STRONG><a name="[91]"></a>OLED_GPIO_Init</STRONG> (Thumb, 32 bytes, Stack size 16 bytes, oled.o(.text.OLED_GPIO_Init))
<BR><BR>[Stack]<UL><LI>Max Depth = 24<LI>Call Chain = OLED_GPIO_Init &rArr; DL_GPIO_setPins
</UL>
<BR>[Calls]<UL><LI><a href="#[92]">&gt;&gt;</a>&nbsp;&nbsp;&nbsp;DL_GPIO_setPins
</UL>
<BR>[Called By]<UL><LI><a href="#[97]">&gt;&gt;</a>&nbsp;&nbsp;&nbsp;OLED_Init
</UL>

<P><STRONG><a name="[93]"></a>OLED_I2C_SendByte</STRONG> (Thumb, 128 bytes, Stack size 32 bytes, oled.o(.text.OLED_I2C_SendByte))
<BR><BR>[Stack]<UL><LI>Max Depth = 40<LI>Call Chain = OLED_I2C_SendByte &rArr; DL_GPIO_clearPins
</UL>
<BR>[Calls]<UL><LI><a href="#[94]">&gt;&gt;</a>&nbsp;&nbsp;&nbsp;DL_GPIO_clearPins
<LI><a href="#[92]">&gt;&gt;</a>&nbsp;&nbsp;&nbsp;DL_GPIO_setPins
</UL>
<BR>[Called By]<UL><LI><a href="#[a9]">&gt;&gt;</a>&nbsp;&nbsp;&nbsp;OLED_WriteData
<LI><a href="#[98]">&gt;&gt;</a>&nbsp;&nbsp;&nbsp;OLED_WriteCommand
</UL>

<P><STRONG><a name="[95]"></a>OLED_I2C_Start</STRONG> (Thumb, 56 bytes, Stack size 32 bytes, oled.o(.text.OLED_I2C_Start))
<BR><BR>[Stack]<UL><LI>Max Depth = 40<LI>Call Chain = OLED_I2C_Start &rArr; DL_GPIO_clearPins
</UL>
<BR>[Calls]<UL><LI><a href="#[94]">&gt;&gt;</a>&nbsp;&nbsp;&nbsp;DL_GPIO_clearPins
<LI><a href="#[92]">&gt;&gt;</a>&nbsp;&nbsp;&nbsp;DL_GPIO_setPins
</UL>
<BR>[Called By]<UL><LI><a href="#[a9]">&gt;&gt;</a>&nbsp;&nbsp;&nbsp;OLED_WriteData
<LI><a href="#[98]">&gt;&gt;</a>&nbsp;&nbsp;&nbsp;OLED_WriteCommand
</UL>

<P><STRONG><a name="[96]"></a>OLED_I2C_Stop</STRONG> (Thumb, 44 bytes, Stack size 24 bytes, oled.o(.text.OLED_I2C_Stop))
<BR><BR>[Stack]<UL><LI>Max Depth = 32<LI>Call Chain = OLED_I2C_Stop &rArr; DL_GPIO_clearPins
</UL>
<BR>[Calls]<UL><LI><a href="#[94]">&gt;&gt;</a>&nbsp;&nbsp;&nbsp;DL_GPIO_clearPins
<LI><a href="#[92]">&gt;&gt;</a>&nbsp;&nbsp;&nbsp;DL_GPIO_setPins
</UL>
<BR>[Called By]<UL><LI><a href="#[a9]">&gt;&gt;</a>&nbsp;&nbsp;&nbsp;OLED_WriteData
<LI><a href="#[98]">&gt;&gt;</a>&nbsp;&nbsp;&nbsp;OLED_WriteCommand
</UL>

<P><STRONG><a name="[97]"></a>OLED_Init</STRONG> (Thumb, 146 bytes, Stack size 8 bytes, oled.o(.text.OLED_Init))
<BR><BR>[Stack]<UL><LI>Max Depth = 64<LI>Call Chain = OLED_Init &rArr; OLED_WriteCommand &rArr; OLED_I2C_SendByte &rArr; DL_GPIO_clearPins
</UL>
<BR>[Calls]<UL><LI><a href="#[98]">&gt;&gt;</a>&nbsp;&nbsp;&nbsp;OLED_WriteCommand
<LI><a href="#[91]">&gt;&gt;</a>&nbsp;&nbsp;&nbsp;OLED_GPIO_Init
</UL>
<BR>[Called By]<UL><LI><a href="#[28]">&gt;&gt;</a>&nbsp;&nbsp;&nbsp;main
</UL>

<P><STRONG><a name="[a1]"></a>OLED_Pow</STRONG> (Thumb, 40 bytes, Stack size 12 bytes, oled.o(.text.OLED_Pow))
<BR><BR>[Stack]<UL><LI>Max Depth = 12<LI>Call Chain = OLED_Pow
</UL>
<BR>[Called By]<UL><LI><a href="#[9c]">&gt;&gt;</a>&nbsp;&nbsp;&nbsp;OLED_ShowFloatNum
<LI><a href="#[a6]">&gt;&gt;</a>&nbsp;&nbsp;&nbsp;OLED_ShowSignedNum
<LI><a href="#[9f]">&gt;&gt;</a>&nbsp;&nbsp;&nbsp;OLED_ShowNum
</UL>

<P><STRONG><a name="[99]"></a>OLED_SetCursor</STRONG> (Thumb, 54 bytes, Stack size 24 bytes, oled.o(.text.OLED_SetCursor))
<BR><BR>[Stack]<UL><LI>Max Depth = 80<LI>Call Chain = OLED_SetCursor &rArr; OLED_WriteCommand &rArr; OLED_I2C_SendByte &rArr; DL_GPIO_clearPins
</UL>
<BR>[Calls]<UL><LI><a href="#[98]">&gt;&gt;</a>&nbsp;&nbsp;&nbsp;OLED_WriteCommand
</UL>
<BR>[Called By]<UL><LI><a href="#[a8]">&gt;&gt;</a>&nbsp;&nbsp;&nbsp;OLED_Update
</UL>

<P><STRONG><a name="[9a]"></a>OLED_ShowChar</STRONG> (Thumb, 112 bytes, Stack size 32 bytes, oled.o(.text.OLED_ShowChar))
<BR><BR>[Stack]<UL><LI>Max Depth = 112<LI>Call Chain = OLED_ShowChar &rArr; OLED_ShowImage &rArr; OLED_ClearArea
</UL>
<BR>[Calls]<UL><LI><a href="#[9b]">&gt;&gt;</a>&nbsp;&nbsp;&nbsp;OLED_ShowImage
</UL>
<BR>[Called By]<UL><LI><a href="#[9c]">&gt;&gt;</a>&nbsp;&nbsp;&nbsp;OLED_ShowFloatNum
<LI><a href="#[a6]">&gt;&gt;</a>&nbsp;&nbsp;&nbsp;OLED_ShowSignedNum
<LI><a href="#[9f]">&gt;&gt;</a>&nbsp;&nbsp;&nbsp;OLED_ShowNum
<LI><a href="#[a7]">&gt;&gt;</a>&nbsp;&nbsp;&nbsp;OLED_ShowString
</UL>

<P><STRONG><a name="[9c]"></a>OLED_ShowFloatNum</STRONG> (Thumb, 316 bytes, Stack size 112 bytes, oled.o(.text.OLED_ShowFloatNum))
<BR><BR>[Stack]<UL><LI>Max Depth = 280<LI>Call Chain = OLED_ShowFloatNum &rArr; OLED_ShowNum &rArr; OLED_ShowChar &rArr; OLED_ShowImage &rArr; OLED_ClearArea
</UL>
<BR>[Calls]<UL><LI><a href="#[9a]">&gt;&gt;</a>&nbsp;&nbsp;&nbsp;OLED_ShowChar
<LI><a href="#[a1]">&gt;&gt;</a>&nbsp;&nbsp;&nbsp;OLED_Pow
<LI><a href="#[9f]">&gt;&gt;</a>&nbsp;&nbsp;&nbsp;OLED_ShowNum
<LI><a href="#[a0]">&gt;&gt;</a>&nbsp;&nbsp;&nbsp;__aeabi_dsub
<LI><a href="#[a3]">&gt;&gt;</a>&nbsp;&nbsp;&nbsp;__aeabi_uidivmod
<LI><a href="#[a2]">&gt;&gt;</a>&nbsp;&nbsp;&nbsp;__aeabi_dmul
<LI><a href="#[38]">&gt;&gt;</a>&nbsp;&nbsp;&nbsp;__aeabi_ui2d
<LI><a href="#[9e]">&gt;&gt;</a>&nbsp;&nbsp;&nbsp;__aeabi_d2uiz
<LI><a href="#[9d]">&gt;&gt;</a>&nbsp;&nbsp;&nbsp;__aeabi_dcmplt
</UL>
<BR>[Called By]<UL><LI><a href="#[aa]">&gt;&gt;</a>&nbsp;&nbsp;&nbsp;Oled_Show
</UL>

<P><STRONG><a name="[9b]"></a>OLED_ShowImage</STRONG> (Thumb, 320 bytes, Stack size 48 bytes, oled.o(.text.OLED_ShowImage))
<BR><BR>[Stack]<UL><LI>Max Depth = 80<LI>Call Chain = OLED_ShowImage &rArr; OLED_ClearArea
</UL>
<BR>[Calls]<UL><LI><a href="#[a4]">&gt;&gt;</a>&nbsp;&nbsp;&nbsp;OLED_ClearArea
</UL>
<BR>[Called By]<UL><LI><a href="#[9a]">&gt;&gt;</a>&nbsp;&nbsp;&nbsp;OLED_ShowChar
</UL>

<P><STRONG><a name="[9f]"></a>OLED_ShowNum</STRONG> (Thumb, 138 bytes, Stack size 56 bytes, oled.o(.text.OLED_ShowNum))
<BR><BR>[Stack]<UL><LI>Max Depth = 168<LI>Call Chain = OLED_ShowNum &rArr; OLED_ShowChar &rArr; OLED_ShowImage &rArr; OLED_ClearArea
</UL>
<BR>[Calls]<UL><LI><a href="#[9a]">&gt;&gt;</a>&nbsp;&nbsp;&nbsp;OLED_ShowChar
<LI><a href="#[a1]">&gt;&gt;</a>&nbsp;&nbsp;&nbsp;OLED_Pow
<LI><a href="#[a3]">&gt;&gt;</a>&nbsp;&nbsp;&nbsp;__aeabi_uidivmod
<LI><a href="#[a5]">&gt;&gt;</a>&nbsp;&nbsp;&nbsp;__aeabi_uidiv
</UL>
<BR>[Called By]<UL><LI><a href="#[9c]">&gt;&gt;</a>&nbsp;&nbsp;&nbsp;OLED_ShowFloatNum
<LI><a href="#[aa]">&gt;&gt;</a>&nbsp;&nbsp;&nbsp;Oled_Show
</UL>

<P><STRONG><a name="[a6]"></a>OLED_ShowSignedNum</STRONG> (Thumb, 198 bytes, Stack size 64 bytes, oled.o(.text.OLED_ShowSignedNum))
<BR><BR>[Stack]<UL><LI>Max Depth = 176<LI>Call Chain = OLED_ShowSignedNum &rArr; OLED_ShowChar &rArr; OLED_ShowImage &rArr; OLED_ClearArea
</UL>
<BR>[Calls]<UL><LI><a href="#[9a]">&gt;&gt;</a>&nbsp;&nbsp;&nbsp;OLED_ShowChar
<LI><a href="#[a1]">&gt;&gt;</a>&nbsp;&nbsp;&nbsp;OLED_Pow
<LI><a href="#[a3]">&gt;&gt;</a>&nbsp;&nbsp;&nbsp;__aeabi_uidivmod
<LI><a href="#[a5]">&gt;&gt;</a>&nbsp;&nbsp;&nbsp;__aeabi_uidiv
</UL>
<BR>[Called By]<UL><LI><a href="#[aa]">&gt;&gt;</a>&nbsp;&nbsp;&nbsp;Oled_Show
</UL>

<P><STRONG><a name="[a7]"></a>OLED_ShowString</STRONG> (Thumb, 86 bytes, Stack size 32 bytes, oled.o(.text.OLED_ShowString))
<BR><BR>[Stack]<UL><LI>Max Depth = 144<LI>Call Chain = OLED_ShowString &rArr; OLED_ShowChar &rArr; OLED_ShowImage &rArr; OLED_ClearArea
</UL>
<BR>[Calls]<UL><LI><a href="#[9a]">&gt;&gt;</a>&nbsp;&nbsp;&nbsp;OLED_ShowChar
</UL>
<BR>[Called By]<UL><LI><a href="#[ff]">&gt;&gt;</a>&nbsp;&nbsp;&nbsp;get_angle
<LI><a href="#[aa]">&gt;&gt;</a>&nbsp;&nbsp;&nbsp;Oled_Show
</UL>

<P><STRONG><a name="[a8]"></a>OLED_Update</STRONG> (Thumb, 68 bytes, Stack size 16 bytes, oled.o(.text.OLED_Update))
<BR><BR>[Stack]<UL><LI>Max Depth = 96<LI>Call Chain = OLED_Update &rArr; OLED_SetCursor &rArr; OLED_WriteCommand &rArr; OLED_I2C_SendByte &rArr; DL_GPIO_clearPins
</UL>
<BR>[Calls]<UL><LI><a href="#[99]">&gt;&gt;</a>&nbsp;&nbsp;&nbsp;OLED_SetCursor
<LI><a href="#[a9]">&gt;&gt;</a>&nbsp;&nbsp;&nbsp;OLED_WriteData
</UL>
<BR>[Called By]<UL><LI><a href="#[aa]">&gt;&gt;</a>&nbsp;&nbsp;&nbsp;Oled_Show
</UL>

<P><STRONG><a name="[98]"></a>OLED_WriteCommand</STRONG> (Thumb, 42 bytes, Stack size 16 bytes, oled.o(.text.OLED_WriteCommand))
<BR><BR>[Stack]<UL><LI>Max Depth = 56<LI>Call Chain = OLED_WriteCommand &rArr; OLED_I2C_SendByte &rArr; DL_GPIO_clearPins
</UL>
<BR>[Calls]<UL><LI><a href="#[93]">&gt;&gt;</a>&nbsp;&nbsp;&nbsp;OLED_I2C_SendByte
<LI><a href="#[96]">&gt;&gt;</a>&nbsp;&nbsp;&nbsp;OLED_I2C_Stop
<LI><a href="#[95]">&gt;&gt;</a>&nbsp;&nbsp;&nbsp;OLED_I2C_Start
</UL>
<BR>[Called By]<UL><LI><a href="#[99]">&gt;&gt;</a>&nbsp;&nbsp;&nbsp;OLED_SetCursor
<LI><a href="#[97]">&gt;&gt;</a>&nbsp;&nbsp;&nbsp;OLED_Init
</UL>

<P><STRONG><a name="[a9]"></a>OLED_WriteData</STRONG> (Thumb, 80 bytes, Stack size 24 bytes, oled.o(.text.OLED_WriteData))
<BR><BR>[Stack]<UL><LI>Max Depth = 64<LI>Call Chain = OLED_WriteData &rArr; OLED_I2C_SendByte &rArr; DL_GPIO_clearPins
</UL>
<BR>[Calls]<UL><LI><a href="#[93]">&gt;&gt;</a>&nbsp;&nbsp;&nbsp;OLED_I2C_SendByte
<LI><a href="#[96]">&gt;&gt;</a>&nbsp;&nbsp;&nbsp;OLED_I2C_Stop
<LI><a href="#[95]">&gt;&gt;</a>&nbsp;&nbsp;&nbsp;OLED_I2C_Start
</UL>
<BR>[Called By]<UL><LI><a href="#[a8]">&gt;&gt;</a>&nbsp;&nbsp;&nbsp;OLED_Update
</UL>

<P><STRONG><a name="[aa]"></a>Oled_Show</STRONG> (Thumb, 348 bytes, Stack size 72 bytes, main.o(.text.Oled_Show))
<BR><BR>[Stack]<UL><LI>Max Depth = 352<LI>Call Chain = Oled_Show &rArr; OLED_ShowFloatNum &rArr; OLED_ShowNum &rArr; OLED_ShowChar &rArr; OLED_ShowImage &rArr; OLED_ClearArea
</UL>
<BR>[Calls]<UL><LI><a href="#[a8]">&gt;&gt;</a>&nbsp;&nbsp;&nbsp;OLED_Update
<LI><a href="#[9c]">&gt;&gt;</a>&nbsp;&nbsp;&nbsp;OLED_ShowFloatNum
<LI><a href="#[a6]">&gt;&gt;</a>&nbsp;&nbsp;&nbsp;OLED_ShowSignedNum
<LI><a href="#[9f]">&gt;&gt;</a>&nbsp;&nbsp;&nbsp;OLED_ShowNum
<LI><a href="#[a7]">&gt;&gt;</a>&nbsp;&nbsp;&nbsp;OLED_ShowString
<LI><a href="#[ab]">&gt;&gt;</a>&nbsp;&nbsp;&nbsp;key_scan
<LI><a href="#[ac]">&gt;&gt;</a>&nbsp;&nbsp;&nbsp;DL_GPIO_readPins
<LI><a href="#[48]">&gt;&gt;</a>&nbsp;&nbsp;&nbsp;__aeabi_f2d
</UL>
<BR>[Called By]<UL><LI><a href="#[28]">&gt;&gt;</a>&nbsp;&nbsp;&nbsp;main
</UL>

<P><STRONG><a name="[4f]"></a>PWM_SET</STRONG> (Thumb, 200 bytes, Stack size 48 bytes, motor.o(.text.PWM_SET))
<BR><BR>[Stack]<UL><LI>Max Depth = 64<LI>Call Chain = PWM_SET &rArr; DL_Timer_setCaptureCompareValue
</UL>
<BR>[Calls]<UL><LI><a href="#[ae]">&gt;&gt;</a>&nbsp;&nbsp;&nbsp;DL_GPIO_clearPins
<LI><a href="#[ad]">&gt;&gt;</a>&nbsp;&nbsp;&nbsp;DL_GPIO_setPins
<LI><a href="#[6a]">&gt;&gt;</a>&nbsp;&nbsp;&nbsp;DL_Timer_setCaptureCompareValue
</UL>
<BR>[Called By]<UL><LI><a href="#[fb]">&gt;&gt;</a>&nbsp;&nbsp;&nbsp;function
<LI><a href="#[50]">&gt;&gt;</a>&nbsp;&nbsp;&nbsp;Black_Control_Left
<LI><a href="#[4d]">&gt;&gt;</a>&nbsp;&nbsp;&nbsp;Black_Control
<LI><a href="#[28]">&gt;&gt;</a>&nbsp;&nbsp;&nbsp;main
<LI><a href="#[f9]">&gt;&gt;</a>&nbsp;&nbsp;&nbsp;avoid_thing
<LI><a href="#[f7]">&gt;&gt;</a>&nbsp;&nbsp;&nbsp;angle_turn
<LI><a href="#[fe]">&gt;&gt;</a>&nbsp;&nbsp;&nbsp;zhixing
</UL>

<P><STRONG><a name="[af]"></a>Read_Byte</STRONG> (Thumb, 148 bytes, Stack size 32 bytes, mpu.o(.text.Read_Byte))
<BR><BR>[Stack]<UL><LI>Max Depth = 56<LI>Call Chain = Read_Byte &rArr; delay_us &rArr; DL_Common_delayCycles
</UL>
<BR>[Calls]<UL><LI><a href="#[86]">&gt;&gt;</a>&nbsp;&nbsp;&nbsp;delay_us
<LI><a href="#[85]">&gt;&gt;</a>&nbsp;&nbsp;&nbsp;DL_GPIO_readPins
<LI><a href="#[83]">&gt;&gt;</a>&nbsp;&nbsp;&nbsp;DL_GPIO_initDigitalInput
<LI><a href="#[84]">&gt;&gt;</a>&nbsp;&nbsp;&nbsp;DL_GPIO_setPins
<LI><a href="#[88]">&gt;&gt;</a>&nbsp;&nbsp;&nbsp;DL_GPIO_clearPins
</UL>
<BR>[Called By]<UL><LI><a href="#[100]">&gt;&gt;</a>&nbsp;&nbsp;&nbsp;readDataJy61p
</UL>

<P><STRONG><a name="[b0]"></a>SYSCFG_DL_ADC12_0_init</STRONG> (Thumb, 112 bytes, Stack size 48 bytes, ti_msp_dl_config.o(.text.SYSCFG_DL_ADC12_0_init))
<BR><BR>[Stack]<UL><LI>Max Depth = 88<LI>Call Chain = SYSCFG_DL_ADC12_0_init &rArr; DL_ADC12_initSingleSample &rArr; DL_Common_updateReg
</UL>
<BR>[Calls]<UL><LI><a href="#[53]">&gt;&gt;</a>&nbsp;&nbsp;&nbsp;DL_ADC12_setClockConfig
<LI><a href="#[b5]">&gt;&gt;</a>&nbsp;&nbsp;&nbsp;DL_ADC12_enableConversions
<LI><a href="#[b4]">&gt;&gt;</a>&nbsp;&nbsp;&nbsp;DL_ADC12_enableInterrupt
<LI><a href="#[b3]">&gt;&gt;</a>&nbsp;&nbsp;&nbsp;DL_ADC12_clearInterruptStatus
<LI><a href="#[b2]">&gt;&gt;</a>&nbsp;&nbsp;&nbsp;DL_ADC12_setSampleTime0
<LI><a href="#[55]">&gt;&gt;</a>&nbsp;&nbsp;&nbsp;DL_ADC12_setPowerDownMode
<LI><a href="#[b1]">&gt;&gt;</a>&nbsp;&nbsp;&nbsp;DL_ADC12_configConversionMem
<LI><a href="#[51]">&gt;&gt;</a>&nbsp;&nbsp;&nbsp;DL_ADC12_initSingleSample
</UL>
<BR>[Called By]<UL><LI><a href="#[e0]">&gt;&gt;</a>&nbsp;&nbsp;&nbsp;SYSCFG_DL_init
</UL>

<P><STRONG><a name="[b6]"></a>SYSCFG_DL_COMP_0_init</STRONG> (Thumb, 40 bytes, Stack size 16 bytes, ti_msp_dl_config.o(.text.SYSCFG_DL_COMP_0_init))
<BR><BR>[Stack]<UL><LI>Max Depth = 48<LI>Call Chain = SYSCFG_DL_COMP_0_init &rArr; DL_COMP_setDACCode0 &rArr; DL_Common_updateReg
</UL>
<BR>[Calls]<UL><LI><a href="#[b7]">&gt;&gt;</a>&nbsp;&nbsp;&nbsp;DL_COMP_enable
<LI><a href="#[58]">&gt;&gt;</a>&nbsp;&nbsp;&nbsp;DL_COMP_setDACCode0
<LI><a href="#[57]">&gt;&gt;</a>&nbsp;&nbsp;&nbsp;DL_COMP_refVoltageInit
<LI><a href="#[56]">&gt;&gt;</a>&nbsp;&nbsp;&nbsp;DL_COMP_init
</UL>
<BR>[Called By]<UL><LI><a href="#[e0]">&gt;&gt;</a>&nbsp;&nbsp;&nbsp;SYSCFG_DL_init
</UL>

<P><STRONG><a name="[b8]"></a>SYSCFG_DL_GPIO_init</STRONG> (Thumb, 524 bytes, Stack size 80 bytes, ti_msp_dl_config.o(.text.SYSCFG_DL_GPIO_init))
<BR><BR>[Stack]<UL><LI>Max Depth = 104<LI>Call Chain = SYSCFG_DL_GPIO_init &rArr; DL_GPIO_initPeripheralInputFunctionFeatures
</UL>
<BR>[Calls]<UL><LI><a href="#[c5]">&gt;&gt;</a>&nbsp;&nbsp;&nbsp;DL_GPIO_enableInterrupt
<LI><a href="#[c4]">&gt;&gt;</a>&nbsp;&nbsp;&nbsp;DL_GPIO_clearInterruptStatus
<LI><a href="#[c3]">&gt;&gt;</a>&nbsp;&nbsp;&nbsp;DL_GPIO_setUpperPinsPolarity
<LI><a href="#[c2]">&gt;&gt;</a>&nbsp;&nbsp;&nbsp;DL_GPIO_setLowerPinsPolarity
<LI><a href="#[c1]">&gt;&gt;</a>&nbsp;&nbsp;&nbsp;DL_GPIO_setPins
<LI><a href="#[c0]">&gt;&gt;</a>&nbsp;&nbsp;&nbsp;DL_GPIO_clearPins
<LI><a href="#[bf]">&gt;&gt;</a>&nbsp;&nbsp;&nbsp;DL_GPIO_initDigitalInput
<LI><a href="#[be]">&gt;&gt;</a>&nbsp;&nbsp;&nbsp;DL_GPIO_initDigitalOutput
<LI><a href="#[bd]">&gt;&gt;</a>&nbsp;&nbsp;&nbsp;DL_GPIO_initPeripheralInputFunction
<LI><a href="#[bc]">&gt;&gt;</a>&nbsp;&nbsp;&nbsp;DL_GPIO_enableHiZ
<LI><a href="#[bb]">&gt;&gt;</a>&nbsp;&nbsp;&nbsp;DL_GPIO_initPeripheralInputFunctionFeatures
<LI><a href="#[ba]">&gt;&gt;</a>&nbsp;&nbsp;&nbsp;DL_GPIO_enableOutput
<LI><a href="#[b9]">&gt;&gt;</a>&nbsp;&nbsp;&nbsp;DL_GPIO_initPeripheralOutputFunction
</UL>
<BR>[Called By]<UL><LI><a href="#[e0]">&gt;&gt;</a>&nbsp;&nbsp;&nbsp;SYSCFG_DL_init
</UL>

<P><STRONG><a name="[c6]"></a>SYSCFG_DL_I2C_1_init</STRONG> (Thumb, 80 bytes, Stack size 16 bytes, ti_msp_dl_config.o(.text.SYSCFG_DL_I2C_1_init))
<BR><BR>[Stack]<UL><LI>Max Depth = 56<LI>Call Chain = SYSCFG_DL_I2C_1_init &rArr; DL_I2C_setControllerRXFIFOThreshold &rArr; DL_Common_updateReg
</UL>
<BR>[Calls]<UL><LI><a href="#[5a]">&gt;&gt;</a>&nbsp;&nbsp;&nbsp;DL_I2C_setClockConfig
<LI><a href="#[cb]">&gt;&gt;</a>&nbsp;&nbsp;&nbsp;DL_I2C_enableController
<LI><a href="#[ca]">&gt;&gt;</a>&nbsp;&nbsp;&nbsp;DL_I2C_enableControllerClockStretching
<LI><a href="#[5c]">&gt;&gt;</a>&nbsp;&nbsp;&nbsp;DL_I2C_setControllerRXFIFOThreshold
<LI><a href="#[5d]">&gt;&gt;</a>&nbsp;&nbsp;&nbsp;DL_I2C_setControllerTXFIFOThreshold
<LI><a href="#[c9]">&gt;&gt;</a>&nbsp;&nbsp;&nbsp;DL_I2C_setTimerPeriod
<LI><a href="#[c8]">&gt;&gt;</a>&nbsp;&nbsp;&nbsp;DL_I2C_resetControllerTransfer
<LI><a href="#[c7]">&gt;&gt;</a>&nbsp;&nbsp;&nbsp;DL_I2C_enableAnalogGlitchFilter
<LI><a href="#[59]">&gt;&gt;</a>&nbsp;&nbsp;&nbsp;DL_I2C_setAnalogGlitchFilterPulseWidth
</UL>
<BR>[Called By]<UL><LI><a href="#[e0]">&gt;&gt;</a>&nbsp;&nbsp;&nbsp;SYSCFG_DL_init
</UL>

<P><STRONG><a name="[cc]"></a>SYSCFG_DL_Motor_init</STRONG> (Thumb, 192 bytes, Stack size 40 bytes, ti_msp_dl_config.o(.text.SYSCFG_DL_Motor_init))
<BR><BR>[Stack]<UL><LI>Max Depth = 192<LI>Call Chain = SYSCFG_DL_Motor_init &rArr; DL_TimerA_initPWMMode &rArr; DL_Timer_initPWMMode &rArr; DL_Timer_setCaptureCompareInput &rArr; DL_Common_updateReg
</UL>
<BR>[Calls]<UL><LI><a href="#[60]">&gt;&gt;</a>&nbsp;&nbsp;&nbsp;DL_TimerA_initPWMMode
<LI><a href="#[6a]">&gt;&gt;</a>&nbsp;&nbsp;&nbsp;DL_Timer_setCaptureCompareValue
<LI><a href="#[6b]">&gt;&gt;</a>&nbsp;&nbsp;&nbsp;DL_Timer_setCaptCompUpdateMethod
<LI><a href="#[63]">&gt;&gt;</a>&nbsp;&nbsp;&nbsp;DL_Timer_setCaptureCompareOutCtl
<LI><a href="#[cd]">&gt;&gt;</a>&nbsp;&nbsp;&nbsp;DL_Timer_setClockConfig
<LI><a href="#[cf]">&gt;&gt;</a>&nbsp;&nbsp;&nbsp;DL_Timer_setCCPDirection
<LI><a href="#[ce]">&gt;&gt;</a>&nbsp;&nbsp;&nbsp;DL_Timer_enableClock
</UL>
<BR>[Called By]<UL><LI><a href="#[e0]">&gt;&gt;</a>&nbsp;&nbsp;&nbsp;SYSCFG_DL_init
</UL>

<P><STRONG><a name="[d0]"></a>SYSCFG_DL_OPA_0_init</STRONG> (Thumb, 32 bytes, Stack size 16 bytes, ti_msp_dl_config.o(.text.SYSCFG_DL_OPA_0_init))
<BR><BR>[Stack]<UL><LI>Max Depth = 48<LI>Call Chain = SYSCFG_DL_OPA_0_init &rArr; DL_OPA_init &rArr; DL_Common_updateReg
</UL>
<BR>[Calls]<UL><LI><a href="#[d2]">&gt;&gt;</a>&nbsp;&nbsp;&nbsp;DL_OPA_enable
<LI><a href="#[d1]">&gt;&gt;</a>&nbsp;&nbsp;&nbsp;DL_OPA_setGainBandwidth
<LI><a href="#[5e]">&gt;&gt;</a>&nbsp;&nbsp;&nbsp;DL_OPA_init
</UL>
<BR>[Called By]<UL><LI><a href="#[e0]">&gt;&gt;</a>&nbsp;&nbsp;&nbsp;SYSCFG_DL_init
</UL>

<P><STRONG><a name="[d3]"></a>SYSCFG_DL_SYSCTL_init</STRONG> (Thumb, 22 bytes, Stack size 16 bytes, ti_msp_dl_config.o(.text.SYSCFG_DL_SYSCTL_init))
<BR><BR>[Stack]<UL><LI>Max Depth = 48<LI>Call Chain = SYSCFG_DL_SYSCTL_init &rArr; DL_SYSCTL_setSYSOSCFreq &rArr; DL_Common_updateReg
</UL>
<BR>[Calls]<UL><LI><a href="#[5f]">&gt;&gt;</a>&nbsp;&nbsp;&nbsp;DL_SYSCTL_setSYSOSCFreq
<LI><a href="#[d4]">&gt;&gt;</a>&nbsp;&nbsp;&nbsp;DL_SYSCTL_setBORThreshold
</UL>
<BR>[Called By]<UL><LI><a href="#[e0]">&gt;&gt;</a>&nbsp;&nbsp;&nbsp;SYSCFG_DL_init
</UL>

<P><STRONG><a name="[d5]"></a>SYSCFG_DL_Sever_init</STRONG> (Thumb, 76 bytes, Stack size 24 bytes, ti_msp_dl_config.o(.text.SYSCFG_DL_Sever_init))
<BR><BR>[Stack]<UL><LI>Max Depth = 120<LI>Call Chain = SYSCFG_DL_Sever_init &rArr; DL_Timer_initPWMMode &rArr; DL_Timer_setCaptureCompareInput &rArr; DL_Common_updateReg
</UL>
<BR>[Calls]<UL><LI><a href="#[6a]">&gt;&gt;</a>&nbsp;&nbsp;&nbsp;DL_Timer_setCaptureCompareValue
<LI><a href="#[6b]">&gt;&gt;</a>&nbsp;&nbsp;&nbsp;DL_Timer_setCaptCompUpdateMethod
<LI><a href="#[63]">&gt;&gt;</a>&nbsp;&nbsp;&nbsp;DL_Timer_setCaptureCompareOutCtl
<LI><a href="#[65]">&gt;&gt;</a>&nbsp;&nbsp;&nbsp;DL_Timer_initPWMMode
<LI><a href="#[cd]">&gt;&gt;</a>&nbsp;&nbsp;&nbsp;DL_Timer_setClockConfig
<LI><a href="#[cf]">&gt;&gt;</a>&nbsp;&nbsp;&nbsp;DL_Timer_setCCPDirection
<LI><a href="#[ce]">&gt;&gt;</a>&nbsp;&nbsp;&nbsp;DL_Timer_enableClock
</UL>
<BR>[Called By]<UL><LI><a href="#[e0]">&gt;&gt;</a>&nbsp;&nbsp;&nbsp;SYSCFG_DL_init
</UL>

<P><STRONG><a name="[d6]"></a>SYSCFG_DL_TIMER_0_init</STRONG> (Thumb, 40 bytes, Stack size 16 bytes, ti_msp_dl_config.o(.text.SYSCFG_DL_TIMER_0_init))
<BR><BR>[Stack]<UL><LI>Max Depth = 88<LI>Call Chain = SYSCFG_DL_TIMER_0_init &rArr; DL_Timer_initTimerMode &rArr; DL_Timer_setCaptureCompareCtl &rArr; DL_Common_updateReg
</UL>
<BR>[Calls]<UL><LI><a href="#[69]">&gt;&gt;</a>&nbsp;&nbsp;&nbsp;DL_Timer_initTimerMode
<LI><a href="#[cd]">&gt;&gt;</a>&nbsp;&nbsp;&nbsp;DL_Timer_setClockConfig
<LI><a href="#[d7]">&gt;&gt;</a>&nbsp;&nbsp;&nbsp;DL_Timer_enableInterrupt
<LI><a href="#[ce]">&gt;&gt;</a>&nbsp;&nbsp;&nbsp;DL_Timer_enableClock
</UL>
<BR>[Called By]<UL><LI><a href="#[e0]">&gt;&gt;</a>&nbsp;&nbsp;&nbsp;SYSCFG_DL_init
</UL>

<P><STRONG><a name="[d8]"></a>SYSCFG_DL_UART_0_init</STRONG> (Thumb, 60 bytes, Stack size 16 bytes, ti_msp_dl_config.o(.text.SYSCFG_DL_UART_0_init))
<BR><BR>[Stack]<UL><LI>Max Depth = 56<LI>Call Chain = SYSCFG_DL_UART_0_init &rArr; DL_UART_setBaudRateDivisor &rArr; DL_Common_updateReg
</UL>
<BR>[Calls]<UL><LI><a href="#[6c]">&gt;&gt;</a>&nbsp;&nbsp;&nbsp;DL_UART_init
<LI><a href="#[d9]">&gt;&gt;</a>&nbsp;&nbsp;&nbsp;DL_UART_setClockConfig
<LI><a href="#[db]">&gt;&gt;</a>&nbsp;&nbsp;&nbsp;DL_UART_enable
<LI><a href="#[da]">&gt;&gt;</a>&nbsp;&nbsp;&nbsp;DL_UART_enableInterrupt
<LI><a href="#[6f]">&gt;&gt;</a>&nbsp;&nbsp;&nbsp;DL_UART_setBaudRateDivisor
<LI><a href="#[70]">&gt;&gt;</a>&nbsp;&nbsp;&nbsp;DL_UART_setOversampling
</UL>
<BR>[Called By]<UL><LI><a href="#[e0]">&gt;&gt;</a>&nbsp;&nbsp;&nbsp;SYSCFG_DL_init
</UL>

<P><STRONG><a name="[dc]"></a>SYSCFG_DL_UART_1_init</STRONG> (Thumb, 60 bytes, Stack size 16 bytes, ti_msp_dl_config.o(.text.SYSCFG_DL_UART_1_init))
<BR><BR>[Stack]<UL><LI>Max Depth = 56<LI>Call Chain = SYSCFG_DL_UART_1_init &rArr; DL_UART_setBaudRateDivisor &rArr; DL_Common_updateReg
</UL>
<BR>[Calls]<UL><LI><a href="#[6c]">&gt;&gt;</a>&nbsp;&nbsp;&nbsp;DL_UART_init
<LI><a href="#[d9]">&gt;&gt;</a>&nbsp;&nbsp;&nbsp;DL_UART_setClockConfig
<LI><a href="#[db]">&gt;&gt;</a>&nbsp;&nbsp;&nbsp;DL_UART_enable
<LI><a href="#[da]">&gt;&gt;</a>&nbsp;&nbsp;&nbsp;DL_UART_enableInterrupt
<LI><a href="#[6f]">&gt;&gt;</a>&nbsp;&nbsp;&nbsp;DL_UART_setBaudRateDivisor
<LI><a href="#[70]">&gt;&gt;</a>&nbsp;&nbsp;&nbsp;DL_UART_setOversampling
</UL>
<BR>[Called By]<UL><LI><a href="#[e0]">&gt;&gt;</a>&nbsp;&nbsp;&nbsp;SYSCFG_DL_init
</UL>

<P><STRONG><a name="[dd]"></a>SYSCFG_DL_VREF_init</STRONG> (Thumb, 20 bytes, Stack size 8 bytes, ti_msp_dl_config.o(.text.SYSCFG_DL_VREF_init))
<BR><BR>[Stack]<UL><LI>Max Depth = 16<LI>Call Chain = SYSCFG_DL_VREF_init &rArr; DL_VREF_configReference
</UL>
<BR>[Calls]<UL><LI><a href="#[de]">&gt;&gt;</a>&nbsp;&nbsp;&nbsp;DL_VREF_configReference
<LI><a href="#[df]">&gt;&gt;</a>&nbsp;&nbsp;&nbsp;DL_Common_delayCycles
</UL>
<BR>[Called By]<UL><LI><a href="#[e0]">&gt;&gt;</a>&nbsp;&nbsp;&nbsp;SYSCFG_DL_init
</UL>

<P><STRONG><a name="[e0]"></a>SYSCFG_DL_init</STRONG> (Thumb, 76 bytes, Stack size 8 bytes, ti_msp_dl_config.o(.text.SYSCFG_DL_init))
<BR><BR>[Stack]<UL><LI>Max Depth = 200<LI>Call Chain = SYSCFG_DL_init &rArr; SYSCFG_DL_Motor_init &rArr; DL_TimerA_initPWMMode &rArr; DL_Timer_initPWMMode &rArr; DL_Timer_setCaptureCompareInput &rArr; DL_Common_updateReg
</UL>
<BR>[Calls]<UL><LI><a href="#[d0]">&gt;&gt;</a>&nbsp;&nbsp;&nbsp;SYSCFG_DL_OPA_0_init
<LI><a href="#[dd]">&gt;&gt;</a>&nbsp;&nbsp;&nbsp;SYSCFG_DL_VREF_init
<LI><a href="#[b6]">&gt;&gt;</a>&nbsp;&nbsp;&nbsp;SYSCFG_DL_COMP_0_init
<LI><a href="#[b0]">&gt;&gt;</a>&nbsp;&nbsp;&nbsp;SYSCFG_DL_ADC12_0_init
<LI><a href="#[dc]">&gt;&gt;</a>&nbsp;&nbsp;&nbsp;SYSCFG_DL_UART_1_init
<LI><a href="#[d8]">&gt;&gt;</a>&nbsp;&nbsp;&nbsp;SYSCFG_DL_UART_0_init
<LI><a href="#[c6]">&gt;&gt;</a>&nbsp;&nbsp;&nbsp;SYSCFG_DL_I2C_1_init
<LI><a href="#[d6]">&gt;&gt;</a>&nbsp;&nbsp;&nbsp;SYSCFG_DL_TIMER_0_init
<LI><a href="#[cc]">&gt;&gt;</a>&nbsp;&nbsp;&nbsp;SYSCFG_DL_Motor_init
<LI><a href="#[d5]">&gt;&gt;</a>&nbsp;&nbsp;&nbsp;SYSCFG_DL_Sever_init
<LI><a href="#[d3]">&gt;&gt;</a>&nbsp;&nbsp;&nbsp;SYSCFG_DL_SYSCTL_init
<LI><a href="#[b8]">&gt;&gt;</a>&nbsp;&nbsp;&nbsp;SYSCFG_DL_GPIO_init
<LI><a href="#[e1]">&gt;&gt;</a>&nbsp;&nbsp;&nbsp;SYSCFG_DL_initPower
</UL>
<BR>[Called By]<UL><LI><a href="#[28]">&gt;&gt;</a>&nbsp;&nbsp;&nbsp;main
</UL>

<P><STRONG><a name="[e1]"></a>SYSCFG_DL_initPower</STRONG> (Thumb, 184 bytes, Stack size 56 bytes, ti_msp_dl_config.o(.text.SYSCFG_DL_initPower))
<BR><BR>[Stack]<UL><LI>Max Depth = 64<LI>Call Chain = SYSCFG_DL_initPower &rArr; DL_Common_delayCycles
</UL>
<BR>[Calls]<UL><LI><a href="#[df]">&gt;&gt;</a>&nbsp;&nbsp;&nbsp;DL_Common_delayCycles
<LI><a href="#[f1]">&gt;&gt;</a>&nbsp;&nbsp;&nbsp;DL_OPA_enablePower
<LI><a href="#[f0]">&gt;&gt;</a>&nbsp;&nbsp;&nbsp;DL_VREF_enablePower
<LI><a href="#[ef]">&gt;&gt;</a>&nbsp;&nbsp;&nbsp;DL_COMP_enablePower
<LI><a href="#[ee]">&gt;&gt;</a>&nbsp;&nbsp;&nbsp;DL_ADC12_enablePower
<LI><a href="#[ed]">&gt;&gt;</a>&nbsp;&nbsp;&nbsp;DL_UART_enablePower
<LI><a href="#[ec]">&gt;&gt;</a>&nbsp;&nbsp;&nbsp;DL_I2C_enablePower
<LI><a href="#[eb]">&gt;&gt;</a>&nbsp;&nbsp;&nbsp;DL_Timer_enablePower
<LI><a href="#[ea]">&gt;&gt;</a>&nbsp;&nbsp;&nbsp;DL_GPIO_enablePower
<LI><a href="#[e9]">&gt;&gt;</a>&nbsp;&nbsp;&nbsp;DL_OPA_reset
<LI><a href="#[e8]">&gt;&gt;</a>&nbsp;&nbsp;&nbsp;DL_VREF_reset
<LI><a href="#[e7]">&gt;&gt;</a>&nbsp;&nbsp;&nbsp;DL_COMP_reset
<LI><a href="#[e6]">&gt;&gt;</a>&nbsp;&nbsp;&nbsp;DL_ADC12_reset
<LI><a href="#[e5]">&gt;&gt;</a>&nbsp;&nbsp;&nbsp;DL_UART_reset
<LI><a href="#[e4]">&gt;&gt;</a>&nbsp;&nbsp;&nbsp;DL_I2C_reset
<LI><a href="#[e3]">&gt;&gt;</a>&nbsp;&nbsp;&nbsp;DL_Timer_reset
<LI><a href="#[e2]">&gt;&gt;</a>&nbsp;&nbsp;&nbsp;DL_GPIO_reset
</UL>
<BR>[Called By]<UL><LI><a href="#[e0]">&gt;&gt;</a>&nbsp;&nbsp;&nbsp;SYSCFG_DL_init
</UL>

<P><STRONG><a name="[f2]"></a>Send_Byte</STRONG> (Thumb, 144 bytes, Stack size 40 bytes, mpu.o(.text.Send_Byte))
<BR><BR>[Stack]<UL><LI>Max Depth = 64<LI>Call Chain = Send_Byte &rArr; delay_us &rArr; DL_Common_delayCycles
</UL>
<BR>[Calls]<UL><LI><a href="#[86]">&gt;&gt;</a>&nbsp;&nbsp;&nbsp;delay_us
<LI><a href="#[84]">&gt;&gt;</a>&nbsp;&nbsp;&nbsp;DL_GPIO_setPins
<LI><a href="#[88]">&gt;&gt;</a>&nbsp;&nbsp;&nbsp;DL_GPIO_clearPins
<LI><a href="#[8a]">&gt;&gt;</a>&nbsp;&nbsp;&nbsp;DL_GPIO_enableOutput
<LI><a href="#[89]">&gt;&gt;</a>&nbsp;&nbsp;&nbsp;DL_GPIO_initDigitalOutput
</UL>
<BR>[Called By]<UL><LI><a href="#[100]">&gt;&gt;</a>&nbsp;&nbsp;&nbsp;readDataJy61p
<LI><a href="#[104]">&gt;&gt;</a>&nbsp;&nbsp;&nbsp;writeDataJy61p
</UL>

<P><STRONG><a name="[16]"></a>TIMA1_IRQHandler</STRONG> (Thumb, 60 bytes, Stack size 8 bytes, timer.o(.text.TIMA1_IRQHandler))
<BR><BR>[Stack]<UL><LI>Max Depth = 12<LI>Call Chain = TIMA1_IRQHandler &rArr; DL_Timer_getPendingInterrupt
</UL>
<BR>[Calls]<UL><LI><a href="#[f3]">&gt;&gt;</a>&nbsp;&nbsp;&nbsp;DL_Timer_getPendingInterrupt
</UL>
<BR>[Address Reference Count : 1]<UL><LI> startup_mspm0g350x_uvision.o(RESET)
</UL>
<P><STRONG><a name="[f4]"></a>Timer_Init</STRONG> (Thumb, 16 bytes, Stack size 8 bytes, timer.o(.text.Timer_Init))
<BR><BR>[Stack]<UL><LI>Max Depth = 12<LI>Call Chain = Timer_Init &rArr; DL_Timer_startCounter
</UL>
<BR>[Calls]<UL><LI><a href="#[f6]">&gt;&gt;</a>&nbsp;&nbsp;&nbsp;DL_Timer_startCounter
<LI><a href="#[f5]">&gt;&gt;</a>&nbsp;&nbsp;&nbsp;__NVIC_EnableIRQ
</UL>
<BR>[Called By]<UL><LI><a href="#[28]">&gt;&gt;</a>&nbsp;&nbsp;&nbsp;main
</UL>

<P><STRONG><a name="[2d]"></a>_sys_exit</STRONG> (Thumb, 8 bytes, Stack size 4 bytes, uart.o(.text._sys_exit))
<BR><BR>[Stack]<UL><LI>Max Depth = 4<LI>Call Chain = _sys_exit
</UL>
<BR>[Called By]<UL><LI><a href="#[2c]">&gt;&gt;</a>&nbsp;&nbsp;&nbsp;__rt_exit_exit
</UL>

<P><STRONG><a name="[f7]"></a>angle_turn</STRONG> (Thumb, 168 bytes, Stack size 24 bytes, timer.o(.text.angle_turn))
<BR><BR>[Stack]<UL><LI>Max Depth = 88<LI>Call Chain = angle_turn &rArr; PWM_SET &rArr; DL_Timer_setCaptureCompareValue
</UL>
<BR>[Calls]<UL><LI><a href="#[4f]">&gt;&gt;</a>&nbsp;&nbsp;&nbsp;PWM_SET
<LI><a href="#[4a]">&gt;&gt;</a>&nbsp;&nbsp;&nbsp;__aeabi_fcmple
<LI><a href="#[f8]">&gt;&gt;</a>&nbsp;&nbsp;&nbsp;__aeabi_fcmpge
<LI><a href="#[47]">&gt;&gt;</a>&nbsp;&nbsp;&nbsp;__aeabi_fsub
<LI><a href="#[4b]">&gt;&gt;</a>&nbsp;&nbsp;&nbsp;__aeabi_fadd
</UL>
<BR>[Called By]<UL><LI><a href="#[fb]">&gt;&gt;</a>&nbsp;&nbsp;&nbsp;function
</UL>

<P><STRONG><a name="[f9]"></a>avoid_thing</STRONG> (Thumb, 96 bytes, Stack size 24 bytes, timer.o(.text.avoid_thing))
<BR><BR>[Stack]<UL><LI>Max Depth = 144<LI>Call Chain = avoid_thing &rArr; HC_Length &rArr; __aeabi_ddiv
</UL>
<BR>[Calls]<UL><LI><a href="#[79]">&gt;&gt;</a>&nbsp;&nbsp;&nbsp;HC_Length
<LI><a href="#[7b]">&gt;&gt;</a>&nbsp;&nbsp;&nbsp;delay_ms
<LI><a href="#[4f]">&gt;&gt;</a>&nbsp;&nbsp;&nbsp;PWM_SET
<LI><a href="#[fa]">&gt;&gt;</a>&nbsp;&nbsp;&nbsp;__aeabi_d2iz
</UL>
<BR>[Called By]<UL><LI><a href="#[fb]">&gt;&gt;</a>&nbsp;&nbsp;&nbsp;function
</UL>

<P><STRONG><a name="[7b]"></a>delay_ms</STRONG> (Thumb, 26 bytes, Stack size 16 bytes, delay.o(.text.delay_ms))
<BR><BR>[Stack]<UL><LI>Max Depth = 24<LI>Call Chain = delay_ms &rArr; DL_Common_delayCycles
</UL>
<BR>[Calls]<UL><LI><a href="#[df]">&gt;&gt;</a>&nbsp;&nbsp;&nbsp;DL_Common_delayCycles
</UL>
<BR>[Called By]<UL><LI><a href="#[79]">&gt;&gt;</a>&nbsp;&nbsp;&nbsp;HC_Length
<LI><a href="#[103]">&gt;&gt;</a>&nbsp;&nbsp;&nbsp;jy61pInit
<LI><a href="#[f9]">&gt;&gt;</a>&nbsp;&nbsp;&nbsp;avoid_thing
</UL>

[...]
</UL>
<BR>[Calls]<UL><LI><a href="#[52]">&gt;&gt;</a>&nbsp;&nbsp;&nbsp;DL_Common_updateReg
</UL>
<BR>[Called By]<UL><LI><a href="#[b0]">&gt;&gt;</a>&nbsp;&nbsp;&nbsp;SYSCFG_DL_ADC12_0_init
</UL>

<P><STRONG><a name="[b1]"></a>DL_ADC12_configConversionMem</STRONG> (Thumb, 74 bytes, Stack size 28 bytes, ti_msp_dl_config.o(.text.DL_ADC12_configConversionMem))
<BR><BR>[Stack]<UL><LI>Max Depth = 28<LI>Call Chain = DL_ADC12_configConversionMem
</UL>
<BR>[Called By]<UL><LI><a href="#[b0]">&gt;&gt;</a>&nbsp;&nbsp;&nbsp;SYSCFG_DL_ADC12_0_init
</UL>

<P><STRONG><a name="[55]"></a>DL_ADC12_setPowerDownMode</STRONG> (Thumb, 30 bytes, Stack size 16 bytes, ti_msp_dl_config.o(.text.DL_ADC12_setPowerDownMode))
<BR><BR>[Stack]<UL><LI>Max Depth = 32<LI>Call Chain = DL_ADC12_setPowerDownMode &rArr; DL_Common_updateReg
</UL>
<BR>[Calls]<UL><LI><a href="#[52]">&gt;&gt;</a>&nbsp;&nbsp;&nbsp;DL_Common_updateReg
</UL>
<BR>[Called By]<UL><LI><a href="#[b0]">&gt;&gt;</a>&nbsp;&nbsp;&nbsp;SYSCFG_DL_ADC12_0_init
</UL>

<P><STRONG><a name="[b2]"></a>DL_ADC12_setSampleTime0</STRONG> (Thumb, 20 bytes, Stack size 8 bytes, ti_msp_dl_config.o(.text.DL_ADC12_setSampleTime0))
<BR><BR>[Stack]<UL><LI>Max Depth = 8<LI>Call Chain = DL_ADC12_setSampleTime0
</UL>
<BR>[Called By]<UL><LI><a href="#[b0]">&gt;&gt;</a>&nbsp;&nbsp;&nbsp;SYSCFG_DL_ADC12_0_init
</UL>

<P><STRONG><a name="[b3]"></a>DL_ADC12_clearInterruptStatus</STRONG> (Thumb, 24 bytes, Stack size 8 bytes, ti_msp_dl_config.o(.text.DL_ADC12_clearInterruptStatus))
<BR><BR>[Stack]<UL><LI>Max Depth = 8<LI>Call Chain = DL_ADC12_clearInterruptStatus
</UL>
<BR>[Called By]<UL><LI><a href="#[b0]">&gt;&gt;</a>&nbsp;&nbsp;&nbsp;SYSCFG_DL_ADC12_0_init
</UL>

<P><STRONG><a name="[b4]"></a>DL_ADC12_enableInterrupt</STRONG> (Thumb, 24 bytes, Stack size 8 bytes, ti_msp_dl_config.o(.text.DL_ADC12_enableInterrupt))
<BR><BR>[Stack]<UL><LI>Max Depth = 8<LI>Call Chain = DL_ADC12_enableInterrupt
</UL>
<BR>[Called By]<UL><LI><a href="#[b0]">&gt;&gt;</a>&nbsp;&nbsp;&nbsp;SYSCFG_DL_ADC12_0_init
</UL>

<P><STRONG><a name="[b5]"></a>DL_ADC12_enableConversions</STRONG> (Thumb, 22 bytes, Stack size 4 bytes, ti_msp_dl_config.o(.text.DL_ADC12_enableConversions))
<BR><BR>[Stack]<UL><LI>Max Depth = 4<LI>Call Chain = DL_ADC12_enableConversions
</UL>
<BR>[Called By]<UL><LI><a href="#[b0]">&gt;&gt;</a>&nbsp;&nbsp;&nbsp;SYSCFG_DL_ADC12_0_init
</UL>

<P><STRONG><a name="[56]"></a>DL_COMP_init</STRONG> (Thumb, 64 bytes, Stack size 16 bytes, ti_msp_dl_config.o(.text.DL_COMP_init))
<BR><BR>[Stack]<UL><LI>Max Depth = 32<LI>Call Chain = DL_COMP_init &rArr; DL_Common_updateReg
</UL>
<BR>[Calls]<UL><LI><a href="#[52]">&gt;&gt;</a>&nbsp;&nbsp;&nbsp;DL_Common_updateReg
</UL>
<BR>[Called By]<UL><LI><a href="#[b6]">&gt;&gt;</a>&nbsp;&nbsp;&nbsp;SYSCFG_DL_COMP_0_init
</UL>

<P><STRONG><a name="[57]"></a>DL_COMP_refVoltageInit</STRONG> (Thumb, 44 bytes, Stack size 16 bytes, ti_msp_dl_config.o(.text.DL_COMP_refVoltageInit))
<BR><BR>[Stack]<UL><LI>Max Depth = 32<LI>Call Chain = DL_COMP_refVoltageInit &rArr; DL_Common_updateReg
</UL>
<BR>[Calls]<UL><LI><a href="#[52]">&gt;&gt;</a>&nbsp;&nbsp;&nbsp;DL_Common_updateReg
</UL>
<BR>[Called By]<UL><LI><a href="#[b6]">&gt;&gt;</a>&nbsp;&nbsp;&nbsp;SYSCFG_DL_COMP_0_init
</UL>

<P><STRONG><a name="[58]"></a>DL_COMP_setDACCode0</STRONG> (Thumb, 28 bytes, Stack size 16 bytes, ti_msp_dl_config.o(.text.DL_COMP_setDACCode0))
<BR><BR>[Stack]<UL><LI>Max Depth = 32<LI>Call Chain = DL_COMP_setDACCode0 &rArr; DL_Common_updateReg
</UL>
<BR>[Calls]<UL><LI><a href="#[52]">&gt;&gt;</a>&nbsp;&nbsp;&nbsp;DL_Common_updateReg
</UL>
<BR>[Called By]<UL><LI><a href="#[b6]">&gt;&gt;</a>&nbsp;&nbsp;&nbsp;SYSCFG_DL_COMP_0_init
</UL>

<P><STRONG><a name="[b7]"></a>DL_COMP_enable</STRONG> (Thumb, 20 bytes, Stack size 4 bytes, ti_msp_dl_config.o(.text.DL_COMP_enable))
<BR><BR>[Stack]<UL><LI>Max Depth = 4<LI>Call Chain = DL_COMP_enable
</UL>
<BR>[Called By]<UL><LI><a href="#[b6]">&gt;&gt;</a>&nbsp;&nbsp;&nbsp;SYSCFG_DL_COMP_0_init
</UL>

<P><STRONG><a name="[5e]"></a>DL_OPA_init</STRONG> (Thumb, 48 bytes, Stack size 16 bytes, ti_msp_dl_config.o(.text.DL_OPA_init))
<BR><BR>[Stack]<UL><LI>Max Depth = 32<LI>Call Chain = DL_OPA_init &rArr; DL_Common_updateReg
</UL>
<BR>[Calls]<UL><LI><a href="#[52]">&gt;&gt;</a>&nbsp;&nbsp;&nbsp;DL_Common_updateReg
</UL>
<BR>[Called By]<UL><LI><a href="#[d0]">&gt;&gt;</a>&nbsp;&nbsp;&nbsp;SYSCFG_DL_OPA_0_init
</UL>

<P><STRONG><a name="[d1]"></a>DL_OPA_setGainBandwidth</STRONG> (Thumb, 24 bytes, Stack size 8 bytes, ti_msp_dl_config.o(.text.DL_OPA_setGainBandwidth))
<BR><BR>[Stack]<UL><LI>Max Depth = 8<LI>Call Chain = DL_OPA_setGainBandwidth
</UL>
<BR>[Called By]<UL><LI><a href="#[d0]">&gt;&gt;</a>&nbsp;&nbsp;&nbsp;SYSCFG_DL_OPA_0_init
</UL>

<P><STRONG><a name="[d2]"></a>DL_OPA_enable</STRONG> (Thumb, 22 bytes, Stack size 4 bytes, ti_msp_dl_config.o(.text.DL_OPA_enable))
<BR><BR>[Stack]<UL><LI>Max Depth = 4<LI>Call Chain = DL_OPA_enable
</UL>
<BR>[Called By]<UL><LI><a href="#[d0]">&gt;&gt;</a>&nbsp;&nbsp;&nbsp;SYSCFG_DL_OPA_0_init
</UL>

<P><STRONG><a name="[52]"></a>DL_Common_updateReg</STRONG> (Thumb, 40 bytes, Stack size 16 bytes, ti_msp_dl_config.o(.text.DL_Common_updateReg))
<BR><BR>[Stack]<UL><LI>Max Depth = 16<LI>Call Chain = DL_Common_updateReg
</UL>
<BR>[Called By]<UL><LI><a href="#[5e]">&gt;&gt;</a>&nbsp;&nbsp;&nbsp;DL_OPA_init
<LI><a href="#[58]">&gt;&gt;</a>&nbsp;&nbsp;&nbsp;DL_COMP_setDACCode0
<LI><a href="#[57]">&gt;&gt;</a>&nbsp;&nbsp;&nbsp;DL_COMP_refVoltageInit
<LI><a href="#[56]">&gt;&gt;</a>&nbsp;&nbsp;&nbsp;DL_COMP_init
<LI><a href="#[55]">&gt;&gt;</a>&nbsp;&nbsp;&nbsp;DL_ADC12_setPowerDownMode
<LI><a href="#[51]">&gt;&gt;</a>&nbsp;&nbsp;&nbsp;DL_ADC12_initSingleSample
<LI><a href="#[6f]">&gt;&gt;</a>&nbsp;&nbsp;&nbsp;DL_UART_setBaudRateDivisor
<LI><a href="#[70]">&gt;&gt;</a>&nbsp;&nbsp;&nbsp;DL_UART_setOversampling
<LI><a href="#[5c]">&gt;&gt;</a>&nbsp;&nbsp;&nbsp;DL_I2C_setControllerRXFIFOThreshold
<LI><a href="#[5d]">&gt;&gt;</a>&nbsp;&nbsp;&nbsp;DL_I2C_setControllerTXFIFOThreshold
<LI><a href="#[59]">&gt;&gt;</a>&nbsp;&nbsp;&nbsp;DL_I2C_setAnalogGlitchFilterPulseWidth
<LI><a href="#[5f]">&gt;&gt;</a>&nbsp;&nbsp;&nbsp;DL_SYSCTL_setSYSOSCFreq
</UL>

<P><STRONG><a name="[8e]"></a>DL_GPIO_initDigitalInputFeatures</STRONG> (Thumb, 44 bytes, Stack size 24 bytes, key.o(.text.DL_GPIO_initDigitalInputFeatures))
<BR><BR>[Stack]<UL><LI>Max Depth = 24<LI>Call Chain = DL_GPIO_initDigitalInputFeatures
</UL>
<BR>[Called By]<UL><LI><a href="#[8d]">&gt;&gt;</a>&nbsp;&nbsp;&nbsp;KEY_Init
</UL>

<P><STRONG><a name="[106]"></a>DL_GPIO_readPins</STRONG> (Thumb, 22 bytes, Stack size 8 bytes, key.o(.text.DL_GPIO_readPins))
<BR><BR>[Stack]<UL><LI>Max Depth = 8<LI>Call Chain = DL_GPIO_readPins
</UL>
<BR>[Called By]<UL><LI><a href="#[105]">&gt;&gt;</a>&nbsp;&nbsp;&nbsp;key_read
</UL>

<P><STRONG><a name="[92]"></a>DL_GPIO_setPins</STRONG> (Thumb, 20 bytes, Stack size 8 bytes, oled.o(.text.DL_GPIO_setPins))
<BR><BR>[Stack]<UL><LI>Max Depth = 8<LI>Call Chain = DL_GPIO_setPins
</UL>
<BR>[Called By]<UL><LI><a href="#[93]">&gt;&gt;</a>&nbsp;&nbsp;&nbsp;OLED_I2C_SendByte
<LI><a href="#[96]">&gt;&gt;</a>&nbsp;&nbsp;&nbsp;OLED_I2C_Stop
<LI><a href="#[95]">&gt;&gt;</a>&nbsp;&nbsp;&nbsp;OLED_I2C_Start
<LI><a href="#[91]">&gt;&gt;</a>&nbsp;&nbsp;&nbsp;OLED_GPIO_Init
</UL>

<P><STRONG><a name="[94]"></a>DL_GPIO_clearPins</STRONG> (Thumb, 20 bytes, Stack size 8 bytes, oled.o(.text.DL_GPIO_clearPins))
<BR><BR>[Stack]<UL><LI>Max Depth = 8<LI>Call Chain = DL_GPIO_clearPins
</UL>
<BR>[Called By]<UL><LI><a href="#[93]">&gt;&gt;</a>&nbsp;&nbsp;&nbsp;OLED_I2C_SendByte
<LI><a href="#[96]">&gt;&gt;</a>&nbsp;&nbsp;&nbsp;OLED_I2C_Stop
<LI><a href="#[95]">&gt;&gt;</a>&nbsp;&nbsp;&nbsp;OLED_I2C_Start
</UL>

<P><STRONG><a name="[90]"></a>DL_Timer_startCounter</STRONG> (Thumb, 20 bytes, Stack size 4 bytes, motor.o(.text.DL_Timer_startCounter))
<BR><BR>[Stack]<UL><LI>Max Depth = 4<LI>Call Chain = DL_Timer_startCounter
</UL>
<BR>[Called By]<UL><LI><a href="#[8f]">&gt;&gt;</a>&nbsp;&nbsp;&nbsp;Motor_Init
</UL>

<P><STRONG><a name="[ad]"></a>DL_GPIO_setPins</STRONG> (Thumb, 20 bytes, Stack size 8 bytes, motor.o(.text.DL_GPIO_setPins))
<BR><BR>[Stack]<UL><LI>Max Depth = 8<LI>Call Chain = DL_GPIO_setPins
</UL>
<BR>[Called By]<UL><LI><a href="#[4f]">&gt;&gt;</a>&nbsp;&nbsp;&nbsp;PWM_SET
</UL>

<P><STRONG><a name="[ae]"></a>DL_GPIO_clearPins</STRONG> (Thumb, 20 bytes, Stack size 8 bytes, motor.o(.text.DL_GPIO_clearPins))
<BR><BR>[Stack]<UL><LI>Max Depth = 8<LI>Call Chain = DL_GPIO_clearPins
</UL>
<BR>[Called By]<UL><LI><a href="#[4f]">&gt;&gt;</a>&nbsp;&nbsp;&nbsp;PWM_SET
</UL>

<P><STRONG><a name="[7a]"></a>DL_GPIO_setPins</STRONG> (Thumb, 20 bytes, Stack size 8 bytes, hc_sr04.o(.text.DL_GPIO_setPins))
<BR><BR>[Stack]<UL><LI>Max Depth = 8<LI>Call Chain = DL_GPIO_setPins
</UL>
<BR>[Called By]<UL><LI><a href="#[79]">&gt;&gt;</a>&nbsp;&nbsp;&nbsp;HC_Length
</UL>

<P><STRONG><a name="[7c]"></a>DL_GPIO_clearPins</STRONG> (Thumb, 20 bytes, Stack size 8 bytes, hc_sr04.o(.text.DL_GPIO_clearPins))
<BR><BR>[Stack]<UL><LI>Max Depth = 8<LI>Call Chain = DL_GPIO_clearPins
</UL>
<BR>[Called By]<UL><LI><a href="#[79]">&gt;&gt;</a>&nbsp;&nbsp;&nbsp;HC_Length
</UL>

<P><STRONG><a name="[7d]"></a>DL_GPIO_readPins</STRONG> (Thumb, 22 bytes, Stack size 8 bytes, hc_sr04.o(.text.DL_GPIO_readPins))
<BR><BR>[Stack]<UL><LI>Max Depth = 8<LI>Call Chain = DL_GPIO_readPins
</UL>
<BR>[Called By]<UL><LI><a href="#[79]">&gt;&gt;</a>&nbsp;&nbsp;&nbsp;HC_Length
</UL>

<P><STRONG><a name="[7e]"></a>DL_Timer_getTimerCount</STRONG> (Thumb, 18 bytes, Stack size 4 bytes, hc_sr04.o(.text.DL_Timer_getTimerCount))
<BR><BR>[Stack]<UL><LI>Max Depth = 4<LI>Call Chain = DL_Timer_getTimerCount
</UL>
<BR>[Called By]<UL><LI><a href="#[79]">&gt;&gt;</a>&nbsp;&nbsp;&nbsp;HC_Length
</UL>

<P><STRONG><a name="[72]"></a>__NVIC_EnableIRQ</STRONG> (Thumb, 40 bytes, Stack size 4 bytes, encoder.o(.text.__NVIC_EnableIRQ))
<BR><BR>[Stack]<UL><LI>Max Depth = 4<LI>Call Chain = __NVIC_EnableIRQ
</UL>
<BR>[Called By]<UL><LI><a href="#[71]">&gt;&gt;</a>&nbsp;&nbsp;&nbsp;Encoder_Init
</UL>

<P><STRONG><a name="[73]"></a>DL_Interrupt_getPendingGroup</STRONG> (Thumb, 24 bytes, Stack size 4 bytes, encoder.o(.text.DL_Interrupt_getPendingGroup))
<BR><BR>[Stack]<UL><LI>Max Depth = 4<LI>Call Chain = DL_Interrupt_getPendingGroup
</UL>
<BR>[Called By]<UL><LI><a href="#[7]">&gt;&gt;</a>&nbsp;&nbsp;&nbsp;GROUP1_IRQHandler
</UL>

<P><STRONG><a name="[74]"></a>DL_GPIO_getEnabledInterruptStatus</STRONG> (Thumb, 20 bytes, Stack size 8 bytes, encoder.o(.text.DL_GPIO_getEnabledInterruptStatus))
<BR><BR>[Stack]<UL><LI>Max Depth = 8<LI>Call Chain = DL_GPIO_getEnabledInterruptStatus
</UL>
<BR>[Called By]<UL><LI><a href="#[7]">&gt;&gt;</a>&nbsp;&nbsp;&nbsp;GROUP1_IRQHandler
</UL>

<P><STRONG><a name="[75]"></a>DL_GPIO_readPins</STRONG> (Thumb, 22 bytes, Stack size 8 bytes, encoder.o(.text.DL_GPIO_readPins))
<BR><BR>[Stack]<UL><LI>Max Depth = 8<LI>Call Chain = DL_GPIO_readPins
</UL>
<BR>[Called By]<UL><LI><a href="#[7]">&gt;&gt;</a>&nbsp;&nbsp;&nbsp;GROUP1_IRQHandler
</UL>

<P><STRONG><a name="[76]"></a>DL_GPIO_clearInterruptStatus</STRONG> (Thumb, 24 bytes, Stack size 8 bytes, encoder.o(.text.DL_GPIO_clearInterruptStatus))
<BR><BR>[Stack]<UL><LI>Max Depth = 8<LI>Call Chain = DL_GPIO_clearInterruptStatus
</UL>
<BR>[Called By]<UL><LI><a href="#[7]">&gt;&gt;</a>&nbsp;&nbsp;&nbsp;GROUP1_IRQHandler
</UL>

<P><STRONG><a name="[89]"></a>DL_GPIO_initDigitalOutput</STRONG> (Thumb, 20 bytes, Stack size 4 bytes, mpu.o(.text.DL_GPIO_initDigitalOutput))
<BR><BR>[Stack]<UL><LI>Max Depth = 4<LI>Call Chain = DL_GPIO_initDigitalOutput
</UL>
<BR>[Called By]<UL><LI><a href="#[8b]">&gt;&gt;</a>&nbsp;&nbsp;&nbsp;IIC_Send_Ack
<LI><a href="#[87]">&gt;&gt;</a>&nbsp;&nbsp;&nbsp;IIC_Stop
<LI><a href="#[82]">&gt;&gt;</a>&nbsp;&nbsp;&nbsp;I2C_WaitAck
<LI><a href="#[f2]">&gt;&gt;</a>&nbsp;&nbsp;&nbsp;Send_Byte
<LI><a href="#[8c]">&gt;&gt;</a>&nbsp;&nbsp;&nbsp;IIC_Start
</UL>

<P><STRONG><a name="[8a]"></a>DL_GPIO_enableOutput</STRONG> (Thumb, 20 bytes, Stack size 8 bytes, mpu.o(.text.DL_GPIO_enableOutput))
<BR><BR>[Stack]<UL><LI>Max Depth = 8<LI>Call Chain = DL_GPIO_enableOutput
</UL>
<BR>[Called By]<UL><LI><a href="#[8b]">&gt;&gt;</a>&nbsp;&nbsp;&nbsp;IIC_Send_Ack
<LI><a href="#[87]">&gt;&gt;</a>&nbsp;&nbsp;&nbsp;IIC_Stop
<LI><a href="#[82]">&gt;&gt;</a>&nbsp;&nbsp;&nbsp;I2C_WaitAck
<LI><a href="#[f2]">&gt;&gt;</a>&nbsp;&nbsp;&nbsp;Send_Byte
<LI><a href="#[8c]">&gt;&gt;</a>&nbsp;&nbsp;&nbsp;IIC_Start
</UL>

<P><STRONG><a name="[88]"></a>DL_GPIO_clearPins</STRONG> (Thumb, 20 bytes, Stack size 8 bytes, mpu.o(.text.DL_GPIO_clearPins))
<BR><BR>[Stack]<UL><LI>Max Depth = 8<LI>Call Chain = DL_GPIO_clearPins
</UL>
<BR>[Called By]<UL><LI><a href="#[af]">&gt;&gt;</a>&nbsp;&nbsp;&nbsp;Read_Byte
<LI><a href="#[8b]">&gt;&gt;</a>&nbsp;&nbsp;&nbsp;IIC_Send_Ack
<LI><a href="#[87]">&gt;&gt;</a>&nbsp;&nbsp;&nbsp;IIC_Stop
<LI><a href="#[82]">&gt;&gt;</a>&nbsp;&nbsp;&nbsp;I2C_WaitAck
<LI><a href="#[f2]">&gt;&gt;</a>&nbsp;&nbsp;&nbsp;Send_Byte
<LI><a href="#[8c]">&gt;&gt;</a>&nbsp;&nbsp;&nbsp;IIC_Start
</UL>

<P><STRONG><a name="[84]"></a>DL_GPIO_setPins</STRONG> (Thumb, 20 bytes, Stack size 8 bytes, mpu.o(.text.DL_GPIO_setPins))
<BR><BR>[Stack]<UL><LI>Max Depth = 8<LI>Call Chain = DL_GPIO_setPins
</UL>
<BR>[Called By]<UL><LI><a href="#[af]">&gt;&gt;</a>&nbsp;&nbsp;&nbsp;Read_Byte
<LI><a href="#[8b]">&gt;&gt;</a>&nbsp;&nbsp;&nbsp;IIC_Send_Ack
<LI><a href="#[87]">&gt;&gt;</a>&nbsp;&nbsp;&nbsp;IIC_Stop
<LI><a href="#[82]">&gt;&gt;</a>&nbsp;&nbsp;&nbsp;I2C_WaitAck
<LI><a href="#[f2]">&gt;&gt;</a>&nbsp;&nbsp;&nbsp;Send_Byte
<LI><a href="#[8c]">&gt;&gt;</a>&nbsp;&nbsp;&nbsp;IIC_Start
</UL>

<P><STRONG><a name="[83]"></a>DL_GPIO_initDigitalInput</STRONG> (Thumb, 20 bytes, Stack size 4 bytes, mpu.o(.text.DL_GPIO_initDigitalInput))
<BR><BR>[Stack]<UL><LI>Max Depth = 4<LI>Call Chain = DL_GPIO_initDigitalInput
</UL>
<BR>[Called By]<UL><LI><a href="#[af]">&gt;&gt;</a>&nbsp;&nbsp;&nbsp;Read_Byte
<LI><a href="#[82]">&gt;&gt;</a>&nbsp;&nbsp;&nbsp;I2C_WaitAck
</UL>

<P><STRONG><a name="[85]"></a>DL_GPIO_readPins</STRONG> (Thumb, 22 bytes, Stack size 8 bytes, mpu.o(.text.DL_GPIO_readPins))
<BR><BR>[Stack]<UL><LI>Max Depth = 8<LI>Call Chain = DL_GPIO_readPins
</UL>
<BR>[Called By]<UL><LI><a href="#[af]">&gt;&gt;</a>&nbsp;&nbsp;&nbsp;Read_Byte
<LI><a href="#[82]">&gt;&gt;</a>&nbsp;&nbsp;&nbsp;I2C_WaitAck
</UL>

<P><STRONG><a name="[f5]"></a>__NVIC_EnableIRQ</STRONG> (Thumb, 40 bytes, Stack size 4 bytes, timer.o(.text.__NVIC_EnableIRQ))
<BR><BR>[Stack]<UL><LI>Max Depth = 4<LI>Call Chain = __NVIC_EnableIRQ
</UL>
<BR>[Called By]<UL><LI><a href="#[f4]">&gt;&gt;</a>&nbsp;&nbsp;&nbsp;Timer_Init
</UL>

<P><STRONG><a name="[f6]"></a>DL_Timer_startCounter</STRONG> (Thumb, 20 bytes, Stack size 4 bytes, timer.o(.text.DL_Timer_startCounter))
<BR><BR>[Stack]<UL><LI>Max Depth = 4<LI>Call Chain = DL_Timer_startCounter
</UL>
<BR>[Called By]<UL><LI><a href="#[f4]">&gt;&gt;</a>&nbsp;&nbsp;&nbsp;Timer_Init
</UL>

<P><STRONG><a name="[f3]"></a>DL_Timer_getPendingInterrupt</STRONG> (Thumb, 18 bytes, Stack size 4 bytes, timer.o(.text.DL_Timer_getPendingInterrupt))
<BR><BR>[Stack]<UL><LI>Max Depth = 4<LI>Call Chain = DL_Timer_getPendingInterrupt
</UL>
<BR>[Called By]<UL><LI><a href="#[16]">&gt;&gt;</a>&nbsp;&nbsp;&nbsp;TIMA1_IRQHandler
</UL>

<P><STRONG><a name="[4e]"></a>DL_GPIO_readPins</STRONG> (Thumb, 22 bytes, Stack size 8 bytes, timer.o(.text.DL_GPIO_readPins))
<BR><BR>[Stack]<UL><LI>Max Depth = 8<LI>Call Chain = DL_GPIO_readPins
</UL>
<BR>[Called By]<UL><LI><a href="#[50]">&gt;&gt;</a>&nbsp;&nbsp;&nbsp;Black_Control_Left
<LI><a href="#[4d]">&gt;&gt;</a>&nbsp;&nbsp;&nbsp;Black_Control
<LI><a href="#[102]">&gt;&gt;</a>&nbsp;&nbsp;&nbsp;judge_way
</UL>

<P><STRONG><a name="[54]"></a>DL_Common_updateReg</STRONG> (Thumb, 40 bytes, Stack size 16 bytes, dl_adc12.o(.text.DL_Common_updateReg))
<BR><BR>[Stack]<UL><LI>Max Depth = 16<LI>Call Chain = DL_Common_updateReg
</UL>
<BR>[Called By]<UL><LI><a href="#[53]">&gt;&gt;</a>&nbsp;&nbsp;&nbsp;DL_ADC12_setClockConfig
</UL>

<P><STRONG><a name="[5b]"></a>DL_Common_updateReg</STRONG> (Thumb, 40 bytes, Stack size 16 bytes, dl_i2c.o(.text.DL_Common_updateReg))
<BR><BR>[Stack]<UL><LI>Max Depth = 16<LI>Call Chain = DL_Common_updateReg
</UL>
<BR>[Called By]<UL><LI><a href="#[5a]">&gt;&gt;</a>&nbsp;&nbsp;&nbsp;DL_I2C_setClockConfig
</UL>

<P><STRONG><a name="[66]"></a>DL_Timer_setLoadValue</STRONG> (Thumb, 20 bytes, Stack size 8 bytes, dl_timer.o(.text.DL_Timer_setLoadValue))
<BR><BR>[Stack]<UL><LI>Max Depth = 8<LI>Call Chain = DL_Timer_setLoadValue
</UL>
<BR>[Called By]<UL><LI><a href="#[69]">&gt;&gt;</a>&nbsp;&nbsp;&nbsp;DL_Timer_initTimerMode
<LI><a href="#[65]">&gt;&gt;</a>&nbsp;&nbsp;&nbsp;DL_Timer_initPWMMode
</UL>

<P><STRONG><a name="[67]"></a>DL_Timer_setCounterValueAfterEnable</STRONG> (Thumb, 28 bytes, Stack size 16 bytes, dl_timer.o(.text.DL_Timer_setCounterValueAfterEnable))
<BR><BR>[Stack]<UL><LI>Max Depth = 32<LI>Call Chain = DL_Timer_setCounterValueAfterEnable &rArr; DL_Common_updateReg
</UL>
<BR>[Calls]<UL><LI><a href="#[68]">&gt;&gt;</a>&nbsp;&nbsp;&nbsp;DL_Common_updateReg
</UL>
<BR>[Called By]<UL><LI><a href="#[69]">&gt;&gt;</a>&nbsp;&nbsp;&nbsp;DL_Timer_initTimerMode
<LI><a href="#[65]">&gt;&gt;</a>&nbsp;&nbsp;&nbsp;DL_Timer_initPWMMode
</UL>

<P><STRONG><a name="[68]"></a>DL_Common_updateReg</STRONG> (Thumb, 40 bytes, Stack size 16 bytes, dl_timer.o(.text.DL_Common_updateReg))
<BR><BR>[Stack]<UL><LI>Max Depth = 16<LI>Call Chain = DL_Common_updateReg
</UL>
<BR>[Called By]<UL><LI><a href="#[6b]">&gt;&gt;</a>&nbsp;&nbsp;&nbsp;DL_Timer_setCaptCompUpdateMethod
<LI><a href="#[65]">&gt;&gt;</a>&nbsp;&nbsp;&nbsp;DL_Timer_initPWMMode
<LI><a href="#[61]">&gt;&gt;</a>&nbsp;&nbsp;&nbsp;DL_Timer_setCaptureCompareAction
<LI><a href="#[64]">&gt;&gt;</a>&nbsp;&nbsp;&nbsp;DL_Timer_setCaptureCompareInput
<LI><a href="#[62]">&gt;&gt;</a>&nbsp;&nbsp;&nbsp;DL_Timer_setCaptureCompareCtl
<LI><a href="#[67]">&gt;&gt;</a>&nbsp;&nbsp;&nbsp;DL_Timer_setCounterValueAfterEnable
</UL>

<P><STRONG><a name="[6d]"></a>DL_UART_disable</STRONG> (Thumb, 22 bytes, Stack size 4 bytes, dl_uart.o(.text.DL_UART_disable))
<BR><BR>[Stack]<UL><LI>Max Depth = 4<LI>Call Chain = DL_UART_disable
</UL>
<BR>[Called By]<UL><LI><a href="#[6c]">&gt;&gt;</a>&nbsp;&nbsp;&nbsp;DL_UART_init
</UL>

<P><STRONG><a name="[6e]"></a>DL_Common_updateReg</STRONG> (Thumb, 40 bytes, Stack size 16 bytes, dl_uart.o(.text.DL_Common_updateReg))
<BR><BR>[Stack]<UL><LI>Max Depth = 16<LI>Call Chain = DL_Common_updateReg
</UL>
<BR>[Called By]<UL><LI><a href="#[6c]">&gt;&gt;</a>&nbsp;&nbsp;&nbsp;DL_UART_init
</UL>

<P><STRONG><a name="[31]"></a>_dadd1</STRONG> (Thumb, 290 bytes, Stack size 20 bytes, daddsub.o(.text), UNUSED)
<BR><BR>[Called By]<UL><LI><a href="#[33]">&gt;&gt;</a>&nbsp;&nbsp;&nbsp;_drsb
<LI><a href="#[32]">&gt;&gt;</a>&nbsp;&nbsp;&nbsp;_dsub
<LI><a href="#[2f]">&gt;&gt;</a>&nbsp;&nbsp;&nbsp;_dadd
</UL>

<P><STRONG><a name="[30]"></a>_dsub1</STRONG> (Thumb, 470 bytes, Stack size 40 bytes, daddsub.o(.text), UNUSED)
<BR><BR>[Called By]<UL><LI><a href="#[33]">&gt;&gt;</a>&nbsp;&nbsp;&nbsp;_drsb
<LI><a href="#[32]">&gt;&gt;</a>&nbsp;&nbsp;&nbsp;_dsub
<LI><a href="#[2f]">&gt;&gt;</a>&nbsp;&nbsp;&nbsp;_dadd
</UL>

<P><STRONG><a name="[116]"></a>_fadd1</STRONG> (Thumb, 0 bytes, Stack size unknown bytes, faddsub.o(x$fpl$fadd), UNUSED)
<BR><BR>[Called By]<UL><LI><a href="#[115]">&gt;&gt;</a>&nbsp;&nbsp;&nbsp;_fsub
</UL>

<P><STRONG><a name="[114]"></a>_fsub1</STRONG> (Thumb, 0 bytes, Stack size unknown bytes, faddsub.o(x$fpl$fsub), UNUSED)
<BR><BR>[Called By]<UL><LI><a href="#[113]">&gt;&gt;</a>&nbsp;&nbsp;&nbsp;_fadd
</UL>
<P>
<H3>
Undefined Global Symbols
</H3>
<P><STRONG><a name="[43]"></a>_call_atexit_fns</STRONG> (ARM, 0 bytes, Stack size 0 bytes, UNDEFINED)
<BR><BR>[Called By]<UL><LI><a href="#[29]">&gt;&gt;</a>&nbsp;&nbsp;&nbsp;exit
</UL>
<HR></body></html>
