Component: Arm Compiler for Embedded 6.19 Tool: armlink [5e73cb00]

==============================================================================

Section Cross References

    main.o(.text.Oled_Show) refers to key.o(.text.key_scan) for key_scan
    main.o(.text.Oled_Show) refers to oled.o(.text.OLED_ShowString) for OLED_ShowString
    main.o(.text.Oled_Show) refers to oled.o(.text.OLED_ShowNum) for OLED_ShowNum
    main.o(.text.Oled_Show) refers to oled.o(.text.OLED_ShowSignedNum) for OLED_ShowSignedNum
    main.o(.text.Oled_Show) refers to f2d.o(.text) for __aeabi_f2d
    main.o(.text.Oled_Show) refers to oled.o(.text.OLED_ShowFloatNum) for OLED_ShowFloatNum
    main.o(.text.Oled_Show) refers to main.o(.text.DL_GPIO_readPins) for DL_GPIO_readPins
    main.o(.text.Oled_Show) refers to oled.o(.text.OLED_Update) for OLED_Update
    main.o(.text.Oled_Show) refers to main.o(.rodata.str1.1) for [Anonymous Symbol]
    main.o(.text.Oled_Show) refers to main.o(.bss.mode_flag) for mode_flag
    main.o(.text.Oled_Show) refers to main.o(.bss.enter_flag) for enter_flag
    main.o(.text.Oled_Show) refers to timer.o(.bss.Length) for Length
    main.o(.text.Oled_Show) refers to timer.o(.bss.stateChangeCount) for stateChangeCount
    main.o(.text.Oled_Show) refers to main.o(.bss.YAW_out) for YAW_out
    main.o(.text.Oled_Show) refers to main.o(.bss.Last_YAW_out) for Last_YAW_out
    main.o(.ARM.exidx.text.Oled_Show) refers to main.o(.text.Oled_Show) for [Anonymous Symbol]
    main.o(.ARM.exidx.text.DL_GPIO_readPins) refers to main.o(.text.DL_GPIO_readPins) for [Anonymous Symbol]
    main.o(.ARM.exidx.text.SR_04_demo) refers to main.o(.text.SR_04_demo) for [Anonymous Symbol]
    main.o(.text.main) refers to ti_msp_dl_config.o(.text.SYSCFG_DL_init) for SYSCFG_DL_init
    main.o(.text.main) refers to key.o(.text.KEY_Init) for KEY_Init
    main.o(.text.main) refers to motor.o(.text.Motor_Init) for Motor_Init
    main.o(.text.main) refers to oled.o(.text.OLED_Init) for OLED_Init
    main.o(.text.main) refers to motor.o(.text.PWM_SET) for PWM_SET
    main.o(.text.main) refers to timer.o(.text.Timer_Init) for Timer_Init
    main.o(.text.main) refers to encoder.o(.text.Encoder_Init) for Encoder_Init
    main.o(.text.main) refers to key.o(.text.key_scan) for key_scan
    main.o(.text.main) refers to mpu.o(.text.jy61pInit) for jy61pInit
    main.o(.text.main) refers to main.o(.text.DL_GPIO_setPins) for DL_GPIO_setPins
    main.o(.text.main) refers to main.o(.text.Oled_Show) for Oled_Show
    main.o(.text.main) refers to mpu.o(.text.get_angle) for get_angle
    main.o(.text.main) refers to fflti.o(.text) for __aeabi_ui2f
    main.o(.text.main) refers to timer.o(.text.judge_way) for judge_way
    main.o(.text.main) refers to main.o(.text.DL_GPIO_clearPins) for DL_GPIO_clearPins
    main.o(.text.main) refers to main.o(.bss.mode_flag) for mode_flag
    main.o(.text.main) refers to main.o(.bss.enter_flag) for enter_flag
    main.o(.text.main) refers to main.o(.bss.YAW_out) for YAW_out
    main.o(.text.main) refers to main.o(.bss.beep_cnt) for beep_cnt
    main.o(.ARM.exidx.text.main) refers to main.o(.text.main) for [Anonymous Symbol]
    main.o(.ARM.exidx.text.DL_GPIO_setPins) refers to main.o(.text.DL_GPIO_setPins) for [Anonymous Symbol]
    main.o(.ARM.exidx.text.DL_GPIO_clearPins) refers to main.o(.text.DL_GPIO_clearPins) for [Anonymous Symbol]
    main.o(.text.BEEP) refers to main.o(.bss.beep_cnt) for beep_cnt
    main.o(.ARM.exidx.text.BEEP) refers to main.o(.text.BEEP) for [Anonymous Symbol]
    ti_msp_dl_config.o(.text.SYSCFG_DL_init) refers to ti_msp_dl_config.o(.text.SYSCFG_DL_initPower) for SYSCFG_DL_initPower
    ti_msp_dl_config.o(.text.SYSCFG_DL_init) refers to ti_msp_dl_config.o(.text.SYSCFG_DL_GPIO_init) for SYSCFG_DL_GPIO_init
    ti_msp_dl_config.o(.text.SYSCFG_DL_init) refers to ti_msp_dl_config.o(.text.SYSCFG_DL_SYSCTL_init) for SYSCFG_DL_SYSCTL_init
    ti_msp_dl_config.o(.text.SYSCFG_DL_init) refers to ti_msp_dl_config.o(.text.SYSCFG_DL_Sever_init) for SYSCFG_DL_Sever_init
    ti_msp_dl_config.o(.text.SYSCFG_DL_init) refers to ti_msp_dl_config.o(.text.SYSCFG_DL_Motor_init) for SYSCFG_DL_Motor_init
    ti_msp_dl_config.o(.text.SYSCFG_DL_init) refers to ti_msp_dl_config.o(.text.SYSCFG_DL_TIMER_0_init) for SYSCFG_DL_TIMER_0_init
    ti_msp_dl_config.o(.text.SYSCFG_DL_init) refers to ti_msp_dl_config.o(.text.SYSCFG_DL_I2C_1_init) for SYSCFG_DL_I2C_1_init
    ti_msp_dl_config.o(.text.SYSCFG_DL_init) refers to ti_msp_dl_config.o(.text.SYSCFG_DL_UART_0_init) for SYSCFG_DL_UART_0_init
    ti_msp_dl_config.o(.text.SYSCFG_DL_init) refers to ti_msp_dl_config.o(.text.SYSCFG_DL_UART_1_init) for SYSCFG_DL_UART_1_init
    ti_msp_dl_config.o(.text.SYSCFG_DL_init) refers to ti_msp_dl_config.o(.text.SYSCFG_DL_ADC12_0_init) for SYSCFG_DL_ADC12_0_init
    ti_msp_dl_config.o(.text.SYSCFG_DL_init) refers to ti_msp_dl_config.o(.text.SYSCFG_DL_COMP_0_init) for SYSCFG_DL_COMP_0_init
[...]
    __NVIC_EnableIRQ                         0x00003db9   Thumb Code    40  encoder.o(.text.__NVIC_EnableIRQ)
    [Anonymous Symbol]                       0x00003db8   Section        0  encoder.o(.text.__NVIC_EnableIRQ)
    __NVIC_EnableIRQ                         0x00003de1   Thumb Code    40  timer.o(.text.__NVIC_EnableIRQ)
    [Anonymous Symbol]                       0x00003de0   Section        0  timer.o(.text.__NVIC_EnableIRQ)
    __arm_cp.1_0                             0x00003e08   Number         4  timer.o(.text.__NVIC_EnableIRQ)
    [Anonymous Symbol]                       0x00003e0c   Section        0  uart.o(.text._sys_exit)
    [Anonymous Symbol]                       0x00003e14   Section        0  timer.o(.text.angle_turn)
    __arm_cp.10_0                            0x00003ebc   Number         4  timer.o(.text.angle_turn)
    __arm_cp.10_1                            0x00003ec0   Number         4  timer.o(.text.angle_turn)
    __arm_cp.10_2                            0x00003ec4   Number         4  timer.o(.text.angle_turn)
    __arm_cp.10_3                            0x00003ec8   Number         4  timer.o(.text.angle_turn)
    __arm_cp.10_4                            0x00003ecc   Number         4  timer.o(.text.angle_turn)
    __arm_cp.10_5                            0x00003ed0   Number         4  timer.o(.text.angle_turn)
    __arm_cp.10_6                            0x00003ed4   Number         4  timer.o(.text.angle_turn)
    [Anonymous Symbol]                       0x00003ed8   Section        0  timer.o(.text.avoid_thing)
    __arm_cp.12_0                            0x00003f38   Number         4  timer.o(.text.avoid_thing)
    [Anonymous Symbol]                       0x00003f3c   Section        0  delay.o(.text.delay_ms)
    [Anonymous Symbol]                       0x00003f56   Section        0  delay.o(.text.delay_us)
    [Anonymous Symbol]                       0x00003f6c   Section        0  timer.o(.text.function)
    __arm_cp.9_35                            0x00004268   Number         4  timer.o(.text.function)
    __arm_cp.9_36                            0x0000426c   Number         4  timer.o(.text.function)
    __arm_cp.9_37                            0x00004270   Number         4  timer.o(.text.function)
    __arm_cp.9_38                            0x00004274   Number         4  timer.o(.text.function)
    __arm_cp.9_48                            0x00004480   Number         4  timer.o(.text.function)
    __arm_cp.9_49                            0x00004674   Number         4  timer.o(.text.function)
    __arm_cp.9_71                            0x00004aa8   Number         4  timer.o(.text.function)
    __arm_cp.9_73                            0x00004bc0   Number         4  timer.o(.text.function)
    __arm_cp.9_74                            0x00004bc4   Number         4  timer.o(.text.function)
    __arm_cp.9_1                             0x00004bcc   Number         4  timer.o(.text.function)
    __arm_cp.9_2                             0x00004bd0   Number         4  timer.o(.text.function)
    __arm_cp.9_3                             0x00004bd4   Number         4  timer.o(.text.function)
    __arm_cp.9_4                             0x00004bd8   Number         4  timer.o(.text.function)
    __arm_cp.9_5                             0x00004bdc   Number         4  timer.o(.text.function)
    __arm_cp.9_6                             0x00004be0   Number         4  timer.o(.text.function)
    __arm_cp.9_7                             0x00004be4   Number         4  timer.o(.text.function)
    __arm_cp.9_8                             0x00004be8   Number         4  timer.o(.text.function)
    __arm_cp.9_9                             0x00004bec   Number         4  timer.o(.text.function)
    __arm_cp.9_10                            0x00004bf0   Number         4  timer.o(.text.function)
    __arm_cp.9_11                            0x00004bf4   Number         4  timer.o(.text.function)
    __arm_cp.9_12                            0x00004bf8   Number         4  timer.o(.text.function)
    __arm_cp.9_13                            0x00004bfc   Number         4  timer.o(.text.function)
    __arm_cp.9_15                            0x00004c00   Number         4  timer.o(.text.function)
    __arm_cp.9_16                            0x00004c04   Number         4  timer.o(.text.function)
    __arm_cp.9_17                            0x00004c08   Number         4  timer.o(.text.function)
    __arm_cp.9_18                            0x00004c0c   Number         4  timer.o(.text.function)
    [Anonymous Symbol]                       0x00004c10   Section        0  mpu.o(.text.get_angle)
    __arm_cp.15_0                            0x00004c78   Number         4  mpu.o(.text.get_angle)
    __arm_cp.15_1                            0x00004c7c   Number         4  mpu.o(.text.get_angle)
    __arm_cp.15_2                            0x00004c80   Number         4  mpu.o(.text.get_angle)
    __arm_cp.15_3                            0x00004c84   Number         4  mpu.o(.text.get_angle)
    [Anonymous Symbol]                       0x00004c88   Section        0  timer.o(.text.judge_way)
    __arm_cp.8_0                             0x00005010   Number         4  timer.o(.text.judge_way)
    __arm_cp.8_1                             0x00005014   Number         4  timer.o(.text.judge_way)
    __arm_cp.8_2                             0x00005018   Number         4  timer.o(.text.judge_way)
    __arm_cp.8_3                             0x0000501c   Number         4  timer.o(.text.judge_way)
    __arm_cp.8_4                             0x00005020   Number         4  timer.o(.text.judge_way)
    __arm_cp.8_5                             0x00005024   Number         4  timer.o(.text.judge_way)
    __arm_cp.8_6                             0x00005028   Number         4  timer.o(.text.judge_way)
    __arm_cp.8_7                             0x0000502c   Number         4  timer.o(.text.judge_way)
    __arm_cp.8_8                             0x00005030   Number         4  timer.o(.text.judge_way)
    __arm_cp.8_9                             0x00005034   Number         4  timer.o(.text.judge_way)
    __arm_cp.8_10                            0x00005038   Number         4  timer.o(.text.judge_way)
    __arm_cp.8_11                            0x0000503c   Number         4  timer.o(.text.judge_way)
    [Anonymous Symbol]                       0x00005040   Section        0  mpu.o(.text.jy61pInit)
    __arm_cp.0_0                             0x000050dc   Number         4  mpu.o(.text.jy61pInit)
    __arm_cp.0_1                             0x000050e0   Number         4  mpu.o(.text.jy61pInit)
    [Anonymous Symbol]                       0x000050e4   Section        0  key.o(.text.key_read)
    __arm_cp.2_0                             0x00005138   Number         4  key.o(.text.key_read)
    __arm_cp.2_1                             0x0000513c   Number         4  key.o(.text.key_read)
    [Anonymous Symbol]                       0x00005140   Section        0  key.o(.text.key_scan)
    __arm_cp.4_0                             0x000051b4   Number         4  key.o(.text.key_scan)
    __arm_cp.4_1                             0x000051b8   Number         4  key.o(.text.key_scan)
    [Anonymous Symbol]                       0x000051bc   Section        0  main.o(.text.main)
    __arm_cp.3_0                             0x0000523c   Number         4  main.o(.text.main)
    __arm_cp.3_1                             0x00005240   Number         4  main.o(.text.main)
    __arm_cp.3_2                             0x00005244   Number         4  main.o(.text.main)
    __arm_cp.3_4                             0x00005248   Number         4  main.o(.text.main)
    [Anonymous Symbol]                       0x0000524c   Section        0  mpu.o(.text.readDataJy61p)
    [Anonymous Symbol]                       0x00005320   Section        0  mpu.o(.text.writeDataJy61p)
    [Anonymous Symbol]                       0x000053b8   Section        0  timer.o(.text.zhixing)
    __arm_cp.11_0                            0x00005498   Number         4  timer.o(.text.zhixing)
    __arm_cp.11_1                            0x0000549c   Number         4  timer.o(.text.zhixing)
    __arm_cp.11_2                            0x000054a0   Number         4  timer.o(.text.zhixing)
    __arm_cp.11_3                            0x000054a4   Number         4  timer.o(.text.zhixing)
    __arm_cp.11_4                            0x000054a8   Number         4  timer.o(.text.zhixing)
    __arm_cp.11_5                            0x000054ac   Number         4  timer.o(.text.zhixing)
    i._dgeq                                  0x000054b0   Section        0  dcmp.o(i._dgeq)
    i._dgr                                   0x000054c6   Section        0  dcmp.o(i._dgr)
    i._dleq                                  0x000054dc   Section        0  dcmp.o(i._dleq)
    i._dls                                   0x000054f6   Section        0  dcmp.o(i._dls)
    i._fgeq                                  0x0000550c   Section        0  fcmp.o(i._fgeq)
    i._fleq                                  0x00005522   Section        0  fcmp.o(i._fleq)
    x$fpl$dgeqf                              0x0000553c   Section      100  dgef.o(x$fpl$dgeqf)
    x$fpl$dleqf                              0x000055a0   Section      100  dlef.o(x$fpl$dleqf)
    x$fpl$fadd                               0x00005604   Section      140  faddsub.o(x$fpl$fadd)
    _fadd1                                   0x00005611   Thumb Code     0  faddsub.o(x$fpl$fadd)
    x$fpl$fgeqf                              0x00005690   Section       84  fgef.o(x$fpl$fgeqf)
    x$fpl$fleqf                              0x000056e4   Section       84  flef.o(x$fpl$fleqf)
    x$fpl$fmul                               0x00005738   Section      176  fmul.o(x$fpl$fmul)
    x$fpl$fsub                               0x000057e8   Section      208  faddsub.o(x$fpl$fsub)
    _fsub1                                   0x000057f5   Thumb Code     0  faddsub.o(x$fpl$fsub)
    ddiv_reciptbl                            0x000058b8   Data         128  ddiv.o(.constdata)
    .constdata                               0x000058b8   Section      128  ddiv.o(.constdata)
    x$fpl$usenofp                            0x000058b8   Section        0  usenofp.o(x$fpl$usenofp)
    gADC12_0ClockConfig                      0x00006164   Data           8  ti_msp_dl_config.o(.rodata.gADC12_0ClockConfig)
    [Anonymous Symbol]                       0x00006164   Section        0  ti_msp_dl_config.o(.rodata.gADC12_0ClockConfig)
    gCOMP_0Config                            0x0000616c   Data          20  ti_msp_dl_config.o(.rodata.gCOMP_0Config)
    [Anonymous Symbol]                       0x0000616c   Section        0  ti_msp_dl_config.o(.rodata.gCOMP_0Config)
    gCOMP_0VRefConfig                        0x00006180   Data          12  ti_msp_dl_config.o(.rodata.gCOMP_0VRefConfig)
    [Anonymous Symbol]                       0x00006180   Section        0  ti_msp_dl_config.o(.rodata.gCOMP_0VRefConfig)
    gI2C_1ClockConfig                        0x0000618c   Data           2  ti_msp_dl_config.o(.rodata.gI2C_1ClockConfig)
    [Anonymous Symbol]                       0x0000618c   Section        0  ti_msp_dl_config.o(.rodata.gI2C_1ClockConfig)
    gMotorClockConfig                        0x0000618e   Data           3  ti_msp_dl_config.o(.rodata.gMotorClockConfig)
    [Anonymous Symbol]                       0x0000618e   Section        0  ti_msp_dl_config.o(.rodata.gMotorClockConfig)
    gMotorConfig                             0x00006194   Data           8  ti_msp_dl_config.o(.rodata.gMotorConfig)
    [Anonymous Symbol]                       0x00006194   Section        0  ti_msp_dl_config.o(.rodata.gMotorConfig)
    gOPA_0Config0                            0x0000619c   Data          10  ti_msp_dl_config.o(.rodata.gOPA_0Config0)
    [Anonymous Symbol]                       0x0000619c   Section        0  ti_msp_dl_config.o(.rodata.gOPA_0Config0)
    gSeverClockConfig                        0x000061a6   Data           3  ti_msp_dl_config.o(.rodata.gSeverClockConfig)
    [Anonymous Symbol]                       0x000061a6   Section        0  ti_msp_dl_config.o(.rodata.gSeverClockConfig)
    gSeverConfig                             0x000061ac   Data           8  ti_msp_dl_config.o(.rodata.gSeverConfig)
    [Anonymous Symbol]                       0x000061ac   Section        0  ti_msp_dl_config.o(.rodata.gSeverConfig)
    gTIMER_0ClockConfig                      0x000061b4   Data           3  ti_msp_dl_config.o(.rodata.gTIMER_0ClockConfig)
    [Anonymous Symbol]                       0x000061b4   Section        0  ti_msp_dl_config.o(.rodata.gTIMER_0ClockConfig)
    gTIMER_0TimerConfig                      0x000061b8   Data          20  ti_msp_dl_config.o(.rodata.gTIMER_0TimerConfig)
    [Anonymous Symbol]                       0x000061b8   Section        0  ti_msp_dl_config.o(.rodata.gTIMER_0TimerConfig)
    gUART_0ClockConfig                       0x000061cc   Data           2  ti_msp_dl_config.o(.rodata.gUART_0ClockConfig)
    [Anonymous Symbol]                       0x000061cc   Section        0  ti_msp_dl_config.o(.rodata.gUART_0ClockConfig)
    gUART_0Config                            0x000061ce   Data          10  ti_msp_dl_config.o(.rodata.gUART_0Config)
    [Anonymous Symbol]                       0x000061ce   Section        0  ti_msp_dl_config.o(.rodata.gUART_0Config)
    gUART_1ClockConfig                       0x000061d8   Data           2  ti_msp_dl_config.o(.rodata.gUART_1ClockConfig)
    [Anonymous Symbol]                       0x000061d8   Section        0  ti_msp_dl_config.o(.rodata.gUART_1ClockConfig)
    gUART_1Config                            0x000061da   Data          10  ti_msp_dl_config.o(.rodata.gUART_1Config)
    [Anonymous Symbol]                       0x000061da   Section        0  ti_msp_dl_config.o(.rodata.gUART_1Config)
    gVREFConfig                              0x000061e4   Data          12  ti_msp_dl_config.o(.rodata.gVREFConfig)
    [Anonymous Symbol]                       0x000061e4   Section        0  ti_msp_dl_config.o(.rodata.gVREFConfig)
    [Anonymous Symbol]                       0x000061f0   Section        0  main.o(.rodata.str1.1)
    [Anonymous Symbol]                       0x000061f6   Section        0  mpu.o(.rodata.str1.1)
    .bss                                     0x20200020   Section       96  libspace.o(.bss)
    GROUP1_IRQHandler.count                  0x20200098   Data           2  encoder.o(.bss.GROUP1_IRQHandler.count)
    [Anonymous Symbol]                       0x20200098   Section        0  encoder.o(.bss.GROUP1_IRQHandler.count)
    Gyro_Structure                           0x2020009c   Data          12  mpu.o(.bss.Gyro_Structure)
    [Anonymous Symbol]                       0x2020009c   Section        0  mpu.o(.bss.Gyro_Structure)
    judge_way.cnt                            0x202006c4   Data           4  timer.o(.bss.judge_way.cnt)
    [Anonymous Symbol]                       0x202006c4   Section        0  timer.o(.bss.judge_way.cnt)
    Heap_Mem                                 0x202006f0   Data           0  startup_mspm0g350x_uvision.o(HEAP)
    Stack_Mem                                0x202006f0   Data        1280  startup_mspm0g350x_uvision.o(STACK)
    HEAP                                     0x202006f0   Section        0  startup_mspm0g350x_uvision.o(HEAP)
    STACK                                    0x202006f0   Section     1280  startup_mspm0g350x_uvision.o(STACK)
    __initial_sp                             0x20200bf0   Data           0  startup_mspm0g350x_uvision.o(STACK)

    Global Symbols

    Symbol Name                              Value     Ov Type        Size  Object(Section)

    BuildAttributes$$THM_ISAv3M$S$PE$A:L22$X:L11$S22$IEEE1$IW$~IW$USESV6$~STKCKD$USESV7$~SHL$OTIME$ROPI$IEEEX$EBA8$UX$STANDARDLIB$REQ8$PRES8$EABIv2 0x00000000   Number         0  anon$$obj.o ABSOLUTE
    __Vectors                                0x00000000   Data           4  startup_mspm0g350x_uvision.o(RESET)
    _printf_flags                            0x00000000   Number         0  printf_stubs.o ABSOLUTE
    _printf_return_value                     0x00000000   Number         0  printf_stubs.o ABSOLUTE
    _printf_sizespec                         0x00000000   Number         0  printf_stubs.o ABSOLUTE
    _printf_widthprec                        0x00000000   Number         0  printf_stubs.o ABSOLUTE
    __ARM_exceptions_init                     - Undefined Weak Reference
    __alloca_initialize                       - Undefined Weak Reference
    __arm_preinit_                            - Undefined Weak Reference
    __arm_relocate_pie_                       - Undefined Weak Reference
    __cpp_initialize__aeabi_                  - Undefined Weak Reference
    __cxa_finalize                            - Undefined Weak Reference
    __sigvec_lookup                           - Undefined Weak Reference
    _atexit_init                              - Undefined Weak Reference
    _call_atexit_fns                          - Undefined Weak Reference
    _clock_init                               - Undefined Weak Reference
    _fp_trap_init                             - Undefined Weak Reference
    _fp_trap_shutdown                         - Undefined Weak Reference
    _get_lc_collate                           - Undefined Weak Reference
    _get_lc_monetary                          - Undefined Weak Reference
    _get_lc_time                              - Undefined Weak Reference
    _getenv_init                              - Undefined Weak Reference
    _handle_redirection                       - Undefined Weak Reference
    _init_alloc                               - Undefined Weak Reference
    _init_user_alloc                          - Undefined Weak Reference
    _initio                                   - Undefined Weak Reference
    _printf_mbtowc                            - Undefined Weak Reference
    _printf_wc                                - Undefined Weak Reference
    _rand_init                                - Undefined Weak Reference
    _signal_finish                            - Undefined Weak Reference
    _signal_init                              - Undefined Weak Reference
    _terminate_alloc                          - Undefined Weak Reference
    _terminate_user_alloc                     - Undefined Weak Reference
    _terminateio                              - Undefined Weak Reference
    __Vectors_End                            0x000000c0   Data           0  startup_mspm0g350x_uvision.o(RESET)
    __Vectors_Size                           0x000000c0   Number         0  startup_mspm0g350x_uvision.o ABSOLUTE
    __main                                   0x000000c1   Thumb Code     8  __main.o(!!!main)
    __scatterload                            0x000000c9   Thumb Code     0  __scatter.o(!!!scatter)
    __scatterload_rt2                        0x000000c9   Thumb Code    52  __scatter.o(!!!scatter)
    __scatterload_rt2_thumb_only             0x000000c9   Thumb Code     0  __scatter.o(!!!scatter)
    __scatterload_null                       0x000000d9   Thumb Code     0  __scatter.o(!!!scatter)
    __scatterload_copy                       0x00000109   Thumb Code    26  __scatter_copy.o(!!handler_copy)
    __scatterload_zeroinit                   0x00000129   Thumb Code    28  __scatter_zi.o(!!handler_zi)
    __rt_lib_init                            0x00000145   Thumb Code     0  libinit.o(.ARM.Collect$$libinit$$00000000)
    __rt_lib_init_alloca_1                   0x00000147   Thumb Code     0  libinit2.o(.ARM.Collect$$libinit$$00000030)
    __rt_lib_init_argv_1                     0x00000147   Thumb Code     0  libinit2.o(.ARM.Collect$$libinit$$0000002E)
    __rt_lib_init_atexit_1                   0x00000147   Thumb Code     0  libinit2.o(.ARM.Collect$$libinit$$0000001D)
    __rt_lib_init_clock_1                    0x00000147   Thumb Code     0  libinit2.o(.ARM.Collect$$libinit$$00000023)
    __rt_lib_init_cpp_1                      0x00000147   Thumb Code     0  libinit2.o(.ARM.Collect$$libinit$$00000034)
    __rt_lib_init_exceptions_1               0x00000147   Thumb Code     0  libinit2.o(.ARM.Collect$$libinit$$00000032)
    __rt_lib_init_fp_1                       0x00000147   Thumb Code     0  libinit2.o(.ARM.Collect$$libinit$$00000002)
    __rt_lib_init_fp_trap_1                  0x00000147   Thumb Code     0  libinit2.o(.ARM.Collect$$libinit$$00000021)
    __rt_lib_init_getenv_1                   0x00000147   Thumb Code     0  libinit2.o(.ARM.Collect$$libinit$$00000025)
    __rt_lib_init_heap_1                     0x00000147   Thumb Code     0  libinit2.o(.ARM.Collect$$libinit$$0000000C)
    __rt_lib_init_lc_collate_1               0x00000147   Thumb Code     0  libinit2.o(.ARM.Collect$$libinit$$00000013)
    __rt_lib_init_lc_ctype_1                 0x00000147   Thumb Code     0  libinit2.o(.ARM.Collect$$libinit$$00000015)
    __rt_lib_init_lc_monetary_1              0x00000147   Thumb Code     0  libinit2.o(.ARM.Collect$$libinit$$00000017)
    __rt_lib_init_lc_numeric_1               0x00000147   Thumb Code     0  libinit2.o(.ARM.Collect$$libinit$$00000019)
    __rt_lib_init_lc_time_1                  0x00000147   Thumb Code     0  libinit2.o(.ARM.Collect$$libinit$$0000001B)
    __rt_lib_init_preinit_1                  0x00000147   Thumb Code     0  libinit2.o(.ARM.Collect$$libinit$$00000006)
    __rt_lib_init_rand_1                     0x00000147   Thumb Code     0  libinit2.o(.ARM.Collect$$libinit$$00000010)
    __rt_lib_init_relocate_pie_1             0x00000147   Thumb Code     0  libinit2.o(.ARM.Collect$$libinit$$00000004)
    __rt_lib_init_return                     0x00000147   Thumb Code     0  libinit2.o(.ARM.Collect$$libinit$$00000035)
    __rt_lib_init_signal_1                   0x00000147   Thumb Code     0  libinit2.o(.ARM.Collect$$libinit$$0000001F)
    __rt_lib_init_stdio_1                    0x00000147   Thumb Code     0  libinit2.o(.ARM.Collect$$libinit$$00000027)
    __rt_lib_init_user_alloc_1               0x00000147   Thumb Code     0  libinit2.o(.ARM.Collect$$libinit$$0000000E)
    __rt_lib_shutdown                        0x00000149   Thumb Code     0  libshutdown.o(.ARM.Collect$$libshutdown$$00000000)
    __rt_lib_shutdown_cpp_1                  0x0000014b   Thumb Code     0  libshutdown2.o(.ARM.Collect$$libshutdown$$00000002)
    __rt_lib_shutdown_fp_trap_1              0x0000014b   Thumb Code     0  libshutdown2.o(.ARM.Collect$$libshutdown$$00000007)
    __rt_lib_shutdown_heap_1                 0x0000014b   Thumb Code     0  libshutdown2.o(.ARM.Collect$$libshutdown$$0000000F)
    __rt_lib_shutdown_return                 0x0000014b   Thumb Code     0  libshutdown2.o(.ARM.Collect$$libshutdown$$00000010)
    __rt_lib_shutdown_signal_1               0x0000014b   Thumb Code     0  libshutdown2.o(.ARM.Collect$$libshutdown$$0000000A)
    __rt_lib_shutdown_stdio_1                0x0000014b   Thumb Code     0  libshutdown2.o(.ARM.Collect$$libshutdown$$00000004)
    __rt_lib_shutdown_user_alloc_1           0x0000014b   Thumb Code     0  libshutdown2.o(.ARM.Collect$$libshutdown$$0000000C)
    __rt_entry                               0x0000014d   Thumb Code     0  __rtentry.o(.ARM.Collect$$rtentry$$00000000)
    __rt_entry_presh_1                       0x0000014d   Thumb Code     0  __rtentry2.o(.ARM.Collect$$rtentry$$00000002)
    __rt_entry_sh                            0x0000014d   Thumb Code     0  __rtentry4.o(.ARM.Collect$$rtentry$$00000004)
    __rt_entry_li                            0x00000153   Thumb Code     0  __rtentry2.o(.ARM.Collect$$rtentry$$0000000A)
    __rt_entry_postsh_1                      0x00000153   Thumb Code     0  __rtentry2.o(.ARM.Collect$$rtentry$$00000009)
    __rt_entry_main                          0x00000157   Thumb Code     0  __rtentry2.o(.ARM.Collect$$rtentry$$0000000D)
    __rt_entry_postli_1                      0x00000157   Thumb Code     0  __rtentry2.o(.ARM.Collect$$rtentry$$0000000C)
    __rt_exit                                0x0000015f   Thumb Code     0  rtexit.o(.ARM.Collect$$rtexit$$00000000)
    __rt_exit_ls                             0x00000161   Thumb Code     0  rtexit2.o(.ARM.Collect$$rtexit$$00000003)
    __rt_exit_prels_1                        0x00000161   Thumb Code     0  rtexit2.o(.ARM.Collect$$rtexit$$00000002)
    __rt_exit_exit                           0x00000165   Thumb Code     0  rtexit2.o(.ARM.Collect$$rtexit$$00000004)
    Reset_Handler                            0x0000016d   Thumb Code     4  startup_mspm0g350x_uvision.o(.text)
    NMI_Handler                              0x00000171   Thumb Code     2  startup_mspm0g350x_uvision.o(.text)
    HardFault_Handler                        0x00000173   Thumb Code     2  startup_mspm0g350x_uvision.o(.text)
    SVC_Handler                              0x00000175   Thumb Code     2  startup_mspm0g350x_uvision.o(.text)
    PendSV_Handler                           0x00000177   Thumb Code     2  startup_mspm0g350x_uvision.o(.text)
    SysTick_Handler                          0x00000179   Thumb Code     2  startup_mspm0g350x_uvision.o(.text)
    ADC0_IRQHandler                          0x0000017b   Thumb Code     0  startup_mspm0g350x_uvision.o(.text)
    ADC1_IRQHandler                          0x0000017b   Thumb Code     0  startup_mspm0g350x_uvision.o(.text)
    AES_IRQHandler                           0x0000017b   Thumb Code     0  startup_mspm0g350x_uvision.o(.text)
    CANFD0_IRQHandler                        0x0000017b   Thumb Code     0  startup_mspm0g350x_uvision.o(.text)
    DAC0_IRQHandler                          0x0000017b   Thumb Code     0  startup_mspm0g350x_uvision.o(.text)
    DMA_IRQHandler                           0x0000017b   Thumb Code     0  startup_mspm0g350x_uvision.o(.text)
    Default_Handler                          0x0000017b   Thumb Code     2  startup_mspm0g350x_uvision.o(.text)
    GROUP0_IRQHandler                        0x0000017b   Thumb Code     0  startup_mspm0g350x_uvision.o(.text)
    I2C0_IRQHandler                          0x0000017b   Thumb Code     0  startup_mspm0g350x_uvision.o(.text)
    I2C1_IRQHandler                          0x0000017b   Thumb Code     0  startup_mspm0g350x_uvision.o(.text)
    RTC_IRQHandler                           0x0000017b   Thumb Code     0  startup_mspm0g350x_uvision.o(.text)
    SPI0_IRQHandler                          0x0000017b   Thumb Code     0  startup_mspm0g350x_uvision.o(.text)
    SPI1_IRQHandler                          0x0000017b   Thumb Code     0  startup_mspm0g350x_uvision.o(.text)
    TIMA0_IRQHandler                         0x0000017b   Thumb Code     0  startup_mspm0g350x_uvision.o(.text)
    TIMG0_IRQHandler                         0x0000017b   Thumb Code     0  startup_mspm0g350x_uvision.o(.text)
    TIMG12_IRQHandler                        0x0000017b   Thumb Code     0  startup_mspm0g350x_uvision.o(.text)
    TIMG6_IRQHandler                         0x0000017b   Thumb Code     0  startup_mspm0g350x_uvision.o(.text)
    TIMG7_IRQHandler                         0x0000017b   Thumb Code     0  startup_mspm0g350x_uvision.o(.text)
    TIMG8_IRQHandler                         0x0000017b   Thumb Code     0  startup_mspm0g350x_uvision.o(.text)
    UART0_IRQHandler                         0x0000017b   Thumb Code     0  startup_mspm0g350x_uvision.o(.text)
    UART1_IRQHandler                         0x0000017b   Thumb Code     0  startup_mspm0g350x_uvision.o(.text)
    UART2_IRQHandler                         0x0000017b   Thumb Code     0  startup_mspm0g350x_uvision.o(.text)
    UART3_IRQHandler                         0x0000017b   Thumb Code     0  startup_mspm0g350x_uvision.o(.text)
    __user_initial_stackheap                 0x0000017d   Thumb Code    10  startup_mspm0g350x_uvision.o(.text)
    __use_no_semihosting                     0x00000199   Thumb Code     2  use_no_semi_2.o(.text)
    __aeabi_uidiv                            0x0000019d   Thumb Code     0  aeabi_sdiv.o(.text)
    __aeabi_uidivmod                         0x0000019d   Thumb Code    20  aeabi_sdiv.o(.text)
    __aeabi_idiv                             0x000001b1   Thumb Code     0  aeabi_sdiv.o(.text)
    __aeabi_idivmod                          0x000001b1   Thumb Code   338  aeabi_sdiv.o(.text)
    __use_two_region_memory                  0x00000309   Thumb Code     2  heapauxi.o(.text)
    __rt_heap_escrow$2region                 0x0000030b   Thumb Code     2  heapauxi.o(.text)
    __rt_heap_expand$2region                 0x0000030d   Thumb Code     2  heapauxi.o(.text)
    __aeabi_d2f                              0x00000311   Thumb Code     0  d2f.o(.text)
    _d2f                                     0x00000311   Thumb Code   120  d2f.o(.text)
    __aeabi_dadd                             0x00000685   Thumb Code     0  daddsub.o(.text)
    _dadd                                    0x00000685   Thumb Code    26  daddsub.o(.text)
    __aeabi_dsub                             0x0000069f   Thumb Code     0  daddsub.o(.text)
    _dsub                                    0x0000069f   Thumb Code    22  daddsub.o(.text)
    __aeabi_drsub                            0x000006b5   Thumb Code     0  daddsub.o(.text)
    _drsb                                    0x000006b5   Thumb Code    28  daddsub.o(.text)
    __aeabi_ddiv                             0x000006e5   Thumb Code     0  ddiv.o(.text)
    _ddiv                                    0x000006e5   Thumb Code  1072  ddiv.o(.text)
    _drdiv                                   0x00000b15   Thumb Code    20  ddiv.o(.text)
    __aeabi_d2iz                             0x00000b2d   Thumb Code     0  dfixi.o(.text)
    _dfix                                    0x00000b2d   Thumb Code    98  dfixi.o(.text)
    __aeabi_d2uiz                            0x00000b99   Thumb Code     0  dfixui.o(.text)
    _dfixu                                   0x00000b99   Thumb Code    68  dfixui.o(.text)
    __aeabi_i2d_normalise                    0x00000be1   Thumb Code    66  dflti.o(.text)
    __aeabi_i2d                              0x00000c23   Thumb Code    16  dflti.o(.text)
    _dflt                                    0x00000c23   Thumb Code     0  dflti.o(.text)
    __aeabi_ui2d                             0x00000c33   Thumb Code     6  dflti.o(.text)
    _dfltu                                   0x00000c33   Thumb Code     0  dflti.o(.text)
    __aeabi_dmul                             0x00000c39   Thumb Code     0  dmul.o(.text)
    _dmul                                    0x00000c39   Thumb Code   558  dmul.o(.text)
    __aeabi_f2d                              0x00000e81   Thumb Code     0  f2d.o(.text)
    _f2d                                     0x00000e81   Thumb Code    80  f2d.o(.text)
    __aeabi_f2iz                             0x00000ed5   Thumb Code     0  ffixi.o(.text)
    _ffix                                    0x00000ed5   Thumb Code    76  ffixi.o(.text)
    __aeabi_i2f_normalise                    0x00000f21   Thumb Code    72  fflti.o(.text)
    __aeabi_i2f                              0x00000f69   Thumb Code    16  fflti.o(.text)
    _fflt                                    0x00000f69   Thumb Code     0  fflti.o(.text)
    __aeabi_ui2f                             0x00000f79   Thumb Code     6  fflti.o(.text)
    _ffltu                                   0x00000f79   Thumb Code     0  fflti.o(.text)
    __semihosting$guard                      0x00000f7f   Thumb Code     0  use_no_semi.o(.text)
    __use_no_semihosting_swi                 0x00000f7f   Thumb Code     2  use_no_semi.o(.text)
    __fpl_dcmp_InfNaN                        0x00000f81   Thumb Code   154  dcmpin.o(.text)
    __fpl_fcmp_InfNaN                        0x00001021   Thumb Code    96  fcmpin.o(.text)
    __user_libspace                          0x00001085   Thumb Code     8  libspace.o(.text)
    __user_perproc_libspace                  0x00001085   Thumb Code     0  libspace.o(.text)
    __user_perthread_libspace                0x00001085   Thumb Code     0  libspace.o(.text)
    __user_setup_stackheap                   0x0000108d   Thumb Code    62  sys_stackheap_outer.o(.text)
    exit                                     0x000010cb   Thumb Code    16  exit.o(.text)
    __fpl_cmpreturn                          0x000010db   Thumb Code    46  cmpret.o(.text)
    __fpl_dcheck_NaN2                        0x00001109   Thumb Code    14  dnan2.o(.text)
    __fpl_fcheck_NaN2                        0x0000111d   Thumb Code    10  fnan2.o(.text)
    __fpl_return_NaN                         0x0000112d   Thumb Code    94  retnan.o(.text)
    Angle_PID                                0x0000118d   Thumb Code   252  angle_pid.o(.text.Angle_PID)
    Black_Control                            0x000012b1   Thumb Code   240  timer.o(.text.Black_Control)
    Black_Control_Left                       0x000013a1   Thumb Code   236  timer.o(.text.Black_Control_Left)
    DL_ADC12_setClockConfig                  0x00001595   Thumb Code    64  dl_adc12.o(.text.DL_ADC12_setClockConfig)
    DL_Common_delayCycles                    0x000016f5   Thumb Code    20  dl_common.o(.text.DL_Common_delayCycles)
    DL_I2C_setClockConfig                    0x00001be9   Thumb Code    48  dl_i2c.o(.text.DL_I2C_setClockConfig)
    DL_TimerA_initPWMMode                    0x00001d65   Thumb Code   234  dl_timer.o(.text.DL_TimerA_initPWMMode)
    DL_Timer_initPWMMode                     0x00001ebd   Thumb Code   260  dl_timer.o(.text.DL_Timer_initPWMMode)
    DL_Timer_initTimerMode                   0x00001fc9   Thumb Code   252  dl_timer.o(.text.DL_Timer_initTimerMode)
    DL_Timer_setCaptCompUpdateMethod         0x000020f1   Thumb Code    48  dl_timer.o(.text.DL_Timer_setCaptCompUpdateMethod)
    DL_Timer_setCaptureCompareAction         0x00002121   Thumb Code    44  dl_timer.o(.text.DL_Timer_setCaptureCompareAction)
    DL_Timer_setCaptureCompareCtl            0x00002155   Thumb Code    52  dl_timer.o(.text.DL_Timer_setCaptureCompareCtl)
    DL_Timer_setCaptureCompareInput          0x00002191   Thumb Code    52  dl_timer.o(.text.DL_Timer_setCaptureCompareInput)
    DL_Timer_setCaptureCompareOutCtl         0x000021c5   Thumb Code    60  dl_timer.o(.text.DL_Timer_setCaptureCompareOutCtl)
    DL_Timer_setCaptureCompareValue          0x00002205   Thumb Code    40  dl_timer.o(.text.DL_Timer_setCaptureCompareValue)
    DL_Timer_setClockConfig                  0x00002231   Thumb Code    44  dl_timer.o(.text.DL_Timer_setClockConfig)
    DL_UART_init                             0x0000231d   Thumb Code    68  dl_uart.o(.text.DL_UART_init)
    DL_UART_setClockConfig                   0x000023c5   Thumb Code    32  dl_uart.o(.text.DL_UART_setClockConfig)
    DL_VREF_configReference                  0x00002409   Thumb Code    48  dl_vref.o(.text.DL_VREF_configReference)
    Encoder1_Get                             0x0000246d   Thumb Code    20  encoder.o(.text.Encoder1_Get)
    Encoder_Get                              0x00002481   Thumb Code    20  encoder.o(.text.Encoder_Get)
    Encoder_Init                             0x00002495   Thumb Code    10  encoder.o(.text.Encoder_Init)
    GROUP1_IRQHandler                        0x000024a1   Thumb Code   688  encoder.o(.text.GROUP1_IRQHandler)
    HC_Length                                0x0000276d   Thumb Code   324  hc_sr04.o(.text.HC_Length)
    I2C_WaitAck                              0x000028d9   Thumb Code   172  mpu.o(.text.I2C_WaitAck)
    IIC_Send_Ack                             0x00002989   Thumb Code   120  mpu.o(.text.IIC_Send_Ack)
    IIC_Start                                0x00002a05   Thumb Code    88  mpu.o(.text.IIC_Start)
    IIC_Stop                                 0x00002a61   Thumb Code    76  mpu.o(.text.IIC_Stop)
    KEY_Init                                 0x00002ab1   Thumb Code    76  key.o(.text.KEY_Init)
    Motor_Init                               0x00002afd   Thumb Code    12  motor.o(.text.Motor_Init)
    OLED_ClearArea                           0x00002b0d   Thumb Code   216  oled.o(.text.OLED_ClearArea)
    OLED_GPIO_Init                           0x00002be9   Thumb Code    32  oled.o(.text.OLED_GPIO_Init)
    OLED_I2C_SendByte                        0x00002c09   Thumb Code   128  oled.o(.text.OLED_I2C_SendByte)
    OLED_I2C_Start                           0x00002c89   Thumb Code    56  oled.o(.text.OLED_I2C_Start)
    OLED_I2C_Stop                            0x00002cc5   Thumb Code    44  oled.o(.text.OLED_I2C_Stop)
    OLED_Init                                0x00002cf9   Thumb Code   146  oled.o(.text.OLED_Init)
    OLED_Pow                                 0x00002d8b   Thumb Code    40  oled.o(.text.OLED_Pow)
    OLED_SetCursor                           0x00002db3   Thumb Code    54  oled.o(.text.OLED_SetCursor)
    OLED_ShowChar                            0x00002de9   Thumb Code   112  oled.o(.text.OLED_ShowChar)
    OLED_ShowFloatNum                        0x00002e65   Thumb Code   316  oled.o(.text.OLED_ShowFloatNum)
    OLED_ShowImage                           0x00002fa1   Thumb Code   320  oled.o(.text.OLED_ShowImage)
    OLED_ShowNum                             0x000030e1   Thumb Code   138  oled.o(.text.OLED_ShowNum)
    OLED_ShowSignedNum                       0x0000316b   Thumb Code   198  oled.o(.text.OLED_ShowSignedNum)
    OLED_ShowString                          0x00003231   Thumb Code    86  oled.o(.text.OLED_ShowString)
    OLED_Update                              0x00003289   Thumb Code    68  oled.o(.text.OLED_Update)
    OLED_WriteCommand                        0x000032d1   Thumb Code    42  oled.o(.text.OLED_WriteCommand)
    OLED_WriteData                           0x000032fb   Thumb Code    80  oled.o(.text.OLED_WriteData)
    Oled_Show                                0x0000334d   Thumb Code   348  main.o(.text.Oled_Show)
    PWM_SET                                  0x000034d1   Thumb Code   200  motor.o(.text.PWM_SET)
    Read_Byte                                0x000035ad   Thumb Code   148  mpu.o(.text.Read_Byte)
    SYSCFG_DL_ADC12_0_init                   0x00003645   Thumb Code   112  ti_msp_dl_config.o(.text.SYSCFG_DL_ADC12_0_init)
    SYSCFG_DL_COMP_0_init                    0x000036b9   Thumb Code    40  ti_msp_dl_config.o(.text.SYSCFG_DL_COMP_0_init)
    SYSCFG_DL_GPIO_init                      0x000036ed   Thumb Code   524  ti_msp_dl_config.o(.text.SYSCFG_DL_GPIO_init)
    SYSCFG_DL_I2C_1_init                     0x00003915   Thumb Code    80  ti_msp_dl_config.o(.text.SYSCFG_DL_I2C_1_init)
    SYSCFG_DL_Motor_init                     0x00003969   Thumb Code   192  ti_msp_dl_config.o(.text.SYSCFG_DL_Motor_init)
    SYSCFG_DL_OPA_0_init                     0x00003a35   Thumb Code    32  ti_msp_dl_config.o(.text.SYSCFG_DL_OPA_0_init)
    SYSCFG_DL_SYSCTL_init                    0x00003a59   Thumb Code    22  ti_msp_dl_config.o(.text.SYSCFG_DL_SYSCTL_init)
    SYSCFG_DL_Sever_init                     0x00003a71   Thumb Code    76  ti_msp_dl_config.o(.text.SYSCFG_DL_Sever_init)
    SYSCFG_DL_TIMER_0_init                   0x00003ac9   Thumb Code    40  ti_msp_dl_config.o(.text.SYSCFG_DL_TIMER_0_init)
    SYSCFG_DL_UART_0_init                    0x00003af9   Thumb Code    60  ti_msp_dl_config.o(.text.SYSCFG_DL_UART_0_init)
    SYSCFG_DL_UART_1_init                    0x00003b3d   Thumb Code    60  ti_msp_dl_config.o(.text.SYSCFG_DL_UART_1_init)
    SYSCFG_DL_VREF_init                      0x00003b81   Thumb Code    20  ti_msp_dl_config.o(.text.SYSCFG_DL_VREF_init)
    SYSCFG_DL_init                           0x00003b99   Thumb Code    76  ti_msp_dl_config.o(.text.SYSCFG_DL_init)
    SYSCFG_DL_initPower                      0x00003bf1   Thumb Code   184  ti_msp_dl_config.o(.text.SYSCFG_DL_initPower)
    Send_Byte                                0x00003ccd   Thumb Code   144  mpu.o(.text.Send_Byte)
    TIMA1_IRQHandler                         0x00003d61   Thumb Code    60  timer.o(.text.TIMA1_IRQHandler)
    Timer_Init                               0x00003da5   Thumb Code    16  timer.o(.text.Timer_Init)
    _sys_exit                                0x00003e0d   Thumb Code     8  uart.o(.text._sys_exit)
    angle_turn                               0x00003e15   Thumb Code   168  timer.o(.text.angle_turn)
    avoid_thing                              0x00003ed9   Thumb Code    96  timer.o(.text.avoid_thing)
    delay_ms                                 0x00003f3d   Thumb Code    26  delay.o(.text.delay_ms)
    delay_us                                 0x00003f57   Thumb Code    22  delay.o(.text.delay_us)
    function                                 0x00003f6d   Thumb Code  3152  timer.o(.text.function)
    get_angle                                0x00004c11   Thumb Code   104  mpu.o(.text.get_angle)
    judge_way                                0x00004c89   Thumb Code   904  timer.o(.text.judge_way)
    jy61pInit                                0x00005041   Thumb Code   156  mpu.o(.text.jy61pInit)
    key_read                                 0x000050e5   Thumb Code    84  key.o(.text.key_read)
    key_scan                                 0x00005141   Thumb Code   116  key.o(.text.key_scan)
    main                                     0x000051bd   Thumb Code   128  main.o(.text.main)
    readDataJy61p                            0x0000524d   Thumb Code   212  mpu.o(.text.readDataJy61p)
    writeDataJy61p                           0x00005321   Thumb Code   152  mpu.o(.text.writeDataJy61p)
    zhixing                                  0x000053b9   Thumb Code   224  timer.o(.text.zhixing)
    __aeabi_dcmpge                           0x000054b1   Thumb Code     0  dcmp.o(i._dgeq)
    _dgeq                                    0x000054b1   Thumb Code    22  dcmp.o(i._dgeq)
    __aeabi_dcmpgt                           0x000054c7   Thumb Code     0  dcmp.o(i._dgr)
    _dgr                                     0x000054c7   Thumb Code    22  dcmp.o(i._dgr)
    __aeabi_dcmple                           0x000054dd   Thumb Code     0  dcmp.o(i._dleq)
    _dleq                                    0x000054dd   Thumb Code    26  dcmp.o(i._dleq)
    __aeabi_dcmplt                           0x000054f7   Thumb Code     0  dcmp.o(i._dls)
    _dls                                     0x000054f7   Thumb Code    22  dcmp.o(i._dls)
    __aeabi_fcmpge                           0x0000550d   Thumb Code     0  fcmp.o(i._fgeq)
    _fgeq                                    0x0000550d   Thumb Code    22  fcmp.o(i._fgeq)
    __aeabi_fcmple                           0x00005523   Thumb Code     0  fcmp.o(i._fleq)
    _fleq                                    0x00005523   Thumb Code    26  fcmp.o(i._fleq)
    _dcmpge                                  0x0000553d   Thumb Code    94  dgef.o(x$fpl$dgeqf)
    __aeabi_cdcmple                          0x000055a1   Thumb Code     0  dlef.o(x$fpl$dleqf)
    _dcmple                                  0x000055a1   Thumb Code    94  dlef.o(x$fpl$dleqf)
    __aeabi_fadd                             0x00005605   Thumb Code     0  faddsub.o(x$fpl$fadd)
    _fadd                                    0x00005605   Thumb Code   134  faddsub.o(x$fpl$fadd)
    _fcmpge                                  0x00005691   Thumb Code    78  fgef.o(x$fpl$fgeqf)
    __aeabi_cfcmple                          0x000056e5   Thumb Code     0  flef.o(x$fpl$fleqf)
    _fcmple                                  0x000056e5   Thumb Code    78  flef.o(x$fpl$fleqf)
    __aeabi_fmul                             0x00005739   Thumb Code     0  fmul.o(x$fpl$fmul)
    _fmul                                    0x00005739   Thumb Code   172  fmul.o(x$fpl$fmul)
    __aeabi_fsub                             0x000057e9   Thumb Code     0  faddsub.o(x$fpl$fsub)
    _fsub                                    0x000057e9   Thumb Code   204  faddsub.o(x$fpl$fsub)
    __I$use$fp                               0x000058b8   Number         0  usenofp.o(x$fpl$usenofp)
    OLED_F6x8                                0x00005938   Data         570  oled_data.o(.rodata.OLED_F6x8)
    OLED_F8x16                               0x00005b72   Data        1520  oled_data.o(.rodata.OLED_F8x16)
    Region$$Table$$Base                      0x00006200   Number         0  anon$$obj.o(Region$$Table)
    Region$$Table$$Limit                     0x00006220   Number         0  anon$$obj.o(Region$$Table)
    __ARM_use_no_argv                        0x20200000   Data           4  main.o(.ARM.use_no_argv)
    Angle_Kp                                 0x20200004   Data           4  angle_pid.o(.data.Angle_Kp)
    angle_diff                               0x20200008   Data          24  timer.o(.data.angle_diff)
    __libspace_start                         0x20200020   Data          96  libspace.o(.bss)
    Angle_Error                              0x20200080   Data           4  angle_pid.o(.bss.Angle_Error)
    __temporary_stack_top$libspace           0x20200080   Data           0  libspace.o(.bss)
    Angle_Integral                           0x20200084   Data           4  angle_pid.o(.bss.Angle_Integral)
    Angle_Kd                                 0x20200088   Data           4  angle_pid.o(.bss.Angle_Kd)
    Angle_Ki                                 0x2020008c   Data           4  angle_pid.o(.bss.Angle_Ki)
    Angle_PreviousError                      0x20200090   Data           4  angle_pid.o(.bss.Angle_PreviousError)
    Encoder1_Count                           0x20200094   Data           2  encoder.o(.bss.Encoder1_Count)
    Encoder_Count                            0x20200096   Data           2  encoder.o(.bss.Encoder_Count)
    Last_YAW_out                             0x202000a8   Data           4  main.o(.bss.Last_YAW_out)
    Length                                   0x202000ac   Data           4  timer.o(.bss.Length)
    Length_1                                 0x202000b0   Data           8  hc_sr04.o(.bss.Length_1)
    Length_2                                 0x202000b8   Data           8  hc_sr04.o(.bss.Length_2)
    OLED_DisplayBuf                          0x202000c0   Data        1024  oled.o(.bss.OLED_DisplayBuf)
    YAW_out                                  0x202004c0   Data           4  main.o(.bss.YAW_out)
    beep_cnt                                 0x202004c4   Data           2  main.o(.bss.beep_cnt)
    circle_count                             0x202004c6   Data           1  timer.o(.bss.circle_count)
    currentState                             0x202004c8   Data           4  timer.o(.bss.currentState)
    distance                                 0x202004cc   Data           1  timer.o(.bss.distance)
    enter_flag                               0x202004cd   Data           1  main.o(.bss.enter_flag)
    gMotorBackup                             0x202004d0   Data         188  ti_msp_dl_config.o(.bss.gMotorBackup)
    gSeverBackup                             0x2020058c   Data         120  ti_msp_dl_config.o(.bss.gSeverBackup)
    gTIMER_0Backup                           0x20200604   Data         188  ti_msp_dl_config.o(.bss.gTIMER_0Backup)
    jiance_mode                              0x202006c0   Data           1  timer.o(.bss.jiance_mode)
    jiance_time                              0x202006c1   Data           1  timer.o(.bss.jiance_time)
    key_old                                  0x202006c8   Data           1  key.o(.bss.key_old)
    key_value                                0x202006c9   Data           1  key.o(.bss.key_value)
    length                                   0x202006ca   Data           2  encoder.o(.bss.length)
    mode_flag                                0x202006cc   Data           1  main.o(.bss.mode_flag)
    sp1                                      0x202006ce   Data           2  encoder.o(.bss.sp1)
    sp2                                      0x202006d0   Data           2  encoder.o(.bss.sp2)
    stateChangeCount                         0x202006d4   Data           4  timer.o(.bss.stateChangeCount)
    t1                                       0x202006d8   Data           2  hc_sr04.o(.bss.t1)
    t2                                       0x202006da   Data           2  hc_sr04.o(.bss.t2)
    t3                                       0x202006dc   Data           2  hc_sr04.o(.bss.t3)
    xie_length1                              0x202006e0   Data           4  timer.o(.bss.xie_length1)
    xie_length2                              0x202006e4   Data           4  timer.o(.bss.xie_length2)
    xiexian_flag                             0x202006e8   Data           1  timer.o(.bss.xiexian_flag)
    zhixian_flag                             0x202006e9   Data           1  timer.o(.bss.zhixian_flag)



==============================================================================

Memory Map of the image

  Image Entry point : 0x000000c1

  Load Region LR_IROM1 (Base: 0x00000000, Size: 0x00006240, Max: 0x00020000, ABSOLUTE)

    Execution Region ER_IROM1 (Exec base: 0x00000000, Load base: 0x00000000, Size: 0x00006220, Max: 0x00020000, ABSOLUTE)

    Exec Addr    Load Addr    Size         Type   Attr      Idx    E Section Name        Object

    0x00000000   0x00000000   0x000000c0   Data   RO          234    RESET               startup_mspm0g350x_uvision.o
    0x000000c0   0x000000c0   0x00000008   Code   RO         1764  * !!!main             c_p.l(__main.o)
    0x000000c8   0x000000c8   0x0000003c   Code   RO         2194    !!!scatter          c_p.l(__scatter.o)
    0x00000104   0x00000104   0x00000004   PAD
    0x00000108   0x00000108   0x0000001a   Code   RO         2196    !!handler_copy      c_p.l(__scatter_copy.o)
    0x00000122   0x00000122   0x00000006   PAD
    0x00000128   0x00000128   0x0000001c   Code   RO         2198    !!handler_zi        c_p.l(__scatter_zi.o)
    0x00000144   0x00000144   0x00000002   Code   RO         2056    .ARM.Collect$$libinit$$00000000  c_p.l(libinit.o)
    0x00000146   0x00000146   0x00000000   Code   RO         2080    .ARM.Collect$$libinit$$00000002  c_p.l(libinit2.o)
    0x00000146   0x00000146   0x00000000   Code   RO         2082    .ARM.Collect$$libinit$$00000004  c_p.l(libinit2.o)
    0x00000146   0x00000146   0x00000000   Code   RO         2084    .ARM.Collect$$libinit$$00000006  c_p.l(libinit2.o)
    0x00000146   0x00000146   0x00000000   Code   RO         2087    .ARM.Collect$$libinit$$0000000C  c_p.l(libinit2.o)
    0x00000146   0x00000146   0x00000000   Code   RO         2089    .ARM.Collect$$libinit$$0000000E  c_p.l(libinit2.o)
    0x00000146   0x00000146   0x00000000   Code   RO         2091    .ARM.Collect$$libinit$$00000010  c_p.l(libinit2.o)
    0x00000146   0x00000146   0x00000000   Code   RO         2094    .ARM.Collect$$libinit$$00000013  c_p.l(libinit2.o)
    0x00000146   0x00000146   0x00000000   Code   RO         2096    .ARM.Collect$$libinit$$00000015  c_p.l(libinit2.o)
    0x00000146   0x00000146   0x00000000   Code   RO         2098    .ARM.Collect$$libinit$$00000017  c_p.l(libinit2.o)
    0x00000146   0x00000146   0x00000000   Code   RO         2100    .ARM.Collect$$libinit$$00000019  c_p.l(libinit2.o)
    0x00000146   0x00000146   0x00000000   Code   RO         2102    .ARM.Collect$$libinit$$0000001B  c_p.l(libinit2.o)
    0x00000146   0x00000146   0x00000000   Code   RO         2104    .ARM.Collect$$libinit$$0000001D  c_p.l(libinit2.o)
    0x00000146   0x00000146   0x00000000   Code   RO         2106    .ARM.Collect$$libinit$$0000001F  c_p.l(libinit2.o)
    0x00000146   0x00000146   0x00000000   Code   RO         2108    .ARM.Collect$$libinit$$00000021  c_p.l(libinit2.o)
    0x00000146   0x00000146   0x00000000   Code   RO         2110    .ARM.Collect$$libinit$$00000023  c_p.l(libinit2.o)
    0x00000146   0x00000146   0x00000000   Code   RO         2112    .ARM.Collect$$libinit$$00000025  c_p.l(libinit2.o)
    0x00000146   0x00000146   0x00000000   Code   RO         2114    .ARM.Collect$$libinit$$00000027  c_p.l(libinit2.o)
    0x00000146   0x00000146   0x00000000   Code   RO         2118    .ARM.Collect$$libinit$$0000002E  c_p.l(libinit2.o)
    0x00000146   0x00000146   0x00000000   Code   RO         2120    .ARM.Collect$$libinit$$00000030  c_p.l(libinit2.o)
    0x00000146   0x00000146   0x00000000   Code   RO         2122    .ARM.Collect$$libinit$$00000032  c_p.l(libinit2.o)
    0x00000146   0x00000146   0x00000000   Code   RO         2124    .ARM.Collect$$libinit$$00000034  c_p.l(libinit2.o)
    0x00000146   0x00000146   0x00000002   Code   RO         2125    .ARM.Collect$$libinit$$00000035  c_p.l(libinit2.o)
    0x00000148   0x00000148   0x00000002   Code   RO         2153    .ARM.Collect$$libshutdown$$00000000  c_p.l(libshutdown.o)
    0x0000014a   0x0000014a   0x00000000   Code   RO         2177    .ARM.Collect$$libshutdown$$00000002  c_p.l(libshutdown2.o)
    0x0000014a   0x0000014a   0x00000000   Code   RO         2179    .ARM.Collect$$libshutdown$$00000004  c_p.l(libshutdown2.o)
    0x0000014a   0x0000014a   0x00000000   Code   RO         2182    .ARM.Collect$$libshutdown$$00000007  c_p.l(libshutdown2.o)
    0x0000014a   0x0000014a   0x00000000   Code   RO         2185    .ARM.Collect$$libshutdown$$0000000A  c_p.l(libshutdown2.o)
    0x0000014a   0x0000014a   0x00000000   Code   RO         2187    .ARM.Collect$$libshutdown$$0000000C  c_p.l(libshutdown2.o)
    0x0000014a   0x0000014a   0x00000000   Code   RO         2190    .ARM.Collect$$libshutdown$$0000000F  c_p.l(libshutdown2.o)
    0x0000014a   0x0000014a   0x00000002   Code   RO         2191    .ARM.Collect$$libshutdown$$00000010  c_p.l(libshutdown2.o)
    0x0000014c   0x0000014c   0x00000000   Code   RO         1825    .ARM.Collect$$rtentry$$00000000  c_p.l(__rtentry.o)
    0x0000014c   0x0000014c   0x00000000   Code   RO         1965    .ARM.Collect$$rtentry$$00000002  c_p.l(__rtentry2.o)
    0x0000014c   0x0000014c   0x00000006   Code   RO         1977    .ARM.Collect$$rtentry$$00000004  c_p.l(__rtentry4.o)
    0x00000152   0x00000152   0x00000000   Code   RO         1967    .ARM.Collect$$rtentry$$00000009  c_p.l(__rtentry2.o)
    0x00000152   0x00000152   0x00000004   Code   RO         1968    .ARM.Collect$$rtentry$$0000000A  c_p.l(__rtentry2.o)
    0x00000156   0x00000156   0x00000000   Code   RO         1970    .ARM.Collect$$rtentry$$0000000C  c_p.l(__rtentry2.o)
    0x00000156   0x00000156   0x00000008   Code   RO         1971    .ARM.Collect$$rtentry$$0000000D  c_p.l(__rtentry2.o)
    0x0000015e   0x0000015e   0x00000002   Code   RO         2066    .ARM.Collect$$rtexit$$00000000  c_p.l(rtexit.o)
    0x00000160   0x00000160   0x00000000   Code   RO         2129    .ARM.Collect$$rtexit$$00000002  c_p.l(rtexit2.o)
    0x00000160   0x00000160   0x00000004   Code   RO         2130    .ARM.Collect$$rtexit$$00000003  c_p.l(rtexit2.o)
    0x00000164   0x00000164   0x00000006   Code   RO         2131    .ARM.Collect$$rtexit$$00000004  c_p.l(rtexit2.o)
    0x0000016a   0x0000016a   0x00000002   PAD
    0x0000016c   0x0000016c   0x0000002c   Code   RO          235    .text               startup_mspm0g350x_uvision.o
    0x00000198   0x00000198   0x00000002   Code   RO         1752    .text               c_p.l(use_no_semi_2.o)
    0x0000019a   0x0000019a   0x00000002   PAD
    0x0000019c   0x0000019c   0x0000016c   Code   RO         1758    .text               c_p.l(aeabi_sdiv.o)
    0x00000308   0x00000308   0x00000006   Code   RO         1762    .text               c_p.l(heapauxi.o)
    0x0000030e   0x0000030e   0x00000002   PAD
    0x00000310   0x00000310   0x0000007c   Code   RO         1766    .text               fz_ps.l(d2f.o)
    0x0000038c   0x0000038c   0x00000358   Code   RO         1768    .text               fz_ps.l(daddsub.o)
    0x000006e4   0x000006e4   0x00000448   Code   RO         1782    .text               fz_ps.l(ddiv.o)
    0x00000b2c   0x00000b2c   0x0000006c   Code   RO         1785    .text               fz_ps.l(dfixi.o)
    0x00000b98   0x00000b98   0x00000048   Code   RO         1787    .text               fz_ps.l(dfixui.o)
    0x00000be0   0x00000be0   0x00000058   Code   RO         1789    .text               fz_ps.l(dflti.o)
    0x00000c38   0x00000c38   0x00000248   Code   RO         1791    .text               fz_ps.l(dmul.o)
    0x00000e80   0x00000e80   0x00000054   Code   RO         1793    .text               fz_ps.l(f2d.o)
    0x00000ed4   0x00000ed4   0x0000004c   Code   RO         1813    .text               fz_ps.l(ffixi.o)
    0x00000f20   0x00000f20   0x0000005e   Code   RO         1815    .text               fz_ps.l(fflti.o)
    0x00000f7e   0x00000f7e   0x00000002   Code   RO         1823    .text               c_p.l(use_no_semi.o)
    0x00000f80   0x00000f80   0x000000a0   Code   RO         2008    .text               fz_ps.l(dcmpin.o)
    0x00001020   0x00001020   0x00000064   Code   RO         2012    .text               fz_ps.l(fcmpin.o)
    0x00001084   0x00001084   0x00000008   Code   RO         2018    .text               c_p.l(libspace.o)
    0x0000108c   0x0000108c   0x0000003e   Code   RO         2021    .text               c_p.l(sys_stackheap_outer.o)
    0x000010ca   0x000010ca   0x00000010   Code   RO         2045    .text               c_p.l(exit.o)
    0x000010da   0x000010da   0x0000002e   Code   RO         2057    .text               fz_ps.l(cmpret.o)
    0x00001108   0x00001108   0x00000014   Code   RO         2059    .text               fz_ps.l(dnan2.o)
    0x0000111c   0x0000111c   0x00000010   Code   RO         2061    .text               fz_ps.l(fnan2.o)
    0x0000112c   0x0000112c   0x0000005e   Code   RO         2126    .text               fz_ps.l(retnan.o)
    0x0000118a   0x0000118a   0x00000002   PAD
    0x0000118c   0x0000118c   0x00000124   Code   RO          378    .text.Angle_PID     angle_pid.o
    0x000012b0   0x000012b0   0x000000f0   Code   RO          544    .text.Black_Control  timer.o
    0x000013a0   0x000013a0   0x000000fc   Code   RO          548    .text.Black_Control_Left  timer.o
    0x0000149c   0x0000149c   0x00000018   Code   RO          185    .text.DL_ADC12_clearInterruptStatus  ti_msp_dl_config.o
    0x000014b4   0x000014b4   0x0000004a   Code   RO          179    .text.DL_ADC12_configConversionMem  ti_msp_dl_config.o
    0x000014fe   0x000014fe   0x00000016   Code   RO          189    .text.DL_ADC12_enableConversions  ti_msp_dl_config.o
    0x00001514   0x00001514   0x00000018   Code   RO          187    .text.DL_ADC12_enableInterrupt  ti_msp_dl_config.o
    0x0000152c   0x0000152c   0x00000014   Code   RO          109    .text.DL_ADC12_enablePower  ti_msp_dl_config.o
    0x00001540   0x00001540   0x00000044   Code   RO          177    .text.DL_ADC12_initSingleSample  ti_msp_dl_config.o
    0x00001584   0x00001584   0x00000010   Code   RO           93    .text.DL_ADC12_reset  ti_msp_dl_config.o
    0x00001594   0x00001594   0x0000004c   Code   RO          637    .text.DL_ADC12_setClockConfig  dl_adc12.o
    0x000015e0   0x000015e0   0x0000001e   Code   RO          181    .text.DL_ADC12_setPowerDownMode  ti_msp_dl_config.o
    0x000015fe   0x000015fe   0x00000002   PAD
    0x00001600   0x00001600   0x00000018   Code   RO          183    .text.DL_ADC12_setSampleTime0  ti_msp_dl_config.o
    0x00001618   0x00001618   0x00000014   Code   RO          197    .text.DL_COMP_enable  ti_msp_dl_config.o
    0x0000162c   0x0000162c   0x00000014   Code   RO          111    .text.DL_COMP_enablePower  ti_msp_dl_config.o
    0x00001640   0x00001640   0x00000048   Code   RO          191    .text.DL_COMP_init  ti_msp_dl_config.o
    0x00001688   0x00001688   0x00000034   Code   RO          193    .text.DL_COMP_refVoltageInit  ti_msp_dl_config.o
    0x000016bc   0x000016bc   0x00000018   Code   RO           95    .text.DL_COMP_reset  ti_msp_dl_config.o
    0x000016d4   0x000016d4   0x00000020   Code   RO          195    .text.DL_COMP_setDACCode0  ti_msp_dl_config.o
    0x000016f4   0x000016f4   0x00000014   Code   RO          690    .text.DL_Common_delayCycles  dl_common.o
    0x00001708   0x00001708   0x00000028   Code   RO          205    .text.DL_Common_updateReg  ti_msp_dl_config.o
    0x00001730   0x00001730   0x00000028   Code   RO          639    .text.DL_Common_updateReg  dl_adc12.o
    0x00001758   0x00001758   0x00000028   Code   RO          991    .text.DL_Common_updateReg  dl_i2c.o
    0x00001780   0x00001780   0x00000028   Code   RO         1579    .text.DL_Common_updateReg  dl_timer.o
    0x000017a8   0x000017a8   0x00000028   Code   RO         1685    .text.DL_Common_updateReg  dl_uart.o
    0x000017d0   0x000017d0   0x00000018   Code   RO          139    .text.DL_GPIO_clearInterruptStatus  ti_msp_dl_config.o
    0x000017e8   0x000017e8   0x0000001c   Code   RO          476    .text.DL_GPIO_clearInterruptStatus  encoder.o
    0x00001804   0x00001804   0x00000014   Code   RO           12    .text.DL_GPIO_clearPins  main.o
    0x00001818   0x00001818   0x00000014   Code   RO          131    .text.DL_GPIO_clearPins  ti_msp_dl_config.o
    0x0000182c   0x0000182c   0x00000014   Code   RO          284    .text.DL_GPIO_clearPins  oled.o
    0x00001840   0x00001840   0x00000014   Code   RO          369    .text.DL_GPIO_clearPins  motor.o
    0x00001854   0x00001854   0x00000014   Code   RO          442    .text.DL_GPIO_clearPins  hc_sr04.o
    0x00001868   0x00001868   0x00000014   Code   RO          501    .text.DL_GPIO_clearPins  mpu.o
    0x0000187c   0x0000187c   0x00000018   Code   RO          123    .text.DL_GPIO_enableHiZ  ti_msp_dl_config.o
    0x00001894   0x00001894   0x0000001c   Code   RO          141    .text.DL_GPIO_enableInterrupt  ti_msp_dl_config.o
    0x000018b0   0x000018b0   0x00000014   Code   RO          119    .text.DL_GPIO_enableOutput  ti_msp_dl_config.o
    0x000018c4   0x000018c4   0x00000018   Code   RO          499    .text.DL_GPIO_enableOutput  mpu.o
    0x000018dc   0x000018dc   0x00000018   Code   RO          101    .text.DL_GPIO_enablePower  ti_msp_dl_config.o
    0x000018f4   0x000018f4   0x00000018   Code   RO          472    .text.DL_GPIO_getEnabledInterruptStatus  encoder.o
    0x0000190c   0x0000190c   0x00000014   Code   RO          129    .text.DL_GPIO_initDigitalInput  ti_msp_dl_config.o
    0x00001920   0x00001920   0x00000014   Code   RO          511    .text.DL_GPIO_initDigitalInput  mpu.o
    0x00001934   0x00001934   0x00000030   Code   RO          257    .text.DL_GPIO_initDigitalInputFeatures  key.o
    0x00001964   0x00001964   0x00000014   Code   RO          127    .text.DL_GPIO_initDigitalOutput  ti_msp_dl_config.o
    0x00001978   0x00001978   0x00000014   Code   RO          497    .text.DL_GPIO_initDigitalOutput  mpu.o
    0x0000198c   0x0000198c   0x00000018   Code   RO          125    .text.DL_GPIO_initPeripheralInputFunction  ti_msp_dl_config.o
    0x000019a4   0x000019a4   0x00000038   Code   RO          121    .text.DL_GPIO_initPeripheralInputFunctionFeatures  ti_msp_dl_config.o
    0x000019dc   0x000019dc   0x0000001c   Code   RO          117    .text.DL_GPIO_initPeripheralOutputFunction  ti_msp_dl_config.o
    0x000019f8   0x000019f8   0x00000016   Code   RO            4    .text.DL_GPIO_readPins  main.o
    0x00001a0e   0x00001a0e   0x00000016   Code   RO          261    .text.DL_GPIO_readPins  key.o
    0x00001a24   0x00001a24   0x00000016   Code   RO          444    .text.DL_GPIO_readPins  hc_sr04.o
    0x00001a3a   0x00001a3a   0x00000016   Code   RO          474    .text.DL_GPIO_readPins  encoder.o
    0x00001a50   0x00001a50   0x00000016   Code   RO          513    .text.DL_GPIO_readPins  mpu.o
    0x00001a66   0x00001a66   0x00000016   Code   RO          546    .text.DL_GPIO_readPins  timer.o
    0x00001a7c   0x00001a7c   0x00000014   Code   RO           85    .text.DL_GPIO_reset  ti_msp_dl_config.o
    0x00001a90   0x00001a90   0x0000001c   Code   RO          135    .text.DL_GPIO_setLowerPinsPolarity  ti_msp_dl_config.o
    0x00001aac   0x00001aac   0x00000014   Code   RO           10    .text.DL_GPIO_setPins  main.o
    0x00001ac0   0x00001ac0   0x00000014   Code   RO          133    .text.DL_GPIO_setPins  ti_msp_dl_config.o
    0x00001ad4   0x00001ad4   0x00000014   Code   RO          280    .text.DL_GPIO_setPins  oled.o
    0x00001ae8   0x00001ae8   0x00000014   Code   RO          367    .text.DL_GPIO_setPins  motor.o
    0x00001afc   0x00001afc   0x00000014   Code   RO          440    .text.DL_GPIO_setPins  hc_sr04.o
    0x00001b10   0x00001b10   0x00000018   Code   RO          503    .text.DL_GPIO_setPins  mpu.o
    0x00001b28   0x00001b28   0x00000018   Code   RO          137    .text.DL_GPIO_setUpperPinsPolarity  ti_msp_dl_config.o
    0x00001b40   0x00001b40   0x00000018   Code   RO          155    .text.DL_I2C_enableAnalogGlitchFilter  ti_msp_dl_config.o
    0x00001b58   0x00001b58   0x00000014   Code   RO          167    .text.DL_I2C_enableController  ti_msp_dl_config.o
    0x00001b6c   0x00001b6c   0x00000018   Code   RO          165    .text.DL_I2C_enableControllerClockStretching  ti_msp_dl_config.o
    0x00001b84   0x00001b84   0x00000018   Code   RO          105    .text.DL_I2C_enablePower  ti_msp_dl_config.o
    0x00001b9c   0x00001b9c   0x00000010   Code   RO           89    .text.DL_I2C_reset  ti_msp_dl_config.o
    0x00001bac   0x00001bac   0x00000014   Code   RO          157    .text.DL_I2C_resetControllerTransfer  ti_msp_dl_config.o
    0x00001bc0   0x00001bc0   0x00000026   Code   RO          153    .text.DL_I2C_setAnalogGlitchFilterPulseWidth  ti_msp_dl_config.o
    0x00001be6   0x00001be6   0x00000002   PAD
    0x00001be8   0x00001be8   0x00000034   Code   RO          989    .text.DL_I2C_setClockConfig  dl_i2c.o
    0x00001c1c   0x00001c1c   0x00000024   Code   RO          163    .text.DL_I2C_setControllerRXFIFOThreshold  ti_msp_dl_config.o
    0x00001c40   0x00001c40   0x00000028   Code   RO          161    .text.DL_I2C_setControllerTXFIFOThreshold  ti_msp_dl_config.o
    0x00001c68   0x00001c68   0x00000018   Code   RO          159    .text.DL_I2C_setTimerPeriod  ti_msp_dl_config.o
    0x00001c80   0x00001c80   0x0000001c   Code   RO          470    .text.DL_Interrupt_getPendingGroup  encoder.o
    0x00001c9c   0x00001c9c   0x00000016   Code   RO          203    .text.DL_OPA_enable  ti_msp_dl_config.o
    0x00001cb2   0x00001cb2   0x00000002   PAD
    0x00001cb4   0x00001cb4   0x00000014   Code   RO          115    .text.DL_OPA_enablePower  ti_msp_dl_config.o
    0x00001cc8   0x00001cc8   0x00000034   Code   RO          199    .text.DL_OPA_init   ti_msp_dl_config.o
    0x00001cfc   0x00001cfc   0x00000018   Code   RO           99    .text.DL_OPA_reset  ti_msp_dl_config.o
    0x00001d14   0x00001d14   0x0000001c   Code   RO          201    .text.DL_OPA_setGainBandwidth  ti_msp_dl_config.o
    0x00001d30   0x00001d30   0x00000018   Code   RO          143    .text.DL_SYSCTL_setBORThreshold  ti_msp_dl_config.o
    0x00001d48   0x00001d48   0x0000001c   Code   RO          145    .text.DL_SYSCTL_setSYSOSCFreq  ti_msp_dl_config.o
    0x00001d64   0x00001d64   0x000000ea   Code   RO         1647    .text.DL_TimerA_initPWMMode  dl_timer.o
    0x00001e4e   0x00001e4e   0x00000002   PAD
    0x00001e50   0x00001e50   0x00000014   Code   RO          147    .text.DL_Timer_enableClock  ti_msp_dl_config.o
    0x00001e64   0x00001e64   0x0000001c   Code   RO          151    .text.DL_Timer_enableInterrupt  ti_msp_dl_config.o
    0x00001e80   0x00001e80   0x00000018   Code   RO          103    .text.DL_Timer_enablePower  ti_msp_dl_config.o
    0x00001e98   0x00001e98   0x00000012   Code   RO          542    .text.DL_Timer_getPendingInterrupt  timer.o
    0x00001eaa   0x00001eaa   0x00000012   Code   RO          446    .text.DL_Timer_getTimerCount  hc_sr04.o
    0x00001ebc   0x00001ebc   0x0000010c   Code   RO         1591    .text.DL_Timer_initPWMMode  dl_timer.o
    0x00001fc8   0x00001fc8   0x000000fc   Code   RO         1561    .text.DL_Timer_initTimerMode  dl_timer.o
    0x000020c4   0x000020c4   0x00000018   Code   RO           87    .text.DL_Timer_reset  ti_msp_dl_config.o
    0x000020dc   0x000020dc   0x00000014   Code   RO          149    .text.DL_Timer_setCCPDirection  ti_msp_dl_config.o
    0x000020f0   0x000020f0   0x00000030   Code   RO         1621    .text.DL_Timer_setCaptCompUpdateMethod  dl_timer.o
    0x00002120   0x00002120   0x00000034   Code   RO         1593    .text.DL_Timer_setCaptureCompareAction  dl_timer.o
    0x00002154   0x00002154   0x0000003c   Code   RO         1569    .text.DL_Timer_setCaptureCompareCtl  dl_timer.o
    0x00002190   0x00002190   0x00000034   Code   RO         1575    .text.DL_Timer_setCaptureCompareInput  dl_timer.o
    0x000021c4   0x000021c4   0x00000040   Code   RO         1595    .text.DL_Timer_setCaptureCompareOutCtl  dl_timer.o
    0x00002204   0x00002204   0x0000002c   Code   RO         1567    .text.DL_Timer_setCaptureCompareValue  dl_timer.o
    0x00002230   0x00002230   0x00000030   Code   RO         1557    .text.DL_Timer_setClockConfig  dl_timer.o
    0x00002260   0x00002260   0x0000001c   Code   RO         1565    .text.DL_Timer_setCounterValueAfterEnable  dl_timer.o
    0x0000227c   0x0000227c   0x00000018   Code   RO         1563    .text.DL_Timer_setLoadValue  dl_timer.o
    0x00002294   0x00002294   0x00000014   Code   RO          363    .text.DL_Timer_startCounter  motor.o
    0x000022a8   0x000022a8   0x00000018   Code   RO          538    .text.DL_Timer_startCounter  timer.o
    0x000022c0   0x000022c0   0x00000016   Code   RO         1683    .text.DL_UART_disable  dl_uart.o
    0x000022d6   0x000022d6   0x00000016   Code   RO          175    .text.DL_UART_enable  ti_msp_dl_config.o
    0x000022ec   0x000022ec   0x0000001c   Code   RO          173    .text.DL_UART_enableInterrupt  ti_msp_dl_config.o
    0x00002308   0x00002308   0x00000014   Code   RO          107    .text.DL_UART_enablePower  ti_msp_dl_config.o
    0x0000231c   0x0000231c   0x00000048   Code   RO         1681    .text.DL_UART_init  dl_uart.o
    0x00002364   0x00002364   0x00000014   Code   RO           91    .text.DL_UART_reset  ti_msp_dl_config.o
    0x00002378   0x00002378   0x0000004c   Code   RO          171    .text.DL_UART_setBaudRateDivisor  ti_msp_dl_config.o
    0x000023c4   0x000023c4   0x00000024   Code   RO         1687    .text.DL_UART_setClockConfig  dl_uart.o
    0x000023e8   0x000023e8   0x0000001e   Code   RO          169    .text.DL_UART_setOversampling  ti_msp_dl_config.o
    0x00002406   0x00002406   0x00000002   PAD
    0x00002408   0x00002408   0x00000034   Code   RO         1738    .text.DL_VREF_configReference  dl_vref.o
    0x0000243c   0x0000243c   0x00000018   Code   RO          113    .text.DL_VREF_enablePower  ti_msp_dl_config.o
    0x00002454   0x00002454   0x00000018   Code   RO           97    .text.DL_VREF_reset  ti_msp_dl_config.o
    0x0000246c   0x0000246c   0x00000014   Code   RO          466    .text.Encoder1_Get  encoder.o
    0x00002480   0x00002480   0x00000014   Code   RO          464    .text.Encoder_Get   encoder.o
    0x00002494   0x00002494   0x0000000a   Code   RO          460    .text.Encoder_Init  encoder.o
    0x0000249e   0x0000249e   0x00000002   PAD
    0x000024a0   0x000024a0   0x000002cc   Code   RO          468    .text.GROUP1_IRQHandler  encoder.o
    0x0000276c   0x0000276c   0x0000016c   Code   RO          438    .text.HC_Length     hc_sr04.o
    0x000028d8   0x000028d8   0x000000b0   Code   RO          509    .text.I2C_WaitAck   mpu.o
    0x00002988   0x00002988   0x0000007c   Code   RO          507    .text.IIC_Send_Ack  mpu.o
    0x00002a04   0x00002a04   0x0000005c   Code   RO          495    .text.IIC_Start     mpu.o
    0x00002a60   0x00002a60   0x00000050   Code   RO          505    .text.IIC_Stop      mpu.o
    0x00002ab0   0x00002ab0   0x0000004c   Code   RO          255    .text.KEY_Init      key.o
    0x00002afc   0x00002afc   0x00000010   Code   RO          361    .text.Motor_Init    motor.o
    0x00002b0c   0x00002b0c   0x000000dc   Code   RO          310    .text.OLED_ClearArea  oled.o
    0x00002be8   0x00002be8   0x00000020   Code   RO          278    .text.OLED_GPIO_Init  oled.o
    0x00002c08   0x00002c08   0x00000080   Code   RO          288    .text.OLED_I2C_SendByte  oled.o
    0x00002c88   0x00002c88   0x0000003c   Code   RO          282    .text.OLED_I2C_Start  oled.o
    0x00002cc4   0x00002cc4   0x00000034   Code   RO          286    .text.OLED_I2C_Stop  oled.o
    0x00002cf8   0x00002cf8   0x00000092   Code   RO          294    .text.OLED_Init     oled.o
    0x00002d8a   0x00002d8a   0x00000028   Code   RO          298    .text.OLED_Pow      oled.o
    0x00002db2   0x00002db2   0x00000036   Code   RO          296    .text.OLED_SetCursor  oled.o
    0x00002de8   0x00002de8   0x0000007c   Code   RO          316    .text.OLED_ShowChar  oled.o
    0x00002e64   0x00002e64   0x0000013c   Code   RO          330    .text.OLED_ShowFloatNum  oled.o
    0x00002fa0   0x00002fa0   0x00000140   Code   RO          318    .text.OLED_ShowImage  oled.o
    0x000030e0   0x000030e0   0x0000008a   Code   RO          322    .text.OLED_ShowNum  oled.o
    0x0000316a   0x0000316a   0x000000c6   Code   RO          324    .text.OLED_ShowSignedNum  oled.o
    0x00003230   0x00003230   0x00000056   Code   RO          320    .text.OLED_ShowString  oled.o
    0x00003286   0x00003286   0x00000002   PAD
    0x00003288   0x00003288   0x00000048   Code   RO          304    .text.OLED_Update   oled.o
    0x000032d0   0x000032d0   0x0000002a   Code   RO          290    .text.OLED_WriteCommand  oled.o
    0x000032fa   0x000032fa   0x00000050   Code   RO          292    .text.OLED_WriteData  oled.o
    0x0000334a   0x0000334a   0x00000002   PAD
    0x0000334c   0x0000334c   0x00000184   Code   RO            2    .text.Oled_Show     main.o
    0x000034d0   0x000034d0   0x000000dc   Code   RO          365    .text.PWM_SET       motor.o
    0x000035ac   0x000035ac   0x00000098   Code   RO          517    .text.Read_Byte     mpu.o
    0x00003644   0x00003644   0x00000074   Code   RO           73    .text.SYSCFG_DL_ADC12_0_init  ti_msp_dl_config.o
    0x000036b8   0x000036b8   0x00000034   Code   RO           75    .text.SYSCFG_DL_COMP_0_init  ti_msp_dl_config.o
    0x000036ec   0x000036ec   0x00000228   Code   RO           57    .text.SYSCFG_DL_GPIO_init  ti_msp_dl_config.o
    0x00003914   0x00003914   0x00000054   Code   RO           67    .text.SYSCFG_DL_I2C_1_init  ti_msp_dl_config.o
    0x00003968   0x00003968   0x000000cc   Code   RO           63    .text.SYSCFG_DL_Motor_init  ti_msp_dl_config.o
    0x00003a34   0x00003a34   0x00000024   Code   RO           79    .text.SYSCFG_DL_OPA_0_init  ti_msp_dl_config.o
    0x00003a58   0x00003a58   0x00000016   Code   RO           59    .text.SYSCFG_DL_SYSCTL_init  ti_msp_dl_config.o
    0x00003a6e   0x00003a6e   0x00000002   PAD
    0x00003a70   0x00003a70   0x00000058   Code   RO           61    .text.SYSCFG_DL_Sever_init  ti_msp_dl_config.o
    0x00003ac8   0x00003ac8   0x00000030   Code   RO           65    .text.SYSCFG_DL_TIMER_0_init  ti_msp_dl_config.o
    0x00003af8   0x00003af8   0x00000044   Code   RO           69    .text.SYSCFG_DL_UART_0_init  ti_msp_dl_config.o
    0x00003b3c   0x00003b3c   0x00000044   Code   RO           71    .text.SYSCFG_DL_UART_1_init  ti_msp_dl_config.o
    0x00003b80   0x00003b80   0x00000018   Code   RO           77    .text.SYSCFG_DL_VREF_init  ti_msp_dl_config.o
    0x00003b98   0x00003b98   0x00000058   Code   RO           53    .text.SYSCFG_DL_init  ti_msp_dl_config.o
    0x00003bf0   0x00003bf0   0x000000dc   Code   RO           55    .text.SYSCFG_DL_initPower  ti_msp_dl_config.o
    0x00003ccc   0x00003ccc   0x00000094   Code   RO          515    .text.Send_Byte     mpu.o
    0x00003d60   0x00003d60   0x00000044   Code   RO          540    .text.TIMA1_IRQHandler  timer.o
    0x00003da4   0x00003da4   0x00000014   Code   RO          534    .text.Timer_Init    timer.o
    0x00003db8   0x00003db8   0x00000028   Code   RO          462    .text.__NVIC_EnableIRQ  encoder.o
    0x00003de0   0x00003de0   0x0000002c   Code   RO          536    .text.__NVIC_EnableIRQ  timer.o
    0x00003e0c   0x00003e0c   0x00000008   Code   RO          595    .text._sys_exit     uart.o
    0x00003e14   0x00003e14   0x000000c4   Code   RO          554    .text.angle_turn    timer.o
    0x00003ed8   0x00003ed8   0x00000064   Code   RO          558    .text.avoid_thing   timer.o
    0x00003f3c   0x00003f3c   0x0000001a   Code   RO          626    .text.delay_ms      delay.o
    0x00003f56   0x00003f56   0x00000016   Code   RO          628    .text.delay_us      delay.o
    0x00003f6c   0x00003f6c   0x00000ca4   Code   RO          552    .text.function      timer.o
    0x00004c10   0x00004c10   0x00000078   Code   RO          521    .text.get_angle     mpu.o
    0x00004c88   0x00004c88   0x000003b8   Code   RO          550    .text.judge_way     timer.o
    0x00005040   0x00005040   0x000000a4   Code   RO          491    .text.jy61pInit     mpu.o
    0x000050e4   0x000050e4   0x0000005c   Code   RO          259    .text.key_read      key.o
    0x00005140   0x00005140   0x0000007c   Code   RO          263    .text.key_scan      key.o
    0x000051bc   0x000051bc   0x00000090   Code   RO            8    .text.main          main.o
    0x0000524c   0x0000524c   0x000000d4   Code   RO          519    .text.readDataJy61p  mpu.o
    0x00005320   0x00005320   0x00000098   Code   RO          493    .text.writeDataJy61p  mpu.o
    0x000053b8   0x000053b8   0x000000f8   Code   RO          556    .text.zhixing       timer.o
    0x000054b0   0x000054b0   0x00000016   Code   RO         1771    i._dgeq             fz_ps.l(dcmp.o)
    0x000054c6   0x000054c6   0x00000016   Code   RO         1772    i._dgr              fz_ps.l(dcmp.o)
    0x000054dc   0x000054dc   0x0000001a   Code   RO         1773    i._dleq             fz_ps.l(dcmp.o)
    0x000054f6   0x000054f6   0x00000016   Code   RO         1774    i._dls              fz_ps.l(dcmp.o)
    0x0000550c   0x0000550c   0x00000016   Code   RO         1802    i._fgeq             fz_ps.l(fcmp.o)
    0x00005522   0x00005522   0x0000001a   Code   RO         1804    i._fleq             fz_ps.l(fcmp.o)
    0x0000553c   0x0000553c   0x00000064   Code   RO         1925    x$fpl$dgeqf         fz_ps.l(dgef.o)
    0x000055a0   0x000055a0   0x00000064   Code   RO         1927    x$fpl$dleqf         fz_ps.l(dlef.o)
    0x00005604   0x00005604   0x0000008c   Code   RO         1795    x$fpl$fadd          fz_ps.l(faddsub.o)
    0x00005690   0x00005690   0x00000054   Code   RO         1931    x$fpl$fgeqf         fz_ps.l(fgef.o)
    0x000056e4   0x000056e4   0x00000054   Code   RO         1933    x$fpl$fleqf         fz_ps.l(flef.o)
    0x00005738   0x00005738   0x000000b0   Code   RO         1817    x$fpl$fmul          fz_ps.l(fmul.o)
    0x000057e8   0x000057e8   0x000000d0   Code   RO         1797    x$fpl$fsub          fz_ps.l(faddsub.o)
    0x000058b8   0x000058b8   0x00000000   Code   RO         1943    x$fpl$usenofp       fz_ps.l(usenofp.o)
    0x000058b8   0x000058b8   0x00000080   Data   RO         1783    .constdata          fz_ps.l(ddiv.o)
    0x00005938   0x00005938   0x0000023a   Data   RO          430    .rodata.OLED_F6x8   oled_data.o
    0x00005b72   0x00005b72   0x000005f0   Data   RO          429    .rodata.OLED_F8x16  oled_data.o
    0x00006162   0x00006162   0x00000002   PAD
    0x00006164   0x00006164   0x00000008   Data   RO          221    .rodata.gADC12_0ClockConfig  ti_msp_dl_config.o
    0x0000616c   0x0000616c   0x00000014   Data   RO          222    .rodata.gCOMP_0Config  ti_msp_dl_config.o
    0x00006180   0x00006180   0x0000000c   Data   RO          223    .rodata.gCOMP_0VRefConfig  ti_msp_dl_config.o
    0x0000618c   0x0000618c   0x00000002   Data   RO          216    .rodata.gI2C_1ClockConfig  ti_msp_dl_config.o
    0x0000618e   0x0000618e   0x00000003   Data   RO          212    .rodata.gMotorClockConfig  ti_msp_dl_config.o
    0x00006191   0x00006191   0x00000003   PAD
    0x00006194   0x00006194   0x00000008   Data   RO          213    .rodata.gMotorConfig  ti_msp_dl_config.o
    0x0000619c   0x0000619c   0x0000000a   Data   RO          225    .rodata.gOPA_0Config0  ti_msp_dl_config.o
    0x000061a6   0x000061a6   0x00000003   Data   RO          210    .rodata.gSeverClockConfig  ti_msp_dl_config.o
    0x000061a9   0x000061a9   0x00000003   PAD
    0x000061ac   0x000061ac   0x00000008   Data   RO          211    .rodata.gSeverConfig  ti_msp_dl_config.o
    0x000061b4   0x000061b4   0x00000003   Data   RO          214    .rodata.gTIMER_0ClockConfig  ti_msp_dl_config.o
    0x000061b7   0x000061b7   0x00000001   PAD
    0x000061b8   0x000061b8   0x00000014   Data   RO          215    .rodata.gTIMER_0TimerConfig  ti_msp_dl_config.o
    0x000061cc   0x000061cc   0x00000002   Data   RO          217    .rodata.gUART_0ClockConfig  ti_msp_dl_config.o
    0x000061ce   0x000061ce   0x0000000a   Data   RO          218    .rodata.gUART_0Config  ti_msp_dl_config.o
    0x000061d8   0x000061d8   0x00000002   Data   RO          219    .rodata.gUART_1ClockConfig  ti_msp_dl_config.o
    0x000061da   0x000061da   0x0000000a   Data   RO          220    .rodata.gUART_1Config  ti_msp_dl_config.o
    0x000061e4   0x000061e4   0x0000000c   Data   RO          224    .rodata.gVREFConfig  ti_msp_dl_config.o
    0x000061f0   0x000061f0   0x00000006   Data   RO           24    .rodata.str1.1      main.o
    0x000061f6   0x000061f6   0x00000004   Data   RO          524    .rodata.str1.1      mpu.o
    0x000061fa   0x000061fa   0x00000006   PAD
    0x00006200   0x00006200   0x00000020   Data   RO         2193    Region$$Table       anon$$obj.o


    Execution Region RW_IRAM2 (Exec base: 0x20200000, Load base: 0x00006220, Size: 0x00000bf0, Max: 0x00008000, ABSOLUTE)

    Exec Addr    Load Addr    Size         Type   Attr      Idx    E Section Name        Object

    0x20200000   0x00006220   0x00000004   Data   RW           45    .ARM.use_no_argv    main.o
    0x20200004   0x00006224   0x00000004   Data   RW          384    .data.Angle_Kp      angle_pid.o
    0x20200008   0x00006228   0x00000018   Data   RW          575    .data.angle_diff    timer.o
    0x20200020        -       0x00000060   Zero   RW         2019    .bss                c_p.l(libspace.o)
    0x20200080        -       0x00000004   Zero   RW          387    .bss.Angle_Error    angle_pid.o
    0x20200084        -       0x00000004   Zero   RW          389    .bss.Angle_Integral  angle_pid.o
    0x20200088        -       0x00000004   Zero   RW          386    .bss.Angle_Kd       angle_pid.o
    0x2020008c        -       0x00000004   Zero   RW          385    .bss.Angle_Ki       angle_pid.o
    0x20200090        -       0x00000004   Zero   RW          388    .bss.Angle_PreviousError  angle_pid.o
    0x20200094        -       0x00000002   Zero   RW          479    .bss.Encoder1_Count  encoder.o
    0x20200096        -       0x00000002   Zero   RW          478    .bss.Encoder_Count  encoder.o
    0x20200098        -       0x00000002   Zero   RW          480    .bss.GROUP1_IRQHandler.count  encoder.o
    0x2020009a   0x00006240   0x00000002   PAD
    0x2020009c        -       0x0000000c   Zero   RW          526    .bss.Gyro_Structure  mpu.o
    0x202000a8        -       0x00000004   Zero   RW           26    .bss.Last_YAW_out   main.o
    0x202000ac        -       0x00000004   Zero   RW          567    .bss.Length         timer.o
    0x202000b0        -       0x00000008   Zero   RW          451    .bss.Length_1       hc_sr04.o
    0x202000b8        -       0x00000008   Zero   RW          452    .bss.Length_2       hc_sr04.o
    0x202000c0        -       0x00000400   Zero   RW          352    .bss.OLED_DisplayBuf  oled.o
    0x202004c0        -       0x00000004   Zero   RW           25    .bss.YAW_out        main.o
    0x202004c4        -       0x00000002   Zero   RW           27    .bss.beep_cnt       main.o
    0x202004c6        -       0x00000001   Zero   RW          569    .bss.circle_count   timer.o
    0x202004c7   0x00006240   0x00000001   PAD
    0x202004c8        -       0x00000004   Zero   RW          560    .bss.currentState   timer.o
    0x202004cc        -       0x00000001   Zero   RW          573    .bss.distance       timer.o
    0x202004cd        -       0x00000001   Zero   RW           18    .bss.enter_flag     main.o
    0x202004ce   0x00006240   0x00000002   PAD
    0x202004d0        -       0x000000bc   Zero   RW          208    .bss.gMotorBackup   ti_msp_dl_config.o
    0x2020058c        -       0x00000078   Zero   RW          207    .bss.gSeverBackup   ti_msp_dl_config.o
    0x20200604        -       0x000000bc   Zero   RW          209    .bss.gTIMER_0Backup  ti_msp_dl_config.o
    0x202006c0        -       0x00000001   Zero   RW          577    .bss.jiance_mode    timer.o
    0x202006c1        -       0x00000001   Zero   RW          571    .bss.jiance_time    timer.o
    0x202006c2   0x00006240   0x00000002   PAD
    0x202006c4        -       0x00000004   Zero   RW          576    .bss.judge_way.cnt  timer.o
    0x202006c8        -       0x00000001   Zero   RW          270    .bss.key_old        key.o
    0x202006c9        -       0x00000001   Zero   RW          269    .bss.key_value      key.o
    0x202006ca        -       0x00000002   Zero   RW          483    .bss.length         encoder.o
    0x202006cc        -       0x00000001   Zero   RW           22    .bss.mode_flag      main.o
    0x202006cd   0x00006240   0x00000001   PAD
    0x202006ce        -       0x00000002   Zero   RW          481    .bss.sp1            encoder.o
    0x202006d0        -       0x00000002   Zero   RW          482    .bss.sp2            encoder.o
    0x202006d2   0x00006240   0x00000002   PAD
    0x202006d4        -       0x00000004   Zero   RW          562    .bss.stateChangeCount  timer.o
    0x202006d8        -       0x00000002   Zero   RW          449    .bss.t1             hc_sr04.o
    0x202006da        -       0x00000002   Zero   RW          450    .bss.t2             hc_sr04.o
    0x202006dc        -       0x00000002   Zero   RW          448    .bss.t3             hc_sr04.o
    0x202006de   0x00006240   0x00000002   PAD
    0x202006e0        -       0x00000004   Zero   RW          579    .bss.xie_length1    timer.o
    0x202006e4        -       0x00000004   Zero   RW          578    .bss.xie_length2    timer.o
    0x202006e8        -       0x00000001   Zero   RW          568    .bss.xiexian_flag   timer.o
    0x202006e9        -       0x00000001   Zero   RW          572    .bss.zhixian_flag   timer.o
    0x202006ea   0x00006240   0x00000006   PAD
    0x202006f0        -       0x00000000   Zero   RW          233    HEAP                startup_mspm0g350x_uvision.o
    0x202006f0        -       0x00000500   Zero   RW          232    STACK               startup_mspm0g350x_uvision.o



  Load Region LR_BCR (Base: 0x41c00000, Size: 0x00000000, Max: 0x00000100, ABSOLUTE)

    Execution Region BCR_CONFIG (Exec base: 0x41c00000, Load base: 0x41c00000, Size: 0x00000000, Max: 0x00000080, ABSOLUTE)

    **** No section assigned to this execution region ****



  Load Region LR_BSL (Base: 0x41c00100, Size: 0x00000000, Max: 0x00000100, ABSOLUTE)

    Execution Region BSL_CONFIG (Exec base: 0x41c00100, Load base: 0x41c00100, Size: 0x00000000, Max: 0x00000080, ABSOLUTE)

    **** No section assigned to this execution region ****


==============================================================================

Image component sizes


      Code (inc. data)   RO Data    RW Data    ZI Data      Debug   Object Name

       292         40          0          4         20       1595   angle_pid.o
        48          0          0          0          0        554   delay.o
       116         12          0          0          0       4059   dl_adc12.o
        20          0          0          0          0        594   dl_common.o
        92          4          0          0          0       7954   dl_i2c.o
      1214        180          0          0          0      23355   dl_timer.o
       170          8          0          0          0      10621   dl_uart.o
        52          4          0          0          0       2463   dl_vref.o
       908         40          0          0         12       7428   encoder.o
       444         40          0          0         22       6098   hc_sr04.o
       362         20          0          0          2       6364   key.o
       594         56          6          4         12       5042   main.o
       296         24          0          0          0       6074   motor.o
      1550         56          4          0         12       8033   mpu.o
      2148         32          0          0       1024      17456   oled.o
         0          0       2090          0          0        770   oled_data.o
        44         18        192          0       1280        656   startup_mspm0g350x_uvision.o
      3436        316        133          0        496      44698   ti_msp_dl_config.o
      5420        456          0         24         30      12857   timer.o
         8          0          0          0          0       5501   uart.o

    ----------------------------------------------------------------------
     17232       1306       2472         32       2928     172172   Object Totals
         0          0         32          0          0          0   (incl. Generated)
        18          0         15          0         18          0   (incl. Padding)

    ----------------------------------------------------------------------

      Code (inc. data)   RO Data    RW Data    ZI Data      Debug   Library Member Name

         8          0          0          0          0         68   __main.o
         0          0          0          0          0          0   __rtentry.o
        12          0          0          0          0          0   __rtentry2.o
         6          0          0          0          0          0   __rtentry4.o
        60          8          0          0          0          0   __scatter.o
        26          0          0          0          0          0   __scatter_copy.o
        28          0          0          0          0          0   __scatter_zi.o
       364          4          0          0          0         92   aeabi_sdiv.o
        16          0          0          0          0         68   exit.o
         6          0          0          0          0        136   heapauxi.o
         2          0          0          0          0          0   libinit.o
         2          0          0          0          0          0   libinit2.o
         2          0          0          0          0          0   libshutdown.o
         2          0          0          0          0          0   libshutdown2.o
         8          4          0          0         96         68   libspace.o
         2          0          0          0          0          0   rtexit.o
        10          0          0          0          0          0   rtexit2.o
        62          0          0          0          0         80   sys_stackheap_outer.o
         2          0          0          0          0         68   use_no_semi.o
         2          0          0          0          0         68   use_no_semi_2.o
        46          0          0          0          0         60   cmpret.o
       124          4          0          0          0         72   d2f.o
       856         20          0          0          0        208   daddsub.o
        92          0          0          0          0        272   dcmp.o
       160          6          0          0          0         76   dcmpin.o
      1096         26        128          0          0        112   ddiv.o
       108         10          0          0          0         72   dfixi.o
        72          4          0          0          0         68   dfixui.o
        88          0          0          0          0         92   dflti.o
       100          4          0          0          0         92   dgef.o
       100          4          0          0          0         92   dlef.o
       584         26          0          0          0         84   dmul.o
        20          6          0          0          0         68   dnan2.o
        84          4          0          0          0         60   f2d.o
       348          8          0          0          0        160   faddsub.o
        48          0          0          0          0        136   fcmp.o
       100          4          0          0          0         68   fcmpin.o
        76          0          0          0          0         68   ffixi.o
        94          0          0          0          0         92   fflti.o
        84          4          0          0          0         76   fgef.o
        84          4          0          0          0         76   flef.o
       176          4          0          0          0         80   fmul.o
        16          6          0          0          0         68   fnan2.o
        94          0          0          0          0         68   retnan.o
         0          0          0          0          0          0   usenofp.o

    ----------------------------------------------------------------------
      5288        164        128          0         96       2968   Library Totals
        18          4          0          0          0          0   (incl. Padding)

    ----------------------------------------------------------------------

      Code (inc. data)   RO Data    RW Data    ZI Data      Debug   Library Name

       620         16          0          0         96        648   c_p.l
      4650        144        128          0          0       2320   fz_ps.l

    ----------------------------------------------------------------------
      5288        164        128          0         96       2968   Library Totals

    ----------------------------------------------------------------------

==============================================================================


      Code (inc. data)   RO Data    RW Data    ZI Data      Debug   

     22520       1470       2600         32       3024     173316   Grand Totals
     22520       1470       2600         32       3024     173316   ELF Image Totals
     22520       1470       2600         32          0          0   ROM Totals

==============================================================================

    Total RO  Size (Code + RO Data)                25120 (  24.53kB)
    Total RW  Size (RW Data + ZI Data)              3056 (   2.98kB)
    Total ROM Size (Code + RO Data + RW Data)      25152 (  24.56kB)

==============================================================================

